[    0.000000] Linux version 6.1.41-1-MANJARO (builduser@fv-az193-389) (gcc (GCC) 13.1.1 20230714, GNU ld (GNU Binutils) 2.40.0) #1 SMP PREEMPT_DYNAMIC Tue Jul 25 09:17:30 UTC 2023
[    0.000000] Command line: BOOT_IMAGE=/boot/vmlinuz-6.1-x86_64 root=UUID=35f92074-9c31-464e-b7d5-e75abd70ee8d rw splash resume=UUID=c0e7051a-efdd-4e71-8f6c-e35b57ff86ac
[    0.000000] x86/fpu: Supporting XSAVE feature 0x001: 'x87 floating point registers'
[    0.000000] x86/fpu: Supporting XSAVE feature 0x002: 'SSE registers'
[    0.000000] x86/fpu: Supporting XSAVE feature 0x004: 'AVX registers'
[    0.000000] x86/fpu: Supporting XSAVE feature 0x020: 'AVX-512 opmask'
[    0.000000] x86/fpu: Supporting XSAVE feature 0x040: 'AVX-512 Hi256'
[    0.000000] x86/fpu: Supporting XSAVE feature 0x080: 'AVX-512 ZMM_Hi256'
[    0.000000] x86/fpu: Supporting XSAVE feature 0x200: 'Protection Keys User registers'
[    0.000000] x86/fpu: xstate_offset[2]:  576, xstate_sizes[2]:  256
[    0.000000] x86/fpu: xstate_offset[5]:  832, xstate_sizes[5]:   64
[    0.000000] x86/fpu: xstate_offset[6]:  896, xstate_sizes[6]:  512
[    0.000000] x86/fpu: xstate_offset[7]: 1408, xstate_sizes[7]: 1024
[    0.000000] x86/fpu: xstate_offset[9]: 2432, xstate_sizes[9]:    8
[    0.000000] x86/fpu: Enabled xstate features 0x2e7, context size is 2440 bytes, using 'compacted' format.
[    0.000000] signal: max sigframe size: 3376
[    0.000000] BIOS-provided physical RAM map:
[    0.000000] BIOS-e820: [mem 0x0000000000000000-0x000000000009ffff] usable
[    0.000000] BIOS-e820: [mem 0x00000000000a0000-0x00000000000fffff] reserved
[    0.000000] BIOS-e820: [mem 0x0000000000100000-0x0000000009afefff] usable
[    0.000000] BIOS-e820: [mem 0x0000000009aff000-0x0000000009ffffff] reserved
[    0.000000] BIOS-e820: [mem 0x000000000a000000-0x000000000a1fffff] usable
[    0.000000] BIOS-e820: [mem 0x000000000a200000-0x000000000a20ffff] ACPI NVS
[    0.000000] BIOS-e820: [mem 0x000000000a210000-0x000000000affffff] usable
[    0.000000] BIOS-e820: [mem 0x000000000b000000-0x000000000b020fff] reserved
[    0.000000] BIOS-e820: [mem 0x000000000b021000-0x000000006d67efff] usable
[    0.000000] BIOS-e820: [mem 0x000000006d67f000-0x000000007367efff] reserved
[    0.000000] BIOS-e820: [mem 0x000000007367f000-0x000000007567efff] ACPI data
[    0.000000] BIOS-e820: [mem 0x000000007567f000-0x000000007767efff] ACPI NVS
[    0.000000] BIOS-e820: [mem 0x000000007767f000-0x000000007967efff] reserved
[    0.000000] BIOS-e820: [mem 0x000000007967f000-0x00000000797fefff] type 20
[    0.000000] BIOS-e820: [mem 0x00000000797ff000-0x000000007bffafff] usable
[    0.000000] BIOS-e820: [mem 0x000000007bffb000-0x000000007cffffff] reserved
[    0.000000] BIOS-e820: [mem 0x000000007d7f3000-0x000000007fffffff] reserved
[    0.000000] BIOS-e820: [mem 0x00000000f0000000-0x00000000f7ffffff] reserved
[    0.000000] BIOS-e820: [mem 0x00000000fd000000-0x00000000ffffffff] reserved
[    0.000000] BIOS-e820: [mem 0x0000000100000000-0x0000002057ffffff] usable
[    0.000000] BIOS-e820: [mem 0x0000002058000000-0x0000002077ffffff] reserved
[    0.000000] BIOS-e820: [mem 0x000000207eec0000-0x00000020a01fffff] reserved
[    0.000000] BIOS-e820: [mem 0x000000fd00000000-0x000000ffffffffff] reserved
[    0.000000] NX (Execute Disable) protection: active
[    0.000000] efi: EFI v2.80 by American Megatrends
[    0.000000] efi: ACPI=0x77666000 ACPI 2.0=0x77666014 TPMFinalLog=0x77633000 SMBIOS=0x794d8000 SMBIOS 3.0=0x794d7000 MEMATTR=0x68731018 ESRT=0x69962c98 
[    0.000000] SMBIOS 3.4.0 present.
[    0.000000] DMI: ASRock X670E Taichi/X670E Taichi, BIOS 1.21 04/26/2023
[    0.000000] tsc: Fast TSC calibration using PIT
[    0.000000] tsc: Detected 4500.435 MHz processor
[    0.000118] e820: update [mem 0x00000000-0x00000fff] usable ==> reserved
[    0.000120] e820: remove [mem 0x000a0000-0x000fffff] usable
[    0.000123] last_pfn = 0x2058000 max_arch_pfn = 0x400000000
[    0.000568] x86/PAT: Configuration [0-7]: WB  WC  UC- UC  WB  WP  UC- WT  
[    0.000769] last_pfn = 0x7bffb max_arch_pfn = 0x400000000
[    0.003005] esrt: Reserving ESRT space from 0x0000000069962c98 to 0x0000000069962d20.
[    0.003009] e820: update [mem 0x69962000-0x69962fff] usable ==> reserved
[    0.003020] Using GB pages for direct mapping
[    0.003195] Secure boot disabled
[    0.003195] RAMDISK: [mem 0x36335000-0x37191fff]
[    0.003198] ACPI: Early table checksum verification disabled
[    0.003201] ACPI: RSDP 0x0000000077666014 000024 (v02 ALASKA)
[    0.003203] ACPI: XSDT 0x0000000077665728 000104 (v01 ALASKA A M I    00000001 AMI  01000013)
[    0.003207] ACPI: FACP 0x0000000075675000 000114 (v06 ALASKA A M I    00000001 AMI  00010013)
[    0.003209] ACPI: DSDT 0x00000000755FF000 02FA56 (v02 ALASKA A M I    00000001 INTL 20120913)
[    0.003211] ACPI: FACS 0x0000000077663000 000040
[    0.003212] ACPI: SSDT 0x0000000075677000 007B85 (v02 AMD    Splinter 00000002 MSFT 05000000)
[    0.003213] ACPI: SSDT 0x0000000075676000 0003F1 (v02 ALASKA CPUSSDT  00000001 AMI  00000001)
[    0.003214] ACPI: FIDT 0x000000007566D000 00009C (v01 ALASKA A M I    00000001 AMI  00010013)
[    0.003215] ACPI: MCFG 0x000000007566C000 00003C (v01 ALASKA A M I    00000001 MSFT 00010013)
[    0.003216] ACPI: HPET 0x000000007566B000 000038 (v01 ALASKA A M I    00000001 AMI  00000005)
[    0.003217] ACPI: VFCT 0x0000000075655000 015EA0 (v01 ALASKA A M I    00000001 AMD  31504F47)
[    0.003219] ACPI: BGRT 0x0000000075654000 000038 (v01 ALASKA A M I    00000001 AMI  00010013)
[    0.003220] ACPI: TPM2 0x0000000075653000 00004C (v04 ALASKA A M I    00000001 AMI  00000000)
[    0.003221] ACPI: SSDT 0x0000000075649000 009BAE (v02 AMD    AmdTable 00000001 AMD  00000001)
[    0.003222] ACPI: CRAT 0x0000000075647000 001D28 (v01 AMD    AmdTable 00000001 AMD  00000001)
[    0.003223] ACPI: CDIT 0x0000000075646000 000029 (v01 AMD    AmdTable 00000001 AMD  00000001)
[    0.003224] ACPI: SSDT 0x0000000075645000 0008E9 (v01 AMD    CPMTBASL 00000001 INTL 20120913)
[    0.003225] ACPI: SSDT 0x0000000075644000 000E0D (v02 AMD    CPMDFIG2 00000001 INTL 20120913)
[    0.003226] ACPI: SSDT 0x0000000075641000 00250B (v02 AMD    CDFAAIG2 00000001 INTL 20120913)
[    0.003227] ACPI: SSDT 0x0000000075640000 000450 (v02 AMD    CPMDFDG2 00000001 INTL 20120913)
[    0.003228] ACPI: SSDT 0x0000000075637000 008868 (v02 AMD    CPMCMN   00000001 INTL 20120913)
[    0.003229] ACPI: SSDT 0x0000000075634000 002295 (v02 AMD    AOD      00000001 INTL 20120913)
[    0.003230] ACPI: WSMT 0x0000000075633000 000028 (v01 ALASKA A M I    00000001 AMI  00010013)
[    0.003231] ACPI: APIC 0x0000000075632000 00015E (v05 ALASKA A M I    00000001 AMI  00010013)
[    0.003232] ACPI: SSDT 0x0000000075631000 00013D (v02 AMD    EXTGPP00 00000001 INTL 20120913)
[    0.003233] ACPI: SSDT 0x0000000075630000 0000A7 (v02 AMD    GPIO     00000001 INTL 20120913)
[    0.003234] ACPI: SSDT 0x000000007562F000 000242 (v02 AMD    USB      00000001 INTL 20120913)
[    0.003235] ACPI: SSDT 0x0000000075674000 0000BC (v02 AMD    MEMTOOL0 00000002 INTL 20120913)
[    0.003236] ACPI: SSDT 0x0000000075673000 000042 (v02 AMD    AMDWOV   00000001 INTL 20120913)
[    0.003237] ACPI: SSDT 0x0000000075672000 000085 (v02 AMD    AmdTable 00000001 INTL 20120913)
[    0.003238] ACPI: SSDT 0x0000000075671000 0000B3 (v02 AMD    AmdTable 00000001 INTL 20120913)
[    0.003239] ACPI: FPDT 0x0000000075670000 000044 (v01 ALASKA A M I    01072009 AMI  01000013)
[    0.003240] ACPI: Reserving FACP table memory at [mem 0x75675000-0x75675113]
[    0.003241] ACPI: Reserving DSDT table memory at [mem 0x755ff000-0x7562ea55]
[    0.003241] ACPI: Reserving FACS table memory at [mem 0x77663000-0x7766303f]
[    0.003241] ACPI: Reserving SSDT table memory at [mem 0x75677000-0x7567eb84]
[    0.003242] ACPI: Reserving SSDT table memory at [mem 0x75676000-0x756763f0]
[    0.003242] ACPI: Reserving FIDT table memory at [mem 0x7566d000-0x7566d09b]
[    0.003242] ACPI: Reserving MCFG table memory at [mem 0x7566c000-0x7566c03b]
[    0.003242] ACPI: Reserving HPET table memory at [mem 0x7566b000-0x7566b037]
[    0.003243] ACPI: Reserving VFCT table memory at [mem 0x75655000-0x7566ae9f]
[    0.003243] ACPI: Reserving BGRT table memory at [mem 0x75654000-0x75654037]
[    0.003243] ACPI: Reserving TPM2 table memory at [mem 0x75653000-0x7565304b]
[    0.003244] ACPI: Reserving SSDT table memory at [mem 0x75649000-0x75652bad]
[    0.003244] ACPI: Reserving CRAT table memory at [mem 0x75647000-0x75648d27]
[    0.003244] ACPI: Reserving CDIT table memory at [mem 0x75646000-0x75646028]
[    0.003244] ACPI: Reserving SSDT table memory at [mem 0x75645000-0x756458e8]
[    0.003245] ACPI: Reserving SSDT table memory at [mem 0x75644000-0x75644e0c]
[    0.003245] ACPI: Reserving SSDT table memory at [mem 0x75641000-0x7564350a]
[    0.003245] ACPI: Reserving SSDT table memory at [mem 0x75640000-0x7564044f]
[    0.003246] ACPI: Reserving SSDT table memory at [mem 0x75637000-0x7563f867]
[    0.003246] ACPI: Reserving SSDT table memory at [mem 0x75634000-0x75636294]
[    0.003246] ACPI: Reserving WSMT table memory at [mem 0x75633000-0x75633027]
[    0.003247] ACPI: Reserving APIC table memory at [mem 0x75632000-0x7563215d]
[    0.003247] ACPI: Reserving SSDT table memory at [mem 0x75631000-0x7563113c]
[    0.003247] ACPI: Reserving SSDT table memory at [mem 0x75630000-0x756300a6]
[    0.003247] ACPI: Reserving SSDT table memory at [mem 0x7562f000-0x7562f241]
[    0.003248] ACPI: Reserving SSDT table memory at [mem 0x75674000-0x756740bb]
[    0.003248] ACPI: Reserving SSDT table memory at [mem 0x75673000-0x75673041]
[    0.003248] ACPI: Reserving SSDT table memory at [mem 0x75672000-0x75672084]
[    0.003249] ACPI: Reserving SSDT table memory at [mem 0x75671000-0x756710b2]
[    0.003249] ACPI: Reserving FPDT table memory at [mem 0x75670000-0x75670043]
[    0.003292] No NUMA configuration found
[    0.003292] Faking a node at [mem 0x0000000000000000-0x0000002057ffffff]
[    0.003294] NODE_DATA(0) allocated [mem 0x2057ffb000-0x2057ffffff]
[    0.003364] Zone ranges:
[    0.003364]   DMA      [mem 0x0000000000001000-0x0000000000ffffff]
[    0.003365]   DMA32    [mem 0x0000000001000000-0x00000000ffffffff]
[    0.003366]   Normal   [mem 0x0000000100000000-0x0000002057ffffff]
[    0.003366]   Device   empty
[    0.003367] Movable zone start for each node
[    0.003367] Early memory node ranges
[    0.003367]   node   0: [mem 0x0000000000001000-0x000000000009ffff]
[    0.003368]   node   0: [mem 0x0000000000100000-0x0000000009afefff]
[    0.003368]   node   0: [mem 0x000000000a000000-0x000000000a1fffff]
[    0.003368]   node   0: [mem 0x000000000a210000-0x000000000affffff]
[    0.003369]   node   0: [mem 0x000000000b021000-0x000000006d67efff]
[    0.003369]   node   0: [mem 0x00000000797ff000-0x000000007bffafff]
[    0.003369]   node   0: [mem 0x0000000100000000-0x0000002057ffffff]
[    0.003375] Initmem setup node 0 [mem 0x0000000000001000-0x0000002057ffffff]
[    0.003378] On node 0, zone DMA: 1 pages in unavailable ranges
[    0.003387] On node 0, zone DMA: 96 pages in unavailable ranges
[    0.003453] On node 0, zone DMA32: 1281 pages in unavailable ranges
[    0.003460] On node 0, zone DMA32: 16 pages in unavailable ranges
[    0.004111] On node 0, zone DMA32: 33 pages in unavailable ranges
[    0.004184] On node 0, zone DMA32: 16768 pages in unavailable ranges
[    0.092118] On node 0, zone Normal: 16389 pages in unavailable ranges
[    0.093043] ACPI: PM-Timer IO Port: 0x808
[    0.093050] ACPI: LAPIC_NMI (acpi_id[0xff] high edge lint[0x1])
[    0.093060] IOAPIC[0]: apic_id 32, version 33, address 0xfec00000, GSI 0-23
[    0.093064] IOAPIC[1]: apic_id 33, version 33, address 0xfec01000, GSI 24-55
[    0.093065] ACPI: INT_SRC_OVR (bus 0 bus_irq 0 global_irq 2 dfl dfl)
[    0.093066] ACPI: INT_SRC_OVR (bus 0 bus_irq 9 global_irq 9 low level)
[    0.093068] ACPI: Using ACPI (MADT) for SMP configuration information
[    0.093068] ACPI: HPET id: 0x10228201 base: 0xfed00000
[    0.093075] e820: update [mem 0x68531000-0x68571fff] usable ==> reserved
[    0.093082] smpboot: Allowing 32 CPUs, 0 hotplug CPUs
[    0.093094] PM: hibernation: Registered nosave memory: [mem 0x00000000-0x00000fff]
[    0.093095] PM: hibernation: Registered nosave memory: [mem 0x000a0000-0x000fffff]
[    0.093096] PM: hibernation: Registered nosave memory: [mem 0x09aff000-0x09ffffff]
[    0.093097] PM: hibernation: Registered nosave memory: [mem 0x0a200000-0x0a20ffff]
[    0.093097] PM: hibernation: Registered nosave memory: [mem 0x0b000000-0x0b020fff]
[    0.093098] PM: hibernation: Registered nosave memory: [mem 0x68531000-0x68571fff]
[    0.093099] PM: hibernation: Registered nosave memory: [mem 0x69962000-0x69962fff]
[    0.093099] PM: hibernation: Registered nosave memory: [mem 0x6d67f000-0x7367efff]
[    0.093100] PM: hibernation: Registered nosave memory: [mem 0x7367f000-0x7567efff]
[    0.093100] PM: hibernation: Registered nosave memory: [mem 0x7567f000-0x7767efff]
[    0.093100] PM: hibernation: Registered nosave memory: [mem 0x7767f000-0x7967efff]
[    0.093100] PM: hibernation: Registered nosave memory: [mem 0x7967f000-0x797fefff]
[    0.093101] PM: hibernation: Registered nosave memory: [mem 0x7bffb000-0x7cffffff]
[    0.093101] PM: hibernation: Registered nosave memory: [mem 0x7d000000-0x7d7f2fff]
[    0.093101] PM: hibernation: Registered nosave memory: [mem 0x7d7f3000-0x7fffffff]
[    0.093102] PM: hibernation: Registered nosave memory: [mem 0x80000000-0xefffffff]
[    0.093102] PM: hibernation: Registered nosave memory: [mem 0xf0000000-0xf7ffffff]
[    0.093102] PM: hibernation: Registered nosave memory: [mem 0xf8000000-0xfcffffff]
[    0.093102] PM: hibernation: Registered nosave memory: [mem 0xfd000000-0xffffffff]
[    0.093104] [mem 0x80000000-0xefffffff] available for PCI devices
[    0.093104] Booting paravirtualized kernel on bare hardware
[    0.093106] clocksource: refined-jiffies: mask: 0xffffffff max_cycles: 0xffffffff, max_idle_ns: 6370452778343963 ns
[    0.095502] setup_percpu: NR_CPUS:320 nr_cpumask_bits:32 nr_cpu_ids:32 nr_node_ids:1
[    0.096021] percpu: Embedded 63 pages/cpu s221184 r8192 d28672 u262144
[    0.096025] pcpu-alloc: s221184 r8192 d28672 u262144 alloc=1*2097152
[    0.096026] pcpu-alloc: [0] 00 01 02 03 04 05 06 07 [0] 08 09 10 11 12 13 14 15 
[    0.096029] pcpu-alloc: [0] 16 17 18 19 20 21 22 23 [0] 24 25 26 27 28 29 30 31 
[    0.096044] Fallback order for Node 0: 0 
[    0.096047] Built 1 zonelists, mobility grouping on.  Total pages: 32802403
[    0.096047] Policy zone: Normal
[    0.096048] Kernel command line: BOOT_IMAGE=/boot/vmlinuz-6.1-x86_64 root=UUID=35f92074-9c31-464e-b7d5-e75abd70ee8d rw splash resume=UUID=c0e7051a-efdd-4e71-8f6c-e35b57ff86ac
[    0.096080] Unknown kernel command line parameters "splash BOOT_IMAGE=/boot/vmlinuz-6.1-x86_64", will be passed to user space.
[    0.096279] random: crng init done
[    0.096279] printk: log_buf_len individual max cpu contribution: 4096 bytes
[    0.096280] printk: log_buf_len total cpu_extra contributions: 126976 bytes
[    0.096280] printk: log_buf_len min size: 131072 bytes
[    0.096356] printk: log_buf_len: 262144 bytes
[    0.096356] printk: early log buf free: 116896(89%)
[    0.097530] Dentry cache hash table entries: 8388608 (order: 14, 67108864 bytes, linear)
[    0.098119] Inode-cache hash table entries: 4194304 (order: 13, 33554432 bytes, linear)
[    0.098265] mem auto-init: stack:all(zero), heap alloc:on, heap free:off
[    0.098269] software IO TLB: area num 32.
[    0.209281] Memory: 130856536K/133292960K available (16391K kernel code, 2158K rwdata, 11144K rodata, 2152K init, 5304K bss, 2436164K reserved, 0K cma-reserved)
[    0.209346] SLUB: HWalign=64, Order=0-3, MinObjects=0, CPUs=32, Nodes=1
[    0.209353] ftrace: allocating 46660 entries in 183 pages
[    0.215656] ftrace: allocated 183 pages with 6 groups
[    0.215705] Dynamic Preempt: full
[    0.215736] rcu: Preemptible hierarchical RCU implementation.
[    0.215736] rcu: 	RCU restricting CPUs from NR_CPUS=320 to nr_cpu_ids=32.
[    0.215737] rcu: 	RCU priority boosting: priority 1 delay 500 ms.
[    0.215738] 	Trampoline variant of Tasks RCU enabled.
[    0.215738] 	Rude variant of Tasks RCU enabled.
[    0.215738] 	Tracing variant of Tasks RCU enabled.
[    0.215738] rcu: RCU calculated value of scheduler-enlistment delay is 30 jiffies.
[    0.215739] rcu: Adjusting geometry for rcu_fanout_leaf=16, nr_cpu_ids=32
[    0.217620] NR_IRQS: 20736, nr_irqs: 1224, preallocated irqs: 16
[    0.217777] rcu: srcu_init: Setting srcu_struct sizes based on contention.
[    0.217910] kfence: initialized - using 2097152 bytes for 255 objects at 0x(____ptrval____)-0x(____ptrval____)
[    0.217928] Console: colour dummy device 80x25
[    0.217936] printk: console [tty0] enabled
[    0.217950] ACPI: Core revision 20220331
[    0.218098] clocksource: hpet: mask: 0xffffffff max_cycles: 0xffffffff, max_idle_ns: 133484873504 ns
[    0.218111] APIC: Switch to symmetric I/O mode setup
[    0.218228] x2apic: IRQ remapping doesn't support X2APIC mode
[    0.218323] Switched APIC routing to physical flat.
[    0.218902] ..TIMER: vector=0x30 apic1=0 pin1=2 apic2=-1 pin2=-1
[    0.234781] clocksource: tsc-early: mask: 0xffffffffffffffff max_cycles: 0x40df02a70e6, max_idle_ns: 440795226064 ns
[    0.234783] Calibrating delay loop (skipped), value calculated using timer frequency.. 9004.90 BogoMIPS (lpj=15001450)
[    0.234784] pid_max: default: 32768 minimum: 301
[    0.235871] LSM: Security Framework initializing
[    0.235875] landlock: Up and running.
[    0.235875] Yama: becoming mindful.
[    0.235879] LSM support for eBPF active
[    0.235932] Mount-cache hash table entries: 131072 (order: 8, 1048576 bytes, linear)
[    0.235980] Mountpoint-cache hash table entries: 131072 (order: 8, 1048576 bytes, linear)
[    0.236090] x86/cpu: User Mode Instruction Prevention (UMIP) activated
[    0.236126] LVT offset 1 assigned for vector 0xf9
[    0.236248] LVT offset 2 assigned for vector 0xf4
[    0.236284] process: using mwait in idle threads
[    0.236285] Last level iTLB entries: 4KB 512, 2MB 512, 4MB 256
[    0.236286] Last level dTLB entries: 4KB 3072, 2MB 3072, 4MB 1536, 1GB 0
[    0.236289] Spectre V1 : Mitigation: usercopy/swapgs barriers and __user pointer sanitization
[    0.236291] Spectre V2 : Mitigation: Retpolines
[    0.236291] Spectre V2 : Spectre v2 / SpectreRSB mitigation: Filling RSB on context switch
[    0.236292] Spectre V2 : Spectre v2 / SpectreRSB : Filling RSB on VMEXIT
[    0.236292] Spectre V2 : Enabling Restricted Speculation for firmware calls
[    0.236293] Spectre V2 : mitigation: Enabling conditional Indirect Branch Prediction Barrier
[    0.236294] Spectre V2 : User space: Mitigation: STIBP always-on protection
[    0.236295] Speculative Store Bypass: Mitigation: Speculative Store Bypass disabled via prctl
[    0.244992] Freeing SMP alternatives memory: 40K
[    0.351818] smpboot: CPU0: AMD Ryzen 9 7950X 16-Core Processor (family: 0x19, model: 0x61, stepping: 0x2)
[    0.351872] cblist_init_generic: Setting adjustable number of callback queues.
[    0.351874] cblist_init_generic: Setting shift to 5 and lim to 1.
[    0.351879] cblist_init_generic: Setting shift to 5 and lim to 1.
[    0.351885] cblist_init_generic: Setting shift to 5 and lim to 1.
[    0.351889] Performance Events: Fam17h+ 16-deep LBR, core perfctr, AMD PMU driver.
[    0.351899] ... version:                2
[    0.351899] ... bit width:              48
[    0.351899] ... generic registers:      6
[    0.351900] ... value mask:             0000ffffffffffff
[    0.351900] ... max period:             00007fffffffffff
[    0.351900] ... fixed-purpose events:   0
[    0.351900] ... event mask:             000000000000003f
[    0.351935] rcu: Hierarchical SRCU implementation.
[    0.351935] rcu: 	Max phase no-delay instances is 1000.
[    0.352125] NMI watchdog: Enabled. Permanently consumes one hw-PMU counter.
[    0.352221] smp: Bringing up secondary CPUs ...
[    0.352256] x86: Booting SMP configuration:
[    0.352257] .... node  #0, CPUs:        #1  #2  #3  #4  #5  #6  #7  #8  #9 #10 #11 #12 #13 #14 #15 #16
[    0.386967] Spectre V2 : Update user space SMT mitigation: STIBP always-on
[    0.386967]  #17 #18 #19 #20 #21 #22 #23 #24 #25 #26 #27 #28 #29 #30 #31
[    0.420175] smp: Brought up 1 node, 32 CPUs
[    0.420175] smpboot: Max logical packages: 1
[    0.420175] smpboot: Total of 32 processors activated (288143.00 BogoMIPS)
[    0.422174] devtmpfs: initialized
[    0.422174] x86/mm: Memory block size: 2048MB
[    0.422174] ACPI: PM: Registering ACPI NVS region [mem 0x0a200000-0x0a20ffff] (65536 bytes)
[    0.422174] ACPI: PM: Registering ACPI NVS region [mem 0x7567f000-0x7767efff] (33554432 bytes)
[    0.422174] clocksource: jiffies: mask: 0xffffffff max_cycles: 0xffffffff, max_idle_ns: 6370867519511994 ns
[    0.422174] futex hash table entries: 8192 (order: 7, 524288 bytes, linear)
[    0.422174] pinctrl core: initialized pinctrl subsystem
[    0.422174] PM: RTC time: 07:43:48, date: 2023-07-28
[    0.422174] NET: Registered PF_NETLINK/PF_ROUTE protocol family
[    0.422174] DMA: preallocated 4096 KiB GFP_KERNEL pool for atomic allocations
[    0.422174] DMA: preallocated 4096 KiB GFP_KERNEL|GFP_DMA pool for atomic allocations
[    0.422189] DMA: preallocated 4096 KiB GFP_KERNEL|GFP_DMA32 pool for atomic allocations
[    0.422196] audit: initializing netlink subsys (disabled)
[    0.422201] audit: type=2000 audit(1690530228.203:1): state=initialized audit_enabled=0 res=1
[    0.422201] thermal_sys: Registered thermal governor 'fair_share'
[    0.422201] thermal_sys: Registered thermal governor 'bang_bang'
[    0.422201] thermal_sys: Registered thermal governor 'step_wise'
[    0.422201] thermal_sys: Registered thermal governor 'user_space'
[    0.422201] thermal_sys: Registered thermal governor 'power_allocator'
[    0.422201] cpuidle: using governor ladder
[    0.422201] cpuidle: using governor menu
[    0.422201] acpiphp: ACPI Hot Plug PCI Controller Driver version: 0.5
[    0.422201] PCI: MMCONFIG for domain 0000 [bus 00-7f] at [mem 0xf0000000-0xf7ffffff] (base 0xf0000000)
[    0.422201] PCI: MMCONFIG at [mem 0xf0000000-0xf7ffffff] reserved in E820
[    0.422201] PCI: Using configuration type 1 for base access
[    0.422268] kprobes: kprobe jump-optimization is enabled. All kprobes are optimized if possible.
[    0.424818] HugeTLB: registered 1.00 GiB page size, pre-allocated 0 pages
[    0.424818] HugeTLB: 16380 KiB vmemmap can be freed for a 1.00 GiB page
[    0.424818] HugeTLB: registered 2.00 MiB page size, pre-allocated 0 pages
[    0.424818] HugeTLB: 28 KiB vmemmap can be freed for a 2.00 MiB page
[    0.424873] ACPI: Added _OSI(Module Device)
[    0.424873] ACPI: Added _OSI(Processor Device)
[    0.424873] ACPI: Added _OSI(3.0 _SCP Extensions)
[    0.424873] ACPI: Added _OSI(Processor Aggregator Device)
[    0.430302] ACPI BIOS Error (bug): Could not resolve symbol [\_SB.PCI0.LPC0.EC0], AE_NOT_FOUND (20220331/dswload2-162)
[    0.430307] fbcon: Taking over console
[    0.431454] ACPI Error: AE_NOT_FOUND, During name lookup/catalog (20220331/psobject-220)
[    0.431454] ACPI: Skipping parse of AML opcode: Scope (0x0010)
[    0.431455] ACPI BIOS Error (bug): Failure creating named object [\_SB.PCI0.GPP0._PRW], AE_ALREADY_EXISTS (20220331/dswload2-326)
[    0.431455] ACPI Error: AE_ALREADY_EXISTS, During name lookup/catalog (20220331/psobject-220)
[    0.431455] ACPI BIOS Error (bug): Failure creating named object [\_SB.PCI0.GPP2._PRW], AE_ALREADY_EXISTS (20220331/dswload2-326)
[    0.431455] ACPI Error: AE_ALREADY_EXISTS, During name lookup/catalog (20220331/psobject-220)
[    0.431455] ACPI BIOS Error (bug): Failure creating named object [\_GPE._L08], AE_ALREADY_EXISTS (20220331/dswload2-326)
[    0.431455] ACPI Error: AE_ALREADY_EXISTS, During name lookup/catalog (20220331/psobject-220)
[    0.431455] ACPI: Skipping parse of AML opcode: Method (0x0014)
[    0.431828] ACPI: 17 ACPI AML tables successfully acquired and loaded
[    0.432864] ACPI: [Firmware Bug]: BIOS _OSI(Linux) query ignored
[    0.447435] ACPI: Interpreter enabled
[    0.447435] ACPI: PM: (supports S0 S3 S4 S5)
[    0.447435] ACPI: Using IOAPIC for interrupt routing
[    0.447435] PCI: Using host bridge windows from ACPI; if necessary, use "pci=nocrs" and report a bug
[    0.447435] PCI: Ignoring E820 reservations for host bridge windows
[    0.447435] ACPI: Enabled 7 GPEs in block 00 to 1F
[    0.448257] ACPI: PM: Power Resource [M237]
[    0.448274] ACPI: PM: Power Resource [M237]
[    0.448294] ACPI: PM: Power Resource [M237]
[    0.448353] ACPI: PM: Power Resource [M332]
[    0.448435] ACPI: PM: Power Resource [PWRS]
[    0.448524] ACPI: PM: Power Resource [PWRS]
[    0.448606] ACPI: PM: Power Resource [PWRS]
[    0.448918] ACPI: PM: Power Resource [PWRS]
[    0.448989] ACPI: PM: Power Resource [PWRS]
[    0.449044] ACPI: PM: Power Resource [PWRS]
[    0.449104] ACPI: PM: Power Resource [PWRS]
[    0.449161] ACPI: PM: Power Resource [PWRS]
[    0.449220] ACPI: PM: Power Resource [PWRS]
[    0.449274] ACPI: PM: Power Resource [PWRS]
[    0.449333] ACPI: PM: Power Resource [PWRS]
[    0.449417] ACPI: PM: Power Resource [PWRS]
[    0.449500] ACPI: PM: Power Resource [PWRS]
[    0.449580] ACPI: PM: Power Resource [PWRS]
[    0.449663] ACPI: PM: Power Resource [PWRS]
[    0.449747] ACPI: PM: Power Resource [PWRS]
[    0.449828] ACPI: PM: Power Resource [PWRS]
[    0.449909] ACPI: PM: Power Resource [PWRS]
[    0.449989] ACPI: PM: Power Resource [PWRS]
[    0.450069] ACPI: PM: Power Resource [PWRS]
[    0.450151] ACPI: PM: Power Resource [PWRS]
[    0.450471] ACPI: PM: Power Resource [PWRS]
[    0.450541] ACPI: PM: Power Resource [PWRS]
[    0.450597] ACPI: PM: Power Resource [PWRS]
[    0.450659] ACPI: PM: Power Resource [PWRS]
[    0.450714] ACPI: PM: Power Resource [PWRS]
[    0.450774] ACPI: PM: Power Resource [PWRS]
[    0.450829] ACPI: PM: Power Resource [PWRS]
[    0.450889] ACPI: PM: Power Resource [PWRS]
[    0.451206] ACPI: PM: Power Resource [PWRS]
[    0.451276] ACPI: PM: Power Resource [PWRS]
[    0.451595] ACPI: PM: Power Resource [PWRS]
[    0.451666] ACPI: PM: Power Resource [PWRS]
[    0.451981] ACPI: PM: Power Resource [PWRS]
[    0.452051] ACPI: PM: Power Resource [PWRS]
[    0.452368] ACPI: PM: Power Resource [PWRS]
[    0.454785] ACPI: PM: Power Resource [PWRS]
[    0.454785] ACPI: PM: Power Resource [PWRS]
[    0.454785] ACPI: PM: Power Resource [PWRS]
[    0.454785] ACPI: PM: Power Resource [PWRS]
[    0.454785] ACPI: PM: Power Resource [PWRS]
[    0.454785] ACPI: PM: Power Resource [PWRS]
[    0.454785] ACPI: PM: Power Resource [PWRS]
[    0.454785] ACPI: PM: Power Resource [PWRS]
[    0.454785] ACPI: PM: Power Resource [PWRS]
[    0.454785] ACPI: PM: Power Resource [PWRS]
[    0.454785] ACPI: PM: Power Resource [PWRS]
[    0.454785] ACPI: PM: Power Resource [PWRS]
[    0.454785] ACPI: PM: Power Resource [PWRS]
[    0.454785] ACPI: PM: Power Resource [PWRS]
[    0.454785] ACPI: PM: Power Resource [PWRS]
[    0.454785] ACPI: PM: Power Resource [PWRS]
[    0.454785] ACPI: PM: Power Resource [PWRS]
[    0.454785] ACPI: PM: Power Resource [PWRS]
[    0.454785] ACPI: PM: Power Resource [PWRS]
[    0.454785] ACPI: PM: Power Resource [PWRS]
[    0.455422] ACPI: PM: Power Resource [PWRS]
[    0.455504] ACPI: PM: Power Resource [PWRS]
[    0.458116] ACPI: PCI Root Bridge [PCI0] (domain 0000 [bus 00-ff])
[    0.458116] acpi PNP0A08:00: _OSC: OS supports [ExtendedConfig ASPM ClockPM Segments MSI EDR HPX-Type3]
[    0.458116] acpi PNP0A08:00: _OSC: OS now controls [PCIeHotplug SHPCHotplug PME AER PCIeCapability LTR DPC]
[    0.458116] acpi PNP0A08:00: [Firmware Info]: MMCONFIG for domain 0000 [bus 00-7f] only partially covers this bridge
[    0.458116] PCI host bridge to bus 0000:00
[    0.458116] pci_bus 0000:00: root bus resource [io  0x0000-0x03af window]
[    0.458116] pci_bus 0000:00: root bus resource [io  0x03e0-0x0cf7 window]
[    0.458116] pci_bus 0000:00: root bus resource [io  0x03b0-0x03df window]
[    0.458116] pci_bus 0000:00: root bus resource [io  0x0d00-0xffff window]
[    0.458116] pci_bus 0000:00: root bus resource [mem 0x000a0000-0x000dffff window]
[    0.458116] pci_bus 0000:00: root bus resource [mem 0x80000000-0xefffffff window]
[    0.458116] pci_bus 0000:00: root bus resource [mem 0x2080000000-0xffffffffff window]
[    0.458116] pci_bus 0000:00: root bus resource [bus 00-ff]
[    0.458116] pci 0000:00:00.0: [1022:14d8] type 00 class 0x060000
[    0.458116] pci 0000:00:01.0: [1022:14da] type 00 class 0x060000
[    0.458116] pci 0000:00:01.1: [1022:14db] type 01 class 0x060400
[    0.458116] pci 0000:00:01.1: PME# supported from D0 D3hot D3cold
[    0.458116] pci 0000:00:01.2: [1022:14db] type 01 class 0x060400
[    0.458116] pci 0000:00:01.2: PME# supported from D0 D3hot D3cold
[    0.458116] pci 0000:00:02.0: [1022:14da] type 00 class 0x060000
[    0.458116] pci 0000:00:02.1: [1022:14db] type 01 class 0x060400
[    0.458116] pci 0000:00:02.1: enabling Extended Tags
[    0.458116] pci 0000:00:02.1: PME# supported from D0 D3hot D3cold
[    0.458116] pci 0000:00:02.2: [1022:14db] type 01 class 0x060400
[    0.458116] pci 0000:00:02.2: enabling Extended Tags
[    0.458116] pci 0000:00:02.2: PME# supported from D0 D3hot D3cold
[    0.458116] pci 0000:00:03.0: [1022:14da] type 00 class 0x060000
[    0.458143] pci 0000:00:04.0: [1022:14da] type 00 class 0x060000
[    0.458188] pci 0000:00:08.0: [1022:14da] type 00 class 0x060000
[    0.458225] pci 0000:00:08.1: [1022:14dd] type 01 class 0x060400
[    0.458239] pci 0000:00:08.1: enabling Extended Tags
[    0.458259] pci 0000:00:08.1: PME# supported from D0 D3hot D3cold
[    0.458310] pci 0000:00:08.3: [1022:14dd] type 01 class 0x060400
[    0.458324] pci 0000:00:08.3: enabling Extended Tags
[    0.458344] pci 0000:00:08.3: PME# supported from D0 D3hot D3cold
[    0.458401] pci 0000:00:14.0: [1022:790b] type 00 class 0x0c0500
[    0.458476] pci 0000:00:14.3: [1022:790e] type 00 class 0x060100
[    0.458557] pci 0000:00:18.0: [1022:14e0] type 00 class 0x060000
[    0.458576] pci 0000:00:18.1: [1022:14e1] type 00 class 0x060000
[    0.458594] pci 0000:00:18.2: [1022:14e2] type 00 class 0x060000
[    0.458610] pci 0000:00:18.3: [1022:14e3] type 00 class 0x060000
[    0.458626] pci 0000:00:18.4: [1022:14e4] type 00 class 0x060000
[    0.458642] pci 0000:00:18.5: [1022:14e5] type 00 class 0x060000
[    0.458658] pci 0000:00:18.6: [1022:14e6] type 00 class 0x060000
[    0.458675] pci 0000:00:18.7: [1022:14e7] type 00 class 0x060000
[    0.458737] pci 0000:01:00.0: [1002:1478] type 01 class 0x060400
[    0.458747] pci 0000:01:00.0: reg 0x10: [mem 0xef100000-0xef103fff]
[    0.458821] pci 0000:01:00.0: PME# supported from D0 D3hot D3cold
[    0.458935] pci 0000:00:01.1: PCI bridge to [bus 01-03]
[    0.458937] pci 0000:00:01.1:   bridge window [io  0xf000-0xffff]
[    0.458939] pci 0000:00:01.1:   bridge window [mem 0xeef00000-0xef1fffff]
[    0.458941] pci 0000:00:01.1:   bridge window [mem 0xf800000000-0xfc0fffffff 64bit pref]
[    0.458974] pci 0000:02:00.0: [1002:1479] type 01 class 0x060400
[    0.459054] pci 0000:02:00.0: PME# supported from D0 D3hot D3cold
[    0.461452] pci 0000:01:00.0: PCI bridge to [bus 02-03]
[    0.461452] pci 0000:01:00.0:   bridge window [io  0xf000-0xffff]
[    0.461452] pci 0000:01:00.0:   bridge window [mem 0xeef00000-0xef0fffff]
[    0.461452] pci 0000:01:00.0:   bridge window [mem 0xf800000000-0xfc0fffffff 64bit pref]
[    0.461452] pci 0000:03:00.0: [1002:73a5] type 00 class 0x030000
[    0.461452] pci 0000:03:00.0: reg 0x10: [mem 0xf800000000-0xfbffffffff 64bit pref]
[    0.461452] pci 0000:03:00.0: reg 0x18: [mem 0xfc00000000-0xfc0fffffff 64bit pref]
[    0.461452] pci 0000:03:00.0: reg 0x20: [io  0xf000-0xf0ff]
[    0.461452] pci 0000:03:00.0: reg 0x24: [mem 0xeef00000-0xeeffffff]
[    0.461452] pci 0000:03:00.0: reg 0x30: [mem 0xef000000-0xef01ffff pref]
[    0.461452] pci 0000:03:00.0: BAR 0: assigned to efifb
[    0.461452] pci 0000:03:00.0: PME# supported from D1 D2 D3hot D3cold
[    0.461452] pci 0000:03:00.1: [1002:ab28] type 00 class 0x040300
[    0.461452] pci 0000:03:00.1: reg 0x10: [mem 0xef020000-0xef023fff]
[    0.461452] pci 0000:03:00.1: PME# supported from D1 D2 D3hot D3cold
[    0.461459] pci 0000:02:00.0: PCI bridge to [bus 03]
[    0.461459] pci 0000:02:00.0:   bridge window [io  0xf000-0xffff]
[    0.461459] pci 0000:02:00.0:   bridge window [mem 0xeef00000-0xef0fffff]
[    0.461459] pci 0000:02:00.0:   bridge window [mem 0xf800000000-0xfc0fffffff 64bit pref]
[    0.461459] pci 0000:04:00.0: [8086:1136] type 01 class 0x060400
[    0.461459] pci 0000:04:00.0: supports D1 D2
[    0.461459] pci 0000:04:00.0: PME# supported from D0 D1 D2 D3hot D3cold
[    0.461459] pci 0000:00:01.2: PCI bridge to [bus 04-44]
[    0.461459] pci 0000:00:01.2:   bridge window [io  0xc000-0xdfff]
[    0.461459] pci 0000:00:01.2:   bridge window [mem 0xc0000000-0xee1fffff]
[    0.461459] pci 0000:00:01.2:   bridge window [mem 0xfc20000000-0xfc69ffffff 64bit pref]
[    0.461459] pci 0000:05:00.0: [8086:1136] type 01 class 0x060400
[    0.461459] pci 0000:05:00.0: supports D1 D2
[    0.461459] pci 0000:05:00.0: PME# supported from D0 D1 D2 D3hot D3cold
[    0.461459] pci 0000:05:01.0: [8086:1136] type 01 class 0x060400
[    0.461459] pci 0000:05:01.0: supports D1 D2
[    0.461459] pci 0000:05:01.0: PME# supported from D0 D1 D2 D3hot D3cold
[    0.461459] pci 0000:05:02.0: [8086:1136] type 01 class 0x060400
[    0.461459] pci 0000:05:02.0: supports D1 D2
[    0.461459] pci 0000:05:02.0: PME# supported from D0 D1 D2 D3hot D3cold
[    0.461459] pci 0000:05:03.0: [8086:1136] type 01 class 0x060400
[    0.461459] pci 0000:05:03.0: supports D1 D2
[    0.461459] pci 0000:05:03.0: PME# supported from D0 D1 D2 D3hot D3cold
[    0.461459] pci 0000:04:00.0: PCI bridge to [bus 05-09]
[    0.461459] pci 0000:04:00.0:   bridge window [io  0x0000-0x0fff]
[    0.461459] pci 0000:04:00.0:   bridge window [mem 0x00000000-0x000fffff]
[    0.461459] pci 0000:04:00.0:   bridge window [mem 0x00000000-0x000fffff 64bit pref]
[    0.461459] pci 0000:06:00.0: [8086:1137] type 00 class 0x0c0340
[    0.461459] pci 0000:06:00.0: reg 0x10: [mem 0x00000000-0x0003ffff 64bit pref]
[    0.461459] pci 0000:06:00.0: reg 0x18: [mem 0x00000000-0x00000fff 64bit pref]
[    0.461459] pci 0000:06:00.0: supports D1 D2
[    0.461459] pci 0000:06:00.0: PME# supported from D0 D1 D2 D3hot D3cold
[    0.461459] pci 0000:05:00.0: PCI bridge to [bus 06]
[    0.461459] pci 0000:05:00.0:   bridge window [io  0x0000-0x0fff]
[    0.461459] pci 0000:05:00.0:   bridge window [mem 0x00000000-0x000fffff]
[    0.461459] pci 0000:05:00.0:   bridge window [mem 0x00000000-0x000fffff 64bit pref]
[    0.461459] pci 0000:05:01.0: PCI bridge to [bus 07]
[    0.461459] pci 0000:05:01.0:   bridge window [io  0x0000-0x0fff]
[    0.461459] pci 0000:05:01.0:   bridge window [mem 0x00000000-0x000fffff]
[    0.461459] pci 0000:05:01.0:   bridge window [mem 0x00000000-0x000fffff 64bit pref]
[    0.461459] pci 0000:08:00.0: [8086:1138] type 00 class 0x0c0330
[    0.461459] pci 0000:08:00.0: reg 0x10: [mem 0x00000000-0x0000ffff 64bit]
[    0.461459] pci 0000:08:00.0: PME# supported from D3hot D3cold
[    0.461459] pci 0000:05:02.0: PCI bridge to [bus 08]
[    0.461459] pci 0000:05:02.0:   bridge window [io  0x0000-0x0fff]
[    0.461459] pci 0000:05:02.0:   bridge window [mem 0x00000000-0x000fffff]
[    0.461459] pci 0000:05:02.0:   bridge window [mem 0x00000000-0x000fffff 64bit pref]
[    0.461459] pci 0000:05:03.0: PCI bridge to [bus 09]
[    0.461459] pci 0000:05:03.0:   bridge window [io  0x0000-0x0fff]
[    0.461459] pci 0000:05:03.0:   bridge window [mem 0x00000000-0x000fffff]
[    0.461459] pci 0000:05:03.0:   bridge window [mem 0x00000000-0x000fffff 64bit pref]
[    0.461543] pci 0000:45:00.0: [1022:43f4] type 01 class 0x060400
[    0.461571] pci 0000:45:00.0: enabling Extended Tags
[    0.461612] pci 0000:45:00.0: PME# supported from D0 D3hot D3cold
[    0.461745] pci 0000:00:02.1: PCI bridge to [bus 45-57]
[    0.461747] pci 0000:00:02.1:   bridge window [io  0x9000-0xbfff]
[    0.461748] pci 0000:00:02.1:   bridge window [mem 0xee300000-0xeeafffff]
[    0.461809] pci 0000:46:00.0: [1022:43f5] type 01 class 0x060400
[    0.461837] pci 0000:46:00.0: enabling Extended Tags
[    0.461879] pci 0000:46:00.0: PME# supported from D0 D3hot D3cold
[    0.461962] pci 0000:46:04.0: [1022:43f5] type 01 class 0x060400
[    0.461990] pci 0000:46:04.0: enabling Extended Tags
[    0.462031] pci 0000:46:04.0: PME# supported from D0 D3hot D3cold
[    0.462111] pci 0000:46:05.0: [1022:43f5] type 01 class 0x060400
[    0.462139] pci 0000:46:05.0: enabling Extended Tags
[    0.462179] pci 0000:46:05.0: PME# supported from D0 D3hot D3cold
[    0.462259] pci 0000:46:06.0: [1022:43f5] type 01 class 0x060400
[    0.462287] pci 0000:46:06.0: enabling Extended Tags
[    0.462328] pci 0000:46:06.0: PME# supported from D0 D3hot D3cold
[    0.462408] pci 0000:46:07.0: [1022:43f5] type 01 class 0x060400
[    0.462436] pci 0000:46:07.0: enabling Extended Tags
[    0.462477] pci 0000:46:07.0: PME# supported from D0 D3hot D3cold
[    0.462559] pci 0000:46:08.0: [1022:43f5] type 01 class 0x060400
[    0.462588] pci 0000:46:08.0: enabling Extended Tags
[    0.462630] pci 0000:46:08.0: PME# supported from D0 D3hot D3cold
[    0.462729] pci 0000:46:0c.0: [1022:43f5] type 01 class 0x060400
[    0.462757] pci 0000:46:0c.0: enabling Extended Tags
[    0.462785] pci 0000:46:0c.0: PME# supported from D0 D3hot D3cold
[    0.462841] pci 0000:46:0d.0: [1022:43f5] type 01 class 0x060400
[    0.462869] pci 0000:46:0d.0: enabling Extended Tags
[    0.462897] pci 0000:46:0d.0: PME# supported from D0 D3hot D3cold
[    0.462950] pci 0000:45:00.0: PCI bridge to [bus 46-57]
[    0.462953] pci 0000:45:00.0:   bridge window [io  0x9000-0xbfff]
[    0.462955] pci 0000:45:00.0:   bridge window [mem 0xee300000-0xeeafffff]
[    0.462978] pci 0000:46:00.0: PCI bridge to [bus 47]
[    0.463023] pci 0000:48:00.0: [1b21:0612] type 00 class 0x010601
[    0.463037] pci 0000:48:00.0: reg 0x10: [io  0xb050-0xb057]
[    0.463044] pci 0000:48:00.0: reg 0x14: [io  0xb040-0xb043]
[    0.463051] pci 0000:48:00.0: reg 0x18: [io  0xb030-0xb037]
[    0.463057] pci 0000:48:00.0: reg 0x1c: [io  0xb020-0xb023]
[    0.463064] pci 0000:48:00.0: reg 0x20: [io  0xb000-0xb01f]
[    0.463071] pci 0000:48:00.0: reg 0x24: [mem 0xeea00000-0xeea001ff]
[    0.463191] pci 0000:46:04.0: PCI bridge to [bus 48]
[    0.463194] pci 0000:46:04.0:   bridge window [io  0xb000-0xbfff]
[    0.463196] pci 0000:46:04.0:   bridge window [mem 0xeea00000-0xeeafffff]
[    0.463244] pci 0000:49:00.0: [8086:2725] type 00 class 0x028000
[    0.463267] pci 0000:49:00.0: reg 0x10: [mem 0xee900000-0xee903fff 64bit]
[    0.463390] pci 0000:49:00.0: PME# supported from D0 D3hot D3cold
[    0.463571] pci 0000:46:05.0: PCI bridge to [bus 49]
[    0.463575] pci 0000:46:05.0:   bridge window [mem 0xee900000-0xee9fffff]
[    0.463617] pci 0000:4a:00.0: [10ec:3000] type 00 class 0x020000
[    0.463634] pci 0000:4a:00.0: reg 0x10: [io  0xa000-0xa0ff]
[    0.463659] pci 0000:4a:00.0: reg 0x18: [mem 0xee800000-0xee80ffff 64bit]
[    0.463674] pci 0000:4a:00.0: reg 0x20: [mem 0xee810000-0xee813fff 64bit]
[    0.463782] pci 0000:4a:00.0: supports D1 D2
[    0.463782] pci 0000:4a:00.0: PME# supported from D0 D1 D2 D3hot D3cold
[    0.463978] pci 0000:46:06.0: PCI bridge to [bus 4a]
[    0.463980] pci 0000:46:06.0:   bridge window [io  0xa000-0xafff]
[    0.463982] pci 0000:46:06.0:   bridge window [mem 0xee800000-0xee8fffff]
[    0.464022] pci 0000:4b:00.0: [1b21:0612] type 00 class 0x010601
[    0.464037] pci 0000:4b:00.0: reg 0x10: [io  0x9050-0x9057]
[    0.464043] pci 0000:4b:00.0: reg 0x14: [io  0x9040-0x9043]
[    0.464050] pci 0000:4b:00.0: reg 0x18: [io  0x9030-0x9037]
[    0.464057] pci 0000:4b:00.0: reg 0x1c: [io  0x9020-0x9023]
[    0.464064] pci 0000:4b:00.0: reg 0x20: [io  0x9000-0x901f]
[    0.464070] pci 0000:4b:00.0: reg 0x24: [mem 0xee700000-0xee7001ff]
[    0.464190] pci 0000:46:07.0: PCI bridge to [bus 4b]
[    0.464193] pci 0000:46:07.0:   bridge window [io  0x9000-0x9fff]
[    0.464195] pci 0000:46:07.0:   bridge window [mem 0xee700000-0xee7fffff]
[    0.464231] pci 0000:4c:00.0: [1022:43f4] type 01 class 0x060400
[    0.464275] pci 0000:4c:00.0: enabling Extended Tags
[    0.464341] pci 0000:4c:00.0: PME# supported from D0 D3hot D3cold
[    0.464505] pci 0000:46:08.0: PCI bridge to [bus 4c-55]
[    0.464509] pci 0000:46:08.0:   bridge window [mem 0xee300000-0xee4fffff]
[    0.464590] pci 0000:4d:00.0: [1022:43f5] type 01 class 0x060400
[    0.464635] pci 0000:4d:00.0: enabling Extended Tags
[    0.464705] pci 0000:4d:00.0: PME# supported from D0 D3hot D3cold
[    0.464833] pci 0000:4d:04.0: [1022:43f5] type 01 class 0x060400
[    0.464878] pci 0000:4d:04.0: enabling Extended Tags
[    0.464948] pci 0000:4d:04.0: PME# supported from D0 D3hot D3cold
[    0.465073] pci 0000:4d:05.0: [1022:43f5] type 01 class 0x060400
[    0.465118] pci 0000:4d:05.0: enabling Extended Tags
[    0.465187] pci 0000:4d:05.0: PME# supported from D0 D3hot D3cold
[    0.465313] pci 0000:4d:06.0: [1022:43f5] type 01 class 0x060400
[    0.465358] pci 0000:4d:06.0: enabling Extended Tags
[    0.465427] pci 0000:4d:06.0: PME# supported from D0 D3hot D3cold
[    0.465554] pci 0000:4d:07.0: [1022:43f5] type 01 class 0x060400
[    0.465599] pci 0000:4d:07.0: enabling Extended Tags
[    0.465668] pci 0000:4d:07.0: PME# supported from D0 D3hot D3cold
[    0.465795] pci 0000:4d:08.0: [1022:43f5] type 01 class 0x060400
[    0.465841] pci 0000:4d:08.0: enabling Extended Tags
[    0.465910] pci 0000:4d:08.0: PME# supported from D0 D3hot D3cold
[    0.466041] pci 0000:4d:0c.0: [1022:43f5] type 01 class 0x060400
[    0.466085] pci 0000:4d:0c.0: enabling Extended Tags
[    0.466132] pci 0000:4d:0c.0: PME# supported from D0 D3hot D3cold
[    0.466202] pci 0000:4d:0d.0: [1022:43f5] type 01 class 0x060400
[    0.466247] pci 0000:4d:0d.0: enabling Extended Tags
[    0.466293] pci 0000:4d:0d.0: PME# supported from D0 D3hot D3cold
[    0.466371] pci 0000:4c:00.0: PCI bridge to [bus 4d-55]
[    0.466378] pci 0000:4c:00.0:   bridge window [mem 0xee300000-0xee4fffff]
[    0.466412] pci 0000:4d:00.0: PCI bridge to [bus 4e]
[    0.466453] pci 0000:4d:04.0: PCI bridge to [bus 4f]
[    0.466494] pci 0000:4d:05.0: PCI bridge to [bus 50]
[    0.466534] pci 0000:4d:06.0: PCI bridge to [bus 51]
[    0.466574] pci 0000:4d:07.0: PCI bridge to [bus 52]
[    0.466615] pci 0000:4d:08.0: PCI bridge to [bus 53]
[    0.466668] pci 0000:54:00.0: [1022:43f7] type 00 class 0x0c0330
[    0.466685] pci 0000:54:00.0: reg 0x10: [mem 0xee400000-0xee407fff 64bit]
[    0.466726] pci 0000:54:00.0: enabling Extended Tags
[    0.466776] pci 0000:54:00.0: PME# supported from D0 D3hot D3cold
[    0.466860] pci 0000:4d:0c.0: PCI bridge to [bus 54]
[    0.466865] pci 0000:4d:0c.0:   bridge window [mem 0xee400000-0xee4fffff]
[    0.466912] pci 0000:55:00.0: [1022:43f6] type 00 class 0x010601
[    0.466960] pci 0000:55:00.0: reg 0x24: [mem 0xee380000-0xee3803ff]
[    0.466967] pci 0000:55:00.0: reg 0x30: [mem 0xee300000-0xee37ffff pref]
[    0.466974] pci 0000:55:00.0: enabling Extended Tags
[    0.467015] pci 0000:55:00.0: PME# supported from D0 D3hot D3cold
[    0.467085] pci 0000:4d:0d.0: PCI bridge to [bus 55]
[    0.467089] pci 0000:4d:0d.0:   bridge window [mem 0xee300000-0xee3fffff]
[    0.467160] pci 0000:56:00.0: [1022:43f7] type 00 class 0x0c0330
[    0.467171] pci 0000:56:00.0: reg 0x10: [mem 0xee600000-0xee607fff 64bit]
[    0.467196] pci 0000:56:00.0: enabling Extended Tags
[    0.467227] pci 0000:56:00.0: PME# supported from D0 D3hot D3cold
[    0.467288] pci 0000:46:0c.0: PCI bridge to [bus 56]
[    0.467291] pci 0000:46:0c.0:   bridge window [mem 0xee600000-0xee6fffff]
[    0.467322] pci 0000:57:00.0: [1022:43f6] type 00 class 0x010601
[    0.467344] pci 0000:57:00.0: reg 0x24: [mem 0xee580000-0xee5803ff]
[    0.467348] pci 0000:57:00.0: reg 0x30: [mem 0xee500000-0xee57ffff pref]
[    0.467352] pci 0000:57:00.0: enabling Extended Tags
[    0.467377] pci 0000:57:00.0: PME# supported from D0 D3hot D3cold
[    0.467425] pci 0000:46:0d.0: PCI bridge to [bus 57]
[    0.467427] pci 0000:46:0d.0:   bridge window [mem 0xee500000-0xee5fffff]
[    0.467490] pci 0000:00:02.2: PCI bridge to [bus 58]
[    0.467538] pci 0000:59:00.0: [1002:164e] type 00 class 0x030000
[    0.467545] pci 0000:59:00.0: reg 0x10: [mem 0xfc70000000-0xfc7fffffff 64bit pref]
[    0.467550] pci 0000:59:00.0: reg 0x18: [mem 0xfc80000000-0xfc801fffff 64bit pref]
[    0.467553] pci 0000:59:00.0: reg 0x20: [io  0xe000-0xe0ff]
[    0.467556] pci 0000:59:00.0: reg 0x24: [mem 0xeee00000-0xeee7ffff]
[    0.467561] pci 0000:59:00.0: enabling Extended Tags
[    0.467589] pci 0000:59:00.0: PME# supported from D1 D2 D3hot D3cold
[    0.467640] pci 0000:59:00.1: [1002:1640] type 00 class 0x040300
[    0.467645] pci 0000:59:00.1: reg 0x10: [mem 0xeee88000-0xeee8bfff]
[    0.467658] pci 0000:59:00.1: enabling Extended Tags
[    0.467676] pci 0000:59:00.1: PME# supported from D1 D2 D3hot D3cold
[    0.467703] pci 0000:59:00.2: [1022:1649] type 00 class 0x108000
[    0.467711] pci 0000:59:00.2: reg 0x18: [mem 0xeed00000-0xeedfffff]
[    0.467717] pci 0000:59:00.2: reg 0x24: [mem 0xeee8c000-0xeee8dfff]
[    0.467721] pci 0000:59:00.2: enabling Extended Tags
[    0.467765] pci 0000:59:00.3: [1022:15b6] type 00 class 0x0c0330
[    0.467772] pci 0000:59:00.3: reg 0x10: [mem 0xeec00000-0xeecfffff 64bit]
[    0.467787] pci 0000:59:00.3: enabling Extended Tags
[    0.467806] pci 0000:59:00.3: PME# supported from D0 D3hot D3cold
[    0.467837] pci 0000:59:00.4: [1022:15b7] type 00 class 0x0c0330
[    0.467843] pci 0000:59:00.4: reg 0x10: [mem 0xeeb00000-0xeebfffff 64bit]
[    0.467859] pci 0000:59:00.4: enabling Extended Tags
[    0.467877] pci 0000:59:00.4: PME# supported from D0 D3hot D3cold
[    0.467905] pci 0000:59:00.6: [1022:15e3] type 00 class 0x040300
[    0.467910] pci 0000:59:00.6: reg 0x10: [mem 0xeee80000-0xeee87fff]
[    0.467923] pci 0000:59:00.6: enabling Extended Tags
[    0.467941] pci 0000:59:00.6: PME# supported from D0 D3hot D3cold
[    0.467977] pci 0000:00:08.1: PCI bridge to [bus 59]
[    0.467978] pci 0000:00:08.1:   bridge window [io  0xe000-0xefff]
[    0.467979] pci 0000:00:08.1:   bridge window [mem 0xeeb00000-0xeeefffff]
[    0.467981] pci 0000:00:08.1:   bridge window [mem 0xfc70000000-0xfc801fffff 64bit pref]
[    0.468000] pci 0000:5a:00.0: [1022:15b8] type 00 class 0x0c0330
[    0.468011] pci 0000:5a:00.0: reg 0x10: [mem 0xef200000-0xef2fffff 64bit]
[    0.468031] pci 0000:5a:00.0: enabling Extended Tags
[    0.468054] pci 0000:5a:00.0: PME# supported from D0 D3hot D3cold
[    0.468096] pci 0000:00:08.3: PCI bridge to [bus 5a]
[    0.468098] pci 0000:00:08.3:   bridge window [mem 0xef200000-0xef2fffff]
[    0.469783] ACPI: PCI: Interrupt link LNKA configured for IRQ 0
[    0.469805] ACPI: PCI: Interrupt link LNKB configured for IRQ 0
[    0.469823] ACPI: PCI: Interrupt link LNKC configured for IRQ 0
[    0.469847] ACPI: PCI: Interrupt link LNKD configured for IRQ 0
[    0.469867] ACPI: PCI: Interrupt link LNKE configured for IRQ 0
[    0.469884] ACPI: PCI: Interrupt link LNKF configured for IRQ 0
[    0.469900] ACPI: PCI: Interrupt link LNKG configured for IRQ 0
[    0.469917] ACPI: PCI: Interrupt link LNKH configured for IRQ 0
[    0.471481] iommu: Default domain type: Translated 
[    0.471481] iommu: DMA domain TLB invalidation policy: lazy mode 
[    0.471512] SCSI subsystem initialized
[    0.471515] libata version 3.00 loaded.
[    0.471515] ACPI: bus type USB registered
[    0.471515] usbcore: registered new interface driver usbfs
[    0.471515] usbcore: registered new interface driver hub
[    0.471515] usbcore: registered new device driver usb
[    0.471515] pps_core: LinuxPPS API ver. 1 registered
[    0.471515] pps_core: Software ver. 5.3.6 - Copyright 2005-2007 Rodolfo Giometti <giometti@linux.it>
[    0.471515] PTP clock support registered
[    0.471515] EDAC MC: Ver: 3.0.0
[    0.471614] Registered efivars operations
[    0.471614] NetLabel: Initializing
[    0.471614] NetLabel:  domain hash size = 128
[    0.471614] NetLabel:  protocols = UNLABELED CIPSOv4 CALIPSO
[    0.471614] NetLabel:  unlabeled traffic allowed by default
[    0.471614] mctp: management component transport protocol core
[    0.471614] NET: Registered PF_MCTP protocol family
[    0.471614] PCI: Using ACPI for IRQ routing
[    0.474966] PCI: pci_cache_line_size set to 64 bytes
[    0.474968] pci 0000:00:02.1: can't claim BAR 14 [mem 0xee300000-0xeeafffff]: address conflict with AMDIF031:00 [mem 0xee300000-0xee300fff]
[    0.474970] pci 0000:45:00.0: can't claim BAR 14 [mem 0xee300000-0xeeafffff]: no compatible bridge window
[    0.474971] pci 0000:46:04.0: can't claim BAR 14 [mem 0xeea00000-0xeeafffff]: no compatible bridge window
[    0.474971] pci 0000:46:05.0: can't claim BAR 14 [mem 0xee900000-0xee9fffff]: no compatible bridge window
[    0.474972] pci 0000:46:06.0: can't claim BAR 14 [mem 0xee800000-0xee8fffff]: no compatible bridge window
[    0.474972] pci 0000:46:07.0: can't claim BAR 14 [mem 0xee700000-0xee7fffff]: no compatible bridge window
[    0.474973] pci 0000:46:08.0: can't claim BAR 14 [mem 0xee300000-0xee4fffff]: no compatible bridge window
[    0.474973] pci 0000:4c:00.0: can't claim BAR 14 [mem 0xee300000-0xee4fffff]: no compatible bridge window
[    0.474973] pci 0000:4d:0c.0: can't claim BAR 14 [mem 0xee400000-0xee4fffff]: no compatible bridge window
[    0.474974] pci 0000:4d:0d.0: can't claim BAR 14 [mem 0xee300000-0xee3fffff]: no compatible bridge window
[    0.474974] pci 0000:46:0c.0: can't claim BAR 14 [mem 0xee600000-0xee6fffff]: no compatible bridge window
[    0.474975] pci 0000:46:0d.0: can't claim BAR 14 [mem 0xee500000-0xee5fffff]: no compatible bridge window
[    0.474996] pci 0000:4a:00.0: can't claim BAR 2 [mem 0xee800000-0xee80ffff 64bit]: no compatible bridge window
[    0.474997] pci 0000:4a:00.0: can't claim BAR 4 [mem 0xee810000-0xee813fff 64bit]: no compatible bridge window
[    0.475009] pci 0000:54:00.0: can't claim BAR 0 [mem 0xee400000-0xee407fff 64bit]: no compatible bridge window
[    0.475011] pci 0000:55:00.0: can't claim BAR 5 [mem 0xee380000-0xee3803ff]: no compatible bridge window
[    0.475013] pci 0000:56:00.0: can't claim BAR 0 [mem 0xee600000-0xee607fff 64bit]: no compatible bridge window
[    0.475043] pci 0000:48:00.0: can't claim BAR 5 [mem 0xeea00000-0xeea001ff]: no compatible bridge window
[    0.475046] pci 0000:49:00.0: can't claim BAR 0 [mem 0xee900000-0xee903fff 64bit]: no compatible bridge window
[    0.475050] pci 0000:4b:00.0: can't claim BAR 5 [mem 0xee700000-0xee7001ff]: no compatible bridge window
[    0.475065] pci 0000:57:00.0: can't claim BAR 5 [mem 0xee580000-0xee5803ff]: no compatible bridge window
[    0.475074] Expanded resource Reserved due to conflict with PCI Bus 0000:00
[    0.475075] e820: reserve RAM buffer [mem 0x09aff000-0x0bffffff]
[    0.475076] e820: reserve RAM buffer [mem 0x0a200000-0x0bffffff]
[    0.475076] e820: reserve RAM buffer [mem 0x0b000000-0x0bffffff]
[    0.475076] e820: reserve RAM buffer [mem 0x68531000-0x6bffffff]
[    0.475077] e820: reserve RAM buffer [mem 0x69962000-0x6bffffff]
[    0.475077] e820: reserve RAM buffer [mem 0x6d67f000-0x6fffffff]
[    0.475077] e820: reserve RAM buffer [mem 0x7bffb000-0x7bffffff]
[    0.475082] pci 0000:03:00.0: vgaarb: setting as boot VGA device
[    0.475082] pci 0000:03:00.0: vgaarb: bridge control possible
[    0.475082] pci 0000:03:00.0: vgaarb: VGA device added: decodes=io+mem,owns=none,locks=none
[    0.475082] pci 0000:59:00.0: vgaarb: bridge control possible
[    0.475082] pci 0000:59:00.0: vgaarb: VGA device added: decodes=io+mem,owns=none,locks=none
[    0.475082] vgaarb: loaded
[    0.475082] hpet0: at MMIO 0xfed00000, IRQs 2, 8, 0
[    0.475082] hpet0: 3 comparators, 32-bit 14.318180 MHz counter
[    0.476817] clocksource: Switched to clocksource tsc-early
[    0.476817] VFS: Disk quotas dquot_6.6.0
[    0.476817] VFS: Dquot-cache hash table entries: 512 (order 0, 4096 bytes)
[    0.476817] pnp: PnP ACPI init
[    0.476817] system 00:00: [mem 0xf0000000-0xf7ffffff] has been reserved
[    0.476817] system 00:01: [mem 0xfff80000-0xffffffff] has been reserved
[    0.476817] system 00:02: [mem 0x2058000000-0x2077ffffff window] has been reserved
[    0.476817] system 00:04: [io  0x0280-0x028f] has been reserved
[    0.476817] system 00:04: [io  0x0290-0x029f] has been reserved
[    0.476817] system 00:04: [io  0x02a0-0x02af] has been reserved
[    0.476817] system 00:04: [io  0x02b0-0x02bf] has been reserved
[    0.476817] system 00:05: [io  0x04d0-0x04d1] has been reserved
[    0.476817] system 00:05: [io  0x040b] has been reserved
[    0.476817] system 00:05: [io  0x04d6] has been reserved
[    0.476817] system 00:05: [io  0x0c00-0x0c01] has been reserved
[    0.476817] system 00:05: [io  0x0c14] has been reserved
[    0.476817] system 00:05: [io  0x0c50-0x0c51] has been reserved
[    0.476817] system 00:05: [io  0x0c52] has been reserved
[    0.476817] system 00:05: [io  0x0c6c] has been reserved
[    0.476817] system 00:05: [io  0x0c6f] has been reserved
[    0.476817] system 00:05: [io  0x0cd8-0x0cdf] has been reserved
[    0.476817] system 00:05: [io  0x0800-0x089f] has been reserved
[    0.476817] system 00:05: [io  0x0b00-0x0b0f] has been reserved
[    0.476817] system 00:05: [io  0x0b20-0x0b3f] has been reserved
[    0.476817] system 00:05: [io  0x0900-0x090f] has been reserved
[    0.476817] system 00:05: [io  0x0910-0x091f] has been reserved
[    0.476817] system 00:05: [mem 0xfec00000-0xfec00fff] could not be reserved
[    0.476817] system 00:05: [mem 0xfec01000-0xfec01fff] could not be reserved
[    0.476817] system 00:05: [mem 0xfedc0000-0xfedc0fff] has been reserved
[    0.476817] system 00:05: [mem 0xfee00000-0xfee00fff] has been reserved
[    0.476817] system 00:05: [mem 0xfed80000-0xfed8ffff] could not be reserved
[    0.476817] system 00:05: [mem 0xfec10000-0xfec10fff] has been reserved
[    0.476817] system 00:05: [mem 0xff000000-0xffffffff] could not be reserved
[    0.476817] pnp: PnP ACPI: found 6 devices
[    0.481468] clocksource: acpi_pm: mask: 0xffffff max_cycles: 0xffffff, max_idle_ns: 2085701024 ns
[    0.481492] NET: Registered PF_INET protocol family
[    0.481582] IP idents hash table entries: 262144 (order: 9, 2097152 bytes, linear)
[    0.482836] tcp_listen_portaddr_hash hash table entries: 65536 (order: 8, 1048576 bytes, linear)
[    0.482881] Table-perturb hash table entries: 65536 (order: 6, 262144 bytes, linear)
[    0.483051] TCP established hash table entries: 524288 (order: 10, 4194304 bytes, linear)
[    0.483270] TCP bind hash table entries: 65536 (order: 9, 2097152 bytes, linear)
[    0.483320] TCP: Hash tables configured (established 524288 bind 65536)
[    0.483435] MPTCP token hash table entries: 65536 (order: 8, 1572864 bytes, linear)
[    0.483536] UDP hash table entries: 65536 (order: 9, 2097152 bytes, linear)
[    0.483684] UDP-Lite hash table entries: 65536 (order: 9, 2097152 bytes, linear)
[    0.483783] NET: Registered PF_UNIX/PF_LOCAL protocol family
[    0.483786] NET: Registered PF_XDP protocol family
[    0.483789] pci 0000:55:00.0: can't claim BAR 6 [mem 0xee300000-0xee37ffff pref]: no compatible bridge window
[    0.483791] pci 0000:57:00.0: can't claim BAR 6 [mem 0xee500000-0xee57ffff pref]: no compatible bridge window
[    0.483792] pci 0000:05:01.0: bridge window [io  0x1000-0x0fff] to [bus 07] add_size 1000
[    0.483794] pci 0000:05:01.0: bridge window [mem 0x00100000-0x000fffff 64bit pref] to [bus 07] add_size 200000 add_align 100000
[    0.483794] pci 0000:05:01.0: bridge window [mem 0x00100000-0x000fffff] to [bus 07] add_size 200000 add_align 100000
[    0.483796] pci 0000:05:03.0: bridge window [io  0x1000-0x0fff] to [bus 09] add_size 1000
[    0.483796] pci 0000:05:03.0: bridge window [mem 0x00100000-0x000fffff 64bit pref] to [bus 09] add_size 200000 add_align 100000
[    0.483797] pci 0000:05:03.0: bridge window [mem 0x00100000-0x000fffff] to [bus 09] add_size 200000 add_align 100000
[    0.483798] pci 0000:04:00.0: bridge window [io  0x1000-0x0fff] to [bus 05-09] add_size 2000
[    0.483798] pci 0000:04:00.0: bridge window [mem 0x00100000-0x003fffff 64bit pref] to [bus 05-09] add_size 400000 add_align 100000
[    0.483799] pci 0000:04:00.0: bridge window [mem 0x00100000-0x003fffff] to [bus 05-09] add_size 400000 add_align 100000
[    0.483803] pci 0000:00:02.2: bridge window [io  0x1000-0x0fff] to [bus 58] add_size 1000
[    0.483804] pci 0000:00:02.2: bridge window [mem 0x00100000-0x000fffff 64bit pref] to [bus 58] add_size 200000 add_align 100000
[    0.483804] pci 0000:00:02.2: bridge window [mem 0x00100000-0x000fffff] to [bus 58] add_size 200000 add_align 100000
[    0.483809] pci 0000:00:02.1: BAR 14: assigned [mem 0x80000000-0x807fffff]
[    0.483810] pci 0000:00:02.2: BAR 14: assigned [mem 0x80800000-0x809fffff]
[    0.483811] pci 0000:00:02.2: BAR 15: assigned [mem 0x2080000000-0x20801fffff 64bit pref]
[    0.483812] pci 0000:00:02.2: BAR 13: assigned [io  0x1000-0x1fff]
[    0.483813] pci 0000:02:00.0: PCI bridge to [bus 03]
[    0.483814] pci 0000:02:00.0:   bridge window [io  0xf000-0xffff]
[    0.483817] pci 0000:02:00.0:   bridge window [mem 0xeef00000-0xef0fffff]
[    0.483819] pci 0000:02:00.0:   bridge window [mem 0xf800000000-0xfc0fffffff 64bit pref]
[    0.483822] pci 0000:01:00.0: PCI bridge to [bus 02-03]
[    0.483823] pci 0000:01:00.0:   bridge window [io  0xf000-0xffff]
[    0.483826] pci 0000:01:00.0:   bridge window [mem 0xeef00000-0xef0fffff]
[    0.483828] pci 0000:01:00.0:   bridge window [mem 0xf800000000-0xfc0fffffff 64bit pref]
[    0.483831] pci 0000:00:01.1: PCI bridge to [bus 01-03]
[    0.483832] pci 0000:00:01.1:   bridge window [io  0xf000-0xffff]
[    0.483834] pci 0000:00:01.1:   bridge window [mem 0xeef00000-0xef1fffff]
[    0.483835] pci 0000:00:01.1:   bridge window [mem 0xf800000000-0xfc0fffffff 64bit pref]
[    0.483844] pci 0000:04:00.0: BAR 14: assigned [mem 0xc0000000-0xee1fffff]
[    0.483845] pci 0000:04:00.0: BAR 15: assigned [mem 0xfc20000000-0xfc69ffffff 64bit pref]
[    0.483845] pci 0000:04:00.0: BAR 13: assigned [io  0xc000-0xdfff]
[    0.483846] pci 0000:05:00.0: BAR 15: assigned [mem 0xfc20000000-0xfc200fffff 64bit pref]
[    0.483847] pci 0000:05:01.0: BAR 14: assigned [mem 0xc0000000-0xd6ffffff]
[    0.483848] pci 0000:05:01.0: BAR 15: assigned [mem 0xfc20100000-0xfc44ffffff 64bit pref]
[    0.483848] pci 0000:05:02.0: BAR 14: assigned [mem 0xd7000000-0xd70fffff]
[    0.483849] pci 0000:05:03.0: BAR 14: assigned [mem 0xd7100000-0xee0fffff]
[    0.483849] pci 0000:05:03.0: BAR 15: assigned [mem 0xfc45000000-0xfc69efffff 64bit pref]
[    0.483850] pci 0000:05:01.0: BAR 13: assigned [io  0xc000-0xcfff]
[    0.483850] pci 0000:05:03.0: BAR 13: assigned [io  0xd000-0xdfff]
[    0.483851] pci 0000:06:00.0: BAR 0: assigned [mem 0xfc20000000-0xfc2003ffff 64bit pref]
[    0.483863] pci 0000:06:00.0: BAR 2: assigned [mem 0xfc20040000-0xfc20040fff 64bit pref]
[    0.483871] pci 0000:05:00.0: PCI bridge to [bus 06]
[    0.483875] pci 0000:05:00.0:   bridge window [mem 0xfc20000000-0xfc200fffff 64bit pref]
[    0.483879] pci 0000:05:01.0: PCI bridge to [bus 07]
[    0.483880] pci 0000:05:01.0:   bridge window [io  0xc000-0xcfff]
[    0.483883] pci 0000:05:01.0:   bridge window [mem 0xc0000000-0xd6ffffff]
[    0.483885] pci 0000:05:01.0:   bridge window [mem 0xfc20100000-0xfc44ffffff 64bit pref]
[    0.483889] pci 0000:08:00.0: BAR 0: assigned [mem 0xd7000000-0xd700ffff 64bit]
[    0.483897] pci 0000:05:02.0: PCI bridge to [bus 08]
[    0.483900] pci 0000:05:02.0:   bridge window [mem 0xd7000000-0xd70fffff]
[    0.483905] pci 0000:05:03.0: PCI bridge to [bus 09]
[    0.483906] pci 0000:05:03.0:   bridge window [io  0xd000-0xdfff]
[    0.483908] pci 0000:05:03.0:   bridge window [mem 0xd7100000-0xee0fffff]
[    0.483910] pci 0000:05:03.0:   bridge window [mem 0xfc45000000-0xfc69efffff 64bit pref]
[    0.483914] pci 0000:04:00.0: PCI bridge to [bus 05-09]
[    0.483915] pci 0000:04:00.0:   bridge window [io  0xc000-0xdfff]
[    0.483918] pci 0000:04:00.0:   bridge window [mem 0xc0000000-0xee1fffff]
[    0.483919] pci 0000:04:00.0:   bridge window [mem 0xfc20000000-0xfc69ffffff 64bit pref]
[    0.483923] pci 0000:00:01.2: PCI bridge to [bus 04-44]
[    0.483923] pci 0000:00:01.2:   bridge window [io  0xc000-0xdfff]
[    0.483925] pci 0000:00:01.2:   bridge window [mem 0xc0000000-0xee1fffff]
[    0.483926] pci 0000:00:01.2:   bridge window [mem 0xfc20000000-0xfc69ffffff 64bit pref]
[    0.483935] pci 0000:45:00.0: BAR 14: assigned [mem 0x80000000-0x807fffff]
[    0.483936] pci 0000:46:04.0: BAR 14: assigned [mem 0x80000000-0x800fffff]
[    0.483936] pci 0000:46:05.0: BAR 14: assigned [mem 0x80100000-0x801fffff]
[    0.483937] pci 0000:46:06.0: BAR 14: assigned [mem 0x80200000-0x802fffff]
[    0.483937] pci 0000:46:07.0: BAR 14: assigned [mem 0x80300000-0x803fffff]
[    0.483938] pci 0000:46:08.0: BAR 14: assigned [mem 0x80400000-0x805fffff]
[    0.483938] pci 0000:46:0c.0: BAR 14: assigned [mem 0x80600000-0x806fffff]
[    0.483938] pci 0000:46:0d.0: BAR 14: assigned [mem 0x80700000-0x807fffff]
[    0.483939] pci 0000:46:00.0: PCI bridge to [bus 47]
[    0.483945] pci 0000:48:00.0: BAR 5: assigned [mem 0x80000000-0x800001ff]
[    0.483948] pci 0000:46:04.0: PCI bridge to [bus 48]
[    0.483949] pci 0000:46:04.0:   bridge window [io  0xb000-0xbfff]
[    0.483951] pci 0000:46:04.0:   bridge window [mem 0x80000000-0x800fffff]
[    0.483956] pci 0000:49:00.0: BAR 0: assigned [mem 0x80100000-0x80103fff 64bit]
[    0.483967] pci 0000:46:05.0: PCI bridge to [bus 49]
[    0.483969] pci 0000:46:05.0:   bridge window [mem 0x80100000-0x801fffff]
[    0.483974] pci 0000:4a:00.0: BAR 2: assigned [mem 0x80200000-0x8020ffff 64bit]
[    0.483984] pci 0000:4a:00.0: BAR 4: assigned [mem 0x80210000-0x80213fff 64bit]
[    0.483993] pci 0000:46:06.0: PCI bridge to [bus 4a]
[    0.483994] pci 0000:46:06.0:   bridge window [io  0xa000-0xafff]
[    0.483997] pci 0000:46:06.0:   bridge window [mem 0x80200000-0x802fffff]
[    0.484001] pci 0000:4b:00.0: BAR 5: assigned [mem 0x80300000-0x803001ff]
[    0.484004] pci 0000:46:07.0: PCI bridge to [bus 4b]
[    0.484005] pci 0000:46:07.0:   bridge window [io  0x9000-0x9fff]
[    0.484007] pci 0000:46:07.0:   bridge window [mem 0x80300000-0x803fffff]
[    0.484011] pci 0000:4c:00.0: BAR 14: assigned [mem 0x80400000-0x805fffff]
[    0.484012] pci 0000:4d:0c.0: BAR 14: assigned [mem 0x80400000-0x804fffff]
[    0.484013] pci 0000:4d:0d.0: BAR 14: assigned [mem 0x80500000-0x805fffff]
[    0.484013] pci 0000:4d:00.0: PCI bridge to [bus 4e]
[    0.484023] pci 0000:4d:04.0: PCI bridge to [bus 4f]
[    0.484032] pci 0000:4d:05.0: PCI bridge to [bus 50]
[    0.484041] pci 0000:4d:06.0: PCI bridge to [bus 51]
[    0.484051] pci 0000:4d:07.0: PCI bridge to [bus 52]
[    0.484060] pci 0000:4d:08.0: PCI bridge to [bus 53]
[    0.484069] pci 0000:54:00.0: BAR 0: assigned [mem 0x80400000-0x80407fff 64bit]
[    0.484077] pci 0000:4d:0c.0: PCI bridge to [bus 54]
[    0.484080] pci 0000:4d:0c.0:   bridge window [mem 0x80400000-0x804fffff]
[    0.484087] pci 0000:55:00.0: BAR 6: assigned [mem 0x80500000-0x8057ffff pref]
[    0.484087] pci 0000:55:00.0: BAR 5: assigned [mem 0x80580000-0x805803ff]
[    0.484090] pci 0000:4d:0d.0: PCI bridge to [bus 55]
[    0.484093] pci 0000:4d:0d.0:   bridge window [mem 0x80500000-0x805fffff]
[    0.484100] pci 0000:4c:00.0: PCI bridge to [bus 4d-55]
[    0.484103] pci 0000:4c:00.0:   bridge window [mem 0x80400000-0x805fffff]
[    0.484109] pci 0000:46:08.0: PCI bridge to [bus 4c-55]
[    0.484112] pci 0000:46:08.0:   bridge window [mem 0x80400000-0x805fffff]
[    0.484116] pci 0000:56:00.0: BAR 0: assigned [mem 0x80600000-0x80607fff 64bit]
[    0.484121] pci 0000:46:0c.0: PCI bridge to [bus 56]
[    0.484123] pci 0000:46:0c.0:   bridge window [mem 0x80600000-0x806fffff]
[    0.484127] pci 0000:57:00.0: BAR 6: assigned [mem 0x80700000-0x8077ffff pref]
[    0.484128] pci 0000:57:00.0: BAR 5: assigned [mem 0x80780000-0x807803ff]
[    0.484129] pci 0000:46:0d.0: PCI bridge to [bus 57]
[    0.484131] pci 0000:46:0d.0:   bridge window [mem 0x80700000-0x807fffff]
[    0.484136] pci 0000:45:00.0: PCI bridge to [bus 46-57]
[    0.484137] pci 0000:45:00.0:   bridge window [io  0x9000-0xbfff]
[    0.484139] pci 0000:45:00.0:   bridge window [mem 0x80000000-0x807fffff]
[    0.484143] pci 0000:00:02.1: PCI bridge to [bus 45-57]
[    0.484144] pci 0000:00:02.1:   bridge window [io  0x9000-0xbfff]
[    0.484146] pci 0000:00:02.1:   bridge window [mem 0x80000000-0x807fffff]
[    0.484155] pci 0000:00:02.2: PCI bridge to [bus 58]
[    0.484156] pci 0000:00:02.2:   bridge window [io  0x1000-0x1fff]
[    0.484157] pci 0000:00:02.2:   bridge window [mem 0x80800000-0x809fffff]
[    0.484159] pci 0000:00:02.2:   bridge window [mem 0x2080000000-0x20801fffff 64bit pref]
[    0.484167] pci 0000:00:08.1: PCI bridge to [bus 59]
[    0.484173] pci 0000:00:08.1:   bridge window [io  0xe000-0xefff]
[    0.484179] pci 0000:00:08.1:   bridge window [mem 0xeeb00000-0xeeefffff]
[    0.484181] pci 0000:00:08.1:   bridge window [mem 0xfc70000000-0xfc801fffff 64bit pref]
[    0.484183] pci 0000:00:08.3: PCI bridge to [bus 5a]
[    0.484184] pci 0000:00:08.3:   bridge window [mem 0xef200000-0xef2fffff]
[    0.484187] pci_bus 0000:00: resource 4 [io  0x0000-0x03af window]
[    0.484187] pci_bus 0000:00: resource 5 [io  0x03e0-0x0cf7 window]
[    0.484188] pci_bus 0000:00: resource 6 [io  0x03b0-0x03df window]
[    0.484188] pci_bus 0000:00: resource 7 [io  0x0d00-0xffff window]
[    0.484189] pci_bus 0000:00: resource 8 [mem 0x000a0000-0x000dffff window]
[    0.484197] pci_bus 0000:00: resource 9 [mem 0x80000000-0xefffffff window]
[    0.484197] pci_bus 0000:00: resource 10 [mem 0x2080000000-0xffffffffff window]
[    0.484198] pci_bus 0000:01: resource 0 [io  0xf000-0xffff]
[    0.484198] pci_bus 0000:01: resource 1 [mem 0xeef00000-0xef1fffff]
[    0.484199] pci_bus 0000:01: resource 2 [mem 0xf800000000-0xfc0fffffff 64bit pref]
[    0.484199] pci_bus 0000:02: resource 0 [io  0xf000-0xffff]
[    0.484200] pci_bus 0000:02: resource 1 [mem 0xeef00000-0xef0fffff]
[    0.484200] pci_bus 0000:02: resource 2 [mem 0xf800000000-0xfc0fffffff 64bit pref]
[    0.484201] pci_bus 0000:03: resource 0 [io  0xf000-0xffff]
[    0.484201] pci_bus 0000:03: resource 1 [mem 0xeef00000-0xef0fffff]
[    0.484202] pci_bus 0000:03: resource 2 [mem 0xf800000000-0xfc0fffffff 64bit pref]
[    0.484203] pci_bus 0000:04: resource 0 [io  0xc000-0xdfff]
[    0.484203] pci_bus 0000:04: resource 1 [mem 0xc0000000-0xee1fffff]
[    0.484203] pci_bus 0000:04: resource 2 [mem 0xfc20000000-0xfc69ffffff 64bit pref]
[    0.484204] pci_bus 0000:05: resource 0 [io  0xc000-0xdfff]
[    0.484204] pci_bus 0000:05: resource 1 [mem 0xc0000000-0xee1fffff]
[    0.484205] pci_bus 0000:05: resource 2 [mem 0xfc20000000-0xfc69ffffff 64bit pref]
[    0.484205] pci_bus 0000:06: resource 2 [mem 0xfc20000000-0xfc200fffff 64bit pref]
[    0.484206] pci_bus 0000:07: resource 0 [io  0xc000-0xcfff]
[    0.484206] pci_bus 0000:07: resource 1 [mem 0xc0000000-0xd6ffffff]
[    0.484207] pci_bus 0000:07: resource 2 [mem 0xfc20100000-0xfc44ffffff 64bit pref]
[    0.484207] pci_bus 0000:08: resource 1 [mem 0xd7000000-0xd70fffff]
[    0.484208] pci_bus 0000:09: resource 0 [io  0xd000-0xdfff]
[    0.484208] pci_bus 0000:09: resource 1 [mem 0xd7100000-0xee0fffff]
[    0.484209] pci_bus 0000:09: resource 2 [mem 0xfc45000000-0xfc69efffff 64bit pref]
[    0.484209] pci_bus 0000:45: resource 0 [io  0x9000-0xbfff]
[    0.484210] pci_bus 0000:45: resource 1 [mem 0x80000000-0x807fffff]
[    0.484210] pci_bus 0000:46: resource 0 [io  0x9000-0xbfff]
[    0.484211] pci_bus 0000:46: resource 1 [mem 0x80000000-0x807fffff]
[    0.484211] pci_bus 0000:48: resource 0 [io  0xb000-0xbfff]
[    0.484212] pci_bus 0000:48: resource 1 [mem 0x80000000-0x800fffff]
[    0.484212] pci_bus 0000:49: resource 1 [mem 0x80100000-0x801fffff]
[    0.484213] pci_bus 0000:4a: resource 0 [io  0xa000-0xafff]
[    0.484213] pci_bus 0000:4a: resource 1 [mem 0x80200000-0x802fffff]
[    0.484213] pci_bus 0000:4b: resource 0 [io  0x9000-0x9fff]
[    0.484214] pci_bus 0000:4b: resource 1 [mem 0x80300000-0x803fffff]
[    0.484214] pci_bus 0000:4c: resource 1 [mem 0x80400000-0x805fffff]
[    0.484215] pci_bus 0000:4d: resource 1 [mem 0x80400000-0x805fffff]
[    0.484215] pci_bus 0000:54: resource 1 [mem 0x80400000-0x804fffff]
[    0.484216] pci_bus 0000:55: resource 1 [mem 0x80500000-0x805fffff]
[    0.484216] pci_bus 0000:56: resource 1 [mem 0x80600000-0x806fffff]
[    0.484217] pci_bus 0000:57: resource 1 [mem 0x80700000-0x807fffff]
[    0.484217] pci_bus 0000:58: resource 0 [io  0x1000-0x1fff]
[    0.484217] pci_bus 0000:58: resource 1 [mem 0x80800000-0x809fffff]
[    0.484218] pci_bus 0000:58: resource 2 [mem 0x2080000000-0x20801fffff 64bit pref]
[    0.484219] pci_bus 0000:59: resource 0 [io  0xe000-0xefff]
[    0.484219] pci_bus 0000:59: resource 1 [mem 0xeeb00000-0xeeefffff]
[    0.484219] pci_bus 0000:59: resource 2 [mem 0xfc70000000-0xfc801fffff 64bit pref]
[    0.484220] pci_bus 0000:5a: resource 1 [mem 0xef200000-0xef2fffff]
[    0.484293] pci 0000:03:00.1: D0 power state depends on 0000:03:00.0
[    0.484345] pci 0000:04:00.0: enabling device (0000 -> 0003)
[    0.484369] pci 0000:05:02.0: enabling device (0000 -> 0002)
[    0.484384] pci 0000:08:00.0: enabling device (0000 -> 0002)
[    0.484560] pci 0000:59:00.1: D0 power state depends on 0000:59:00.0
[    0.484672] PCI: CLS 64 bytes, default 64
[    0.484675] PCI-DMA: Using software bounce buffering for IO (SWIOTLB)
[    0.484676] software IO TLB: mapped [mem 0x0000000062a8a000-0x0000000066a8a000] (64MB)
[    0.484686] LVT offset 0 assigned for vector 0x400
[    0.484701] Trying to unpack rootfs image as initramfs...
[    0.484810] perf: AMD IBS detected (0x00000bff)
[    0.486220] Initialise system trusted keyrings
[    0.486225] Key type blacklist registered
[    0.486241] workingset: timestamp_bits=41 max_order=25 bucket_order=0
[    0.486619] zbud: loaded
[    0.486697] integrity: Platform Keyring initialized
[    0.486698] integrity: Machine keyring initialized
[    0.488428] Key type asymmetric registered
[    0.488429] Asymmetric key parser 'x509' registered
[    0.573276] Freeing initrd memory: 14708K
[    0.574960] alg: self-tests for CTR-KDF (hmac(sha256)) passed
[    0.574976] Block layer SCSI generic (bsg) driver version 0.4 loaded (major 242)
[    0.575004] io scheduler mq-deadline registered
[    0.575005] io scheduler kyber registered
[    0.575020] io scheduler bfq registered
[    0.575580] amd_gpio AMDI0030:00: Invalid config param 0014
[    0.575696] pcieport 0000:00:01.1: PME: Signaling with IRQ 29
[    0.575761] pcieport 0000:00:01.2: PME: Signaling with IRQ 30
[    0.575771] pcieport 0000:00:01.2: pciehp: Slot #0 AttnBtn- PwrCtrl- MRL- AttnInd- PwrInd- HotPlug+ Surprise+ Interlock- NoCompl+ IbPresDis- LLActRep+
[    0.575857] pcieport 0000:00:02.1: PME: Signaling with IRQ 31
[    0.575918] pcieport 0000:00:02.2: PME: Signaling with IRQ 32
[    0.575925] pcieport 0000:00:02.2: pciehp: Slot #0 AttnBtn- PwrCtrl- MRL- AttnInd- PwrInd- HotPlug+ Surprise+ Interlock- NoCompl+ IbPresDis- LLActRep+
[    0.576003] pcieport 0000:00:08.1: PME: Signaling with IRQ 33
[    0.576049] pcieport 0000:00:08.3: PME: Signaling with IRQ 34
[    0.576337] pcieport 0000:05:00.0: enabling device (0000 -> 0002)
[    0.576430] pcieport 0000:05:01.0: enabling device (0000 -> 0003)
[    0.576474] pcieport 0000:05:01.0: pciehp: Slot #1 AttnBtn- PwrCtrl- MRL- AttnInd- PwrInd- HotPlug+ Surprise+ Interlock- NoCompl+ IbPresDis- LLActRep+
[    0.576628] pcieport 0000:05:03.0: enabling device (0000 -> 0003)
[    0.576676] pcieport 0000:05:03.0: pciehp: Slot #3 AttnBtn- PwrCtrl- MRL- AttnInd- PwrInd- HotPlug+ Surprise+ Interlock- NoCompl+ IbPresDis- LLActRep+
[    0.578171] shpchp: Standard Hot Plug PCI Controller Driver version: 0.4
[    0.578251] input: Power Button as /devices/LNXSYSTM:00/LNXSYBUS:00/PNP0C0C:00/input/input0
[    0.578258] ACPI: button: Power Button [PWRB]
[    0.578269] input: Power Button as /devices/LNXSYSTM:00/LNXPWRBN:00/input/input1
[    0.578285] ACPI: button: Power Button [PWRF]
[    0.578335] Estimated ratio of average max frequency by base frequency (times 1024): 1181
[    0.578342] Monitor-Mwait will be used to enter C-1 state
[    0.578344] ACPI: \_SB_.PLTF.C000: Found 3 idle states
[    0.578412] ACPI: \_SB_.PLTF.C002: Found 3 idle states
[    0.578453] ACPI: \_SB_.PLTF.C004: Found 3 idle states
[    0.578506] ACPI: \_SB_.PLTF.C006: Found 3 idle states
[    0.578561] ACPI: \_SB_.PLTF.C008: Found 3 idle states
[    0.578614] ACPI: \_SB_.PLTF.C00A: Found 3 idle states
[    0.578667] ACPI: \_SB_.PLTF.C00C: Found 3 idle states
[    0.578723] ACPI: \_SB_.PLTF.C00E: Found 3 idle states
[    0.578758] ACPI: \_SB_.PLTF.C010: Found 3 idle states
[    0.578813] ACPI: \_SB_.PLTF.C012: Found 3 idle states
[    0.578867] ACPI: \_SB_.PLTF.C014: Found 3 idle states
[    0.578923] ACPI: \_SB_.PLTF.C016: Found 3 idle states
[    0.578988] ACPI: \_SB_.PLTF.C018: Found 3 idle states
[    0.579044] ACPI: \_SB_.PLTF.C01A: Found 3 idle states
[    0.579102] ACPI: \_SB_.PLTF.C01C: Found 3 idle states
[    0.579157] ACPI: \_SB_.PLTF.C01E: Found 3 idle states
[    0.579200] ACPI: \_SB_.PLTF.C001: Found 3 idle states
[    0.579253] ACPI: \_SB_.PLTF.C003: Found 3 idle states
[    0.579283] ACPI: \_SB_.PLTF.C005: Found 3 idle states
[    0.579335] ACPI: \_SB_.PLTF.C007: Found 3 idle states
[    0.579382] ACPI: \_SB_.PLTF.C009: Found 3 idle states
[    0.579433] ACPI: \_SB_.PLTF.C00B: Found 3 idle states
[    0.579483] ACPI: \_SB_.PLTF.C00D: Found 3 idle states
[    0.579532] ACPI: \_SB_.PLTF.C00F: Found 3 idle states
[    0.579580] ACPI: \_SB_.PLTF.C011: Found 3 idle states
[    0.579633] ACPI: \_SB_.PLTF.C013: Found 3 idle states
[    0.579684] ACPI: \_SB_.PLTF.C015: Found 3 idle states
[    0.579735] ACPI: \_SB_.PLTF.C017: Found 3 idle states
[    0.579787] ACPI: \_SB_.PLTF.C019: Found 3 idle states
[    0.579834] ACPI: \_SB_.PLTF.C01B: Found 3 idle states
[    0.579885] ACPI: \_SB_.PLTF.C01D: Found 3 idle states
[    0.579936] ACPI: \_SB_.PLTF.C01F: Found 3 idle states
[    0.580068] Serial: 8250/16550 driver, 32 ports, IRQ sharing enabled
[    0.580622] Non-volatile memory driver v1.3
[    0.580623] Linux agpgart interface v0.103
[    0.660940] AMD-Vi: AMD IOMMUv2 functionality not available on this system - This is not a bug.
[    0.661262] ACPI: bus type drm_connector registered
[    0.662525] ahci 0000:48:00.0: version 3.0
[    0.662529] ahci 0000:48:00.0: enabling device (0000 -> 0003)
[    0.662590] ahci 0000:48:00.0: SSS flag set, parallel bus scan disabled
[    0.662621] ahci 0000:48:00.0: AHCI 0001.0200 32 slots 2 ports 6 Gbps 0x3 impl SATA mode
[    0.662623] ahci 0000:48:00.0: flags: 64bit ncq sntf stag led clo pmp pio slum part ccc 
[    0.662734] scsi host0: ahci
[    0.662784] scsi host1: ahci
[    0.662796] ata1: SATA max UDMA/133 abar m512@0x80000000 port 0x80000100 irq 66
[    0.662798] ata2: SATA max UDMA/133 abar m512@0x80000000 port 0x80000180 irq 66
[    0.662809] ahci 0000:4b:00.0: enabling device (0000 -> 0003)
[    0.662867] ahci 0000:4b:00.0: SSS flag set, parallel bus scan disabled
[    0.662897] ahci 0000:4b:00.0: AHCI 0001.0200 32 slots 2 ports 6 Gbps 0x3 impl SATA mode
[    0.662898] ahci 0000:4b:00.0: flags: 64bit ncq sntf stag led clo pmp pio slum part ccc 
[    0.662989] scsi host2: ahci
[    0.663023] scsi host3: ahci
[    0.663034] ata3: SATA max UDMA/133 abar m512@0x80300000 port 0x80300100 irq 67
[    0.663036] ata4: SATA max UDMA/133 abar m512@0x80300000 port 0x80300180 irq 67
[    0.663098] ahci 0000:55:00.0: SSS flag set, parallel bus scan disabled
[    0.663133] ahci 0000:55:00.0: AHCI 0001.0301 32 slots 6 ports 6 Gbps 0xf impl SATA mode
[    0.663134] ahci 0000:55:00.0: flags: 64bit ncq sntf stag pm led clo only pmp pio slum part sxs deso sadm sds apst 
[    0.663280] scsi host4: ahci
[    0.663317] scsi host5: ahci
[    0.663351] scsi host6: ahci
[    0.663383] scsi host7: ahci
[    0.663415] scsi host8: ahci
[    0.663449] scsi host9: ahci
[    0.663463] ata5: SATA max UDMA/133 abar m1024@0x80580000 port 0x80580100 irq 68
[    0.663465] ata6: SATA max UDMA/133 abar m1024@0x80580000 port 0x80580180 irq 68
[    0.663466] ata7: SATA max UDMA/133 abar m1024@0x80580000 port 0x80580200 irq 68
[    0.663467] ata8: SATA max UDMA/133 abar m1024@0x80580000 port 0x80580280 irq 68
[    0.663467] ata9: DUMMY
[    0.663468] ata10: DUMMY
[    0.663475] ahci 0000:57:00.0: enabling device (0000 -> 0002)
[    0.663517] ahci 0000:57:00.0: SSS flag set, parallel bus scan disabled
[    0.663541] ahci 0000:57:00.0: AHCI 0001.0301 32 slots 6 ports 6 Gbps 0xf impl SATA mode
[    0.663541] ahci 0000:57:00.0: flags: 64bit ncq sntf stag pm led clo only pmp pio slum part sxs deso sadm sds apst 
[    0.663685] scsi host10: ahci
[    0.663720] scsi host11: ahci
[    0.663754] scsi host12: ahci
[    0.663786] scsi host13: ahci
[    0.663822] scsi host14: ahci
[    0.663855] scsi host15: ahci
[    0.663869] ata11: SATA max UDMA/133 abar m1024@0x80780000 port 0x80780100 irq 69
[    0.663870] ata12: SATA max UDMA/133 abar m1024@0x80780000 port 0x80780180 irq 69
[    0.663871] ata13: SATA max UDMA/133 abar m1024@0x80780000 port 0x80780200 irq 69
[    0.663872] ata14: SATA max UDMA/133 abar m1024@0x80780000 port 0x80780280 irq 69
[    0.663872] ata15: DUMMY
[    0.663873] ata16: DUMMY
[    0.663909] usbcore: registered new interface driver usbserial_generic
[    0.663910] usbserial: USB Serial support registered for generic
[    0.663933] rtc_cmos 00:03: RTC can wake from S4
[    0.664075] rtc_cmos 00:03: registered as rtc0
[    0.664098] rtc_cmos 00:03: setting system clock to 2023-07-28T07:43:48 UTC (1690530228)
[    0.664112] rtc_cmos 00:03: alarms up to one month, y3k, 114 bytes nvram, hpet irqs
[    0.664337] ledtrig-cpu: registered to indicate activity on CPUs
[    0.664399] efifb: probing for efifb
[    0.664413] efifb: framebuffer at 0xf800000000, using 10816k, total 10816k
[    0.664414] efifb: mode is 2560x1080x32, linelength=10240, pages=1
[    0.664415] efifb: scrolling: redraw
[    0.664415] efifb: Truecolor: size=8:8:8:8, shift=24:16:8:0
[    0.664462] Console: switching to colour frame buffer device 320x67
[    0.665298] fb0: EFI VGA frame buffer device
[    0.665308] hid: raw HID events driver (C) Jiri Kosina
[    0.665350] drop_monitor: Initializing network drop monitor service
[    0.670689] Initializing XFRM netlink socket
[    0.670721] NET: Registered PF_INET6 protocol family
[    0.672147] Segment Routing with IPv6
[    0.672148] RPL Segment Routing with IPv6
[    0.672150] In-situ OAM (IOAM) with IPv6
[    0.672160] NET: Registered PF_PACKET protocol family
[    0.673091] microcode: CPU0: patch_level=0x0a601203
[    0.673094] microcode: CPU1: patch_level=0x0a601203
[    0.673096] microcode: CPU2: patch_level=0x0a601203
[    0.673098] microcode: CPU3: patch_level=0x0a601203
[    0.673101] microcode: CPU4: patch_level=0x0a601203
[    0.673104] microcode: CPU5: patch_level=0x0a601203
[    0.673112] microcode: CPU6: patch_level=0x0a601203
[    0.673115] microcode: CPU7: patch_level=0x0a601203
[    0.673119] microcode: CPU8: patch_level=0x0a601203
[    0.673123] microcode: CPU9: patch_level=0x0a601203
[    0.673126] microcode: CPU10: patch_level=0x0a601203
[    0.673130] microcode: CPU11: patch_level=0x0a601203
[    0.673133] microcode: CPU12: patch_level=0x0a601203
[    0.673137] microcode: CPU13: patch_level=0x0a601203
[    0.673140] microcode: CPU14: patch_level=0x0a601203
[    0.673144] microcode: CPU15: patch_level=0x0a601203
[    0.673146] microcode: CPU16: patch_level=0x0a601203
[    0.673149] microcode: CPU17: patch_level=0x0a601203
[    0.673151] microcode: CPU18: patch_level=0x0a601203
[    0.673153] microcode: CPU19: patch_level=0x0a601203
[    0.673155] microcode: CPU20: patch_level=0x0a601203
[    0.673157] microcode: CPU21: patch_level=0x0a601203
[    0.673159] microcode: CPU22: patch_level=0x0a601203
[    0.673161] microcode: CPU23: patch_level=0x0a601203
[    0.673164] microcode: CPU24: patch_level=0x0a601203
[    0.673167] microcode: CPU25: patch_level=0x0a601203
[    0.673170] microcode: CPU26: patch_level=0x0a601203
[    0.673173] microcode: CPU27: patch_level=0x0a601203
[    0.673176] microcode: CPU28: patch_level=0x0a601203
[    0.673179] microcode: CPU29: patch_level=0x0a601203
[    0.673181] microcode: CPU30: patch_level=0x0a601203
[    0.673184] microcode: CPU31: patch_level=0x0a601203
[    0.673185] microcode: Microcode Update Driver: v2.2.
[    0.673315] resctrl: L3 allocation detected
[    0.673315] resctrl: MB allocation detected
[    0.673316] resctrl: L3 monitoring detected
[    0.673318] IPI shorthand broadcast: enabled
[    0.673332] sched_clock: Marking stable (672994608, 315712)->(676630073, -3319753)
[    0.673711] registered taskstats version 1
[    0.673941] Loading compiled-in X.509 certificates
[    0.675297] Loaded X.509 cert 'Build time autogenerated kernel key: b6d62be01da2cde39ebfeed43aa93414cf8c360e'
[    0.677918] zswap: loaded using pool zstd/z3fold
[    0.678080] Key type .fscrypt registered
[    0.678081] Key type fscrypt-provisioning registered
[    0.678963] PM:   Magic number: 15:535:724
[    0.679454] RAS: Correctable Errors collector initialized.
[    0.977546] ata1: SATA link down (SStatus 0 SControl 300)
[    0.978396] ata11: SATA link down (SStatus 0 SControl 300)
[    0.980508] ata3: SATA link down (SStatus 0 SControl 300)
[    1.142710] ata5: SATA link up 6.0 Gbps (SStatus 133 SControl 300)
[    1.142777] ata5.00: ATA-9: PNY CS1311 240GB SSD, CS131122, max UDMA/133
[    1.142793] ata5.00: 468862128 sectors, multi 16: LBA48 NCQ (depth 32), AA
[    1.142875] ata5.00: configured for UDMA/133
[    1.295227] ata2: SATA link down (SStatus 0 SControl 300)
[    1.497217] tsc: Refined TSC clocksource calibration: 4500.209 MHz
[    1.497225] clocksource: tsc: mask: 0xffffffffffffffff max_cycles: 0x40de2dfd5d1, max_idle_ns: 440795362503 ns
[    1.497269] clocksource: Switched to clocksource tsc
[    1.605181] ata4: SATA link down (SStatus 0 SControl 300)
[    1.605433] scsi 4:0:0:0: Direct-Access     ATA      PNY CS1311 240GB 1122 PQ: 0 ANSI: 5
[    1.605679] sd 4:0:0:0: [sda] 468862128 512-byte logical blocks: (240 GB/224 GiB)
[    1.605688] sd 4:0:0:0: [sda] Write Protect is off
[    1.605690] sd 4:0:0:0: [sda] Mode Sense: 00 3a 00 00
[    1.605701] sd 4:0:0:0: [sda] Write cache: enabled, read cache: enabled, doesn't support DPO or FUA
[    1.605715] sd 4:0:0:0: [sda] Preferred minimum I/O size 512 bytes
[    1.617284]  sda: sda1
[    1.617335] sd 4:0:0:0: [sda] Attached SCSI disk
[    2.073917] ata6: SATA link up 3.0 Gbps (SStatus 123 SControl 300)
[    2.074966] ata6.00: ATA-8: WDC WD5002ABYS-02B1B0, 02.03B03, max UDMA/133
[    2.075083] ata6.00: 976773168 sectors, multi 0: LBA48 NCQ (depth 32), AA
[    2.076131] ata6.00: configured for UDMA/133
[    2.076282] scsi 5:0:0:0: Direct-Access     ATA      WDC WD5002ABYS-0 3B03 PQ: 0 ANSI: 5
[    2.076735] sd 5:0:0:0: [sdb] 976773168 512-byte logical blocks: (500 GB/466 GiB)
[    2.076748] sd 5:0:0:0: [sdb] Write Protect is off
[    2.076750] sd 5:0:0:0: [sdb] Mode Sense: 00 3a 00 00
[    2.076762] sd 5:0:0:0: [sdb] Write cache: enabled, read cache: enabled, doesn't support DPO or FUA
[    2.076776] sd 5:0:0:0: [sdb] Preferred minimum I/O size 512 bytes
[    2.119582]  sdb: sdb1
[    2.119690] sd 5:0:0:0: [sdb] Attached SCSI disk
[    2.547217] ata7: SATA link up 6.0 Gbps (SStatus 133 SControl 300)
[    2.547969] ata7.00: ATA-9: WDC WDS120G2G0A-00JH30, UE500000, max UDMA/133
[    2.547973] ata7.00: 234455040 sectors, multi 1: LBA48 NCQ (depth 32)
[    2.549189] ata7.00: Features: Dev-Sleep
[    2.553821] ata7.00: configured for UDMA/133
[    2.553942] scsi 6:0:0:0: Direct-Access     ATA      WDC WDS120G2G0A- 0000 PQ: 0 ANSI: 5
[    2.554283] sd 6:0:0:0: [sdc] 234455040 512-byte logical blocks: (120 GB/112 GiB)
[    2.554305] sd 6:0:0:0: [sdc] Write Protect is off
[    2.554308] sd 6:0:0:0: [sdc] Mode Sense: 00 3a 00 00
[    2.554325] sd 6:0:0:0: [sdc] Write cache: enabled, read cache: enabled, doesn't support DPO or FUA
[    2.554339] sd 6:0:0:0: [sdc] Preferred minimum I/O size 512 bytes
[    2.557410]  sdc: sdc1 sdc2 sdc3
[    2.557478] sd 6:0:0:0: [sdc] Attached SCSI disk
[    3.023917] ata8: SATA link up 3.0 Gbps (SStatus 123 SControl 300)
[    3.024898] ata8.00: ATA-8: WDC WD1002FBYS-02A6B0, 03.00C06, max UDMA/133
[    3.025015] ata8.00: 1953525168 sectors, multi 0: LBA48 NCQ (depth 32), AA
[    3.025962] ata8.00: configured for UDMA/133
[    3.026175] scsi 7:0:0:0: Direct-Access     ATA      WDC WD1002FBYS-0 0C06 PQ: 0 ANSI: 5
[    3.026580] sd 7:0:0:0: [sdd] 1953525168 512-byte logical blocks: (1.00 TB/932 GiB)
[    3.026586] sd 7:0:0:0: [sdd] Write Protect is off
[    3.026587] sd 7:0:0:0: [sdd] Mode Sense: 00 3a 00 00
[    3.026594] sd 7:0:0:0: [sdd] Write cache: enabled, read cache: enabled, doesn't support DPO or FUA
[    3.026604] sd 7:0:0:0: [sdd] Preferred minimum I/O size 512 bytes
[    3.032459]  sdd: sdd1
[    3.032502] sd 7:0:0:0: [sdd] Attached SCSI disk
[    3.340159] ata12: SATA link down (SStatus 0 SControl 300)
[    3.653710] ata13: SATA link down (SStatus 0 SControl 300)
[    3.966720] ata14: SATA link down (SStatus 0 SControl 300)
[    3.967324] Freeing unused decrypted memory: 2036K
[    3.967453] Freeing unused kernel image (initmem) memory: 2152K
[    3.990551] Write protecting the kernel read-only data: 30720k
[    3.990761] Freeing unused kernel image (text/rodata gap) memory: 2040K
[    3.990852] Freeing unused kernel image (rodata/data gap) memory: 1144K
[    4.008029] x86/mm: Checked W+X mappings: passed, no W+X pages found.
[    4.008032] rodata_test: all tests were successful
[    4.008036] Run /init as init process
[    4.008037]   with arguments:
[    4.008037]     /init
[    4.008038]     splash
[    4.008038]   with environment:
[    4.008039]     HOME=/
[    4.008039]     TERM=linux
[    4.008039]     BOOT_IMAGE=/boot/vmlinuz-6.1-x86_64
[    4.100838] xhci_hcd 0000:08:00.0: xHCI Host Controller
[    4.100845] xhci_hcd 0000:08:00.0: new USB bus registered, assigned bus number 1
[    4.101921] xhci_hcd 0000:08:00.0: hcc params 0x20007fc1 hci version 0x110 quirks 0x0000000200009810
[    4.102118] xhci_hcd 0000:08:00.0: xHCI Host Controller
[    4.102119] xhci_hcd 0000:08:00.0: new USB bus registered, assigned bus number 2
[    4.102120] xhci_hcd 0000:08:00.0: Host supports USB 3.1 Enhanced SuperSpeed
[    4.102147] usb usb1: New USB device found, idVendor=1d6b, idProduct=0002, bcdDevice= 6.01
[    4.102148] usb usb1: New USB device strings: Mfr=3, Product=2, SerialNumber=1
[    4.102149] usb usb1: Product: xHCI Host Controller
[    4.102150] usb usb1: Manufacturer: Linux 6.1.41-1-MANJARO xhci-hcd
[    4.102151] usb usb1: SerialNumber: 0000:08:00.0
[    4.102275] hub 1-0:1.0: USB hub found
[    4.102281] hub 1-0:1.0: 2 ports detected
[    4.102361] usb usb2: New USB device found, idVendor=1d6b, idProduct=0003, bcdDevice= 6.01
[    4.102362] usb usb2: New USB device strings: Mfr=3, Product=2, SerialNumber=1
[    4.102363] usb usb2: Product: xHCI Host Controller
[    4.102363] usb usb2: Manufacturer: Linux 6.1.41-1-MANJARO xhci-hcd
[    4.102364] usb usb2: SerialNumber: 0000:08:00.0
[    4.102403] hub 2-0:1.0: USB hub found
[    4.102408] hub 2-0:1.0: 2 ports detected
[    4.102550] xhci_hcd 0000:54:00.0: xHCI Host Controller
[    4.102553] xhci_hcd 0000:54:00.0: new USB bus registered, assigned bus number 3
[    4.158546] xhci_hcd 0000:54:00.0: hcc params 0x0200ef81 hci version 0x110 quirks 0x0000000000000410
[    4.158718] xhci_hcd 0000:54:00.0: xHCI Host Controller
[    4.158719] xhci_hcd 0000:54:00.0: new USB bus registered, assigned bus number 4
[    4.158720] xhci_hcd 0000:54:00.0: Host supports USB 3.1 Enhanced SuperSpeed
[    4.159493] usb usb3: New USB device found, idVendor=1d6b, idProduct=0002, bcdDevice= 6.01
[    4.159494] usb usb3: New USB device strings: Mfr=3, Product=2, SerialNumber=1
[    4.159494] usb usb3: Product: xHCI Host Controller
[    4.159495] usb usb3: Manufacturer: Linux 6.1.41-1-MANJARO xhci-hcd
[    4.159495] usb usb3: SerialNumber: 0000:54:00.0
[    4.159726] hub 3-0:1.0: USB hub found
[    4.159740] hub 3-0:1.0: 12 ports detected
[    4.159861] usb usb4: We don't know the algorithms for LPM for this host, disabling LPM.
[    4.159868] usb usb4: New USB device found, idVendor=1d6b, idProduct=0003, bcdDevice= 6.01
[    4.159868] usb usb4: New USB device strings: Mfr=3, Product=2, SerialNumber=1
[    4.159869] usb usb4: Product: xHCI Host Controller
[    4.159869] usb usb4: Manufacturer: Linux 6.1.41-1-MANJARO xhci-hcd
[    4.159869] usb usb4: SerialNumber: 0000:54:00.0
[    4.159910] hub 4-0:1.0: USB hub found
[    4.159922] hub 4-0:1.0: 6 ports detected
[    4.160023] xhci_hcd 0000:56:00.0: xHCI Host Controller
[    4.160024] xhci_hcd 0000:56:00.0: new USB bus registered, assigned bus number 5
[    4.216004] xhci_hcd 0000:56:00.0: hcc params 0x0200ef81 hci version 0x110 quirks 0x0000000000000410
[    4.216138] xhci_hcd 0000:56:00.0: xHCI Host Controller
[    4.216139] xhci_hcd 0000:56:00.0: new USB bus registered, assigned bus number 6
[    4.216139] xhci_hcd 0000:56:00.0: Host supports USB 3.2 Enhanced SuperSpeed
[    4.216951] usb usb5: New USB device found, idVendor=1d6b, idProduct=0002, bcdDevice= 6.01
[    4.216952] usb usb5: New USB device strings: Mfr=3, Product=2, SerialNumber=1
[    4.216952] usb usb5: Product: xHCI Host Controller
[    4.216953] usb usb5: Manufacturer: Linux 6.1.41-1-MANJARO xhci-hcd
[    4.216953] usb usb5: SerialNumber: 0000:56:00.0
[    4.217014] hub 5-0:1.0: USB hub found
[    4.217022] hub 5-0:1.0: 12 ports detected
[    4.219123] usb usb6: We don't know the algorithms for LPM for this host, disabling LPM.
[    4.219130] usb usb6: New USB device found, idVendor=1d6b, idProduct=0003, bcdDevice= 6.01
[    4.219131] usb usb6: New USB device strings: Mfr=3, Product=2, SerialNumber=1
[    4.219131] usb usb6: Product: xHCI Host Controller
[    4.219131] usb usb6: Manufacturer: Linux 6.1.41-1-MANJARO xhci-hcd
[    4.219132] usb usb6: SerialNumber: 0000:56:00.0
[    4.219319] hub 6-0:1.0: USB hub found
[    4.219323] hub 6-0:1.0: 5 ports detected
[    4.220269] xhci_hcd 0000:59:00.3: xHCI Host Controller
[    4.220270] xhci_hcd 0000:59:00.3: new USB bus registered, assigned bus number 7
[    4.220618] xhci_hcd 0000:59:00.3: hcc params 0x0120ffc5 hci version 0x120 quirks 0x0000000200000410
[    4.220711] xhci_hcd 0000:59:00.3: xHCI Host Controller
[    4.220711] xhci_hcd 0000:59:00.3: new USB bus registered, assigned bus number 8
[    4.220712] xhci_hcd 0000:59:00.3: Host supports USB 3.1 Enhanced SuperSpeed
[    4.220723] usb usb7: New USB device found, idVendor=1d6b, idProduct=0002, bcdDevice= 6.01
[    4.220724] usb usb7: New USB device strings: Mfr=3, Product=2, SerialNumber=1
[    4.220725] usb usb7: Product: xHCI Host Controller
[    4.220725] usb usb7: Manufacturer: Linux 6.1.41-1-MANJARO xhci-hcd
[    4.220725] usb usb7: SerialNumber: 0000:59:00.3
[    4.220768] hub 7-0:1.0: USB hub found
[    4.220771] hub 7-0:1.0: 2 ports detected
[    4.221180] usb usb8: We don't know the algorithms for LPM for this host, disabling LPM.
[    4.221186] usb usb8: New USB device found, idVendor=1d6b, idProduct=0003, bcdDevice= 6.01
[    4.221187] usb usb8: New USB device strings: Mfr=3, Product=2, SerialNumber=1
[    4.221187] usb usb8: Product: xHCI Host Controller
[    4.221188] usb usb8: Manufacturer: Linux 6.1.41-1-MANJARO xhci-hcd
[    4.221188] usb usb8: SerialNumber: 0000:59:00.3
[    4.221224] hub 8-0:1.0: USB hub found
[    4.221226] hub 8-0:1.0: 2 ports detected
[    4.221650] xhci_hcd 0000:59:00.4: xHCI Host Controller
[    4.221651] xhci_hcd 0000:59:00.4: new USB bus registered, assigned bus number 9
[    4.221990] xhci_hcd 0000:59:00.4: hcc params 0x0120ffc5 hci version 0x120 quirks 0x0000000200000410
[    4.222078] xhci_hcd 0000:59:00.4: xHCI Host Controller
[    4.222079] xhci_hcd 0000:59:00.4: new USB bus registered, assigned bus number 10
[    4.222079] xhci_hcd 0000:59:00.4: Host supports USB 3.1 Enhanced SuperSpeed
[    4.222091] usb usb9: New USB device found, idVendor=1d6b, idProduct=0002, bcdDevice= 6.01
[    4.222091] usb usb9: New USB device strings: Mfr=3, Product=2, SerialNumber=1
[    4.222092] usb usb9: Product: xHCI Host Controller
[    4.222092] usb usb9: Manufacturer: Linux 6.1.41-1-MANJARO xhci-hcd
[    4.222093] usb usb9: SerialNumber: 0000:59:00.4
[    4.222135] hub 9-0:1.0: USB hub found
[    4.222137] hub 9-0:1.0: 2 ports detected
[    4.222523] usb usb10: We don't know the algorithms for LPM for this host, disabling LPM.
[    4.222529] usb usb10: New USB device found, idVendor=1d6b, idProduct=0003, bcdDevice= 6.01
[    4.222530] usb usb10: New USB device strings: Mfr=3, Product=2, SerialNumber=1
[    4.222530] usb usb10: Product: xHCI Host Controller
[    4.222530] usb usb10: Manufacturer: Linux 6.1.41-1-MANJARO xhci-hcd
[    4.222531] usb usb10: SerialNumber: 0000:59:00.4
[    4.222567] hub 10-0:1.0: USB hub found
[    4.222569] hub 10-0:1.0: 2 ports detected
[    4.222965] xhci_hcd 0000:5a:00.0: xHCI Host Controller
[    4.222966] xhci_hcd 0000:5a:00.0: new USB bus registered, assigned bus number 11
[    4.224231] xhci_hcd 0000:5a:00.0: USB3 root hub has no ports
[    4.224233] xhci_hcd 0000:5a:00.0: hcc params 0x0110ffc5 hci version 0x120 quirks 0x0000000200000410
[    4.224325] xhci_hcd 0000:5a:00.0: xHCI Host Controller
[    4.224326] xhci_hcd 0000:5a:00.0: new USB bus registered, assigned bus number 12
[    4.224327] xhci_hcd 0000:5a:00.0: Host supports USB 3.0 SuperSpeed
[    4.224341] usb usb11: New USB device found, idVendor=1d6b, idProduct=0002, bcdDevice= 6.01
[    4.224342] usb usb11: New USB device strings: Mfr=3, Product=2, SerialNumber=1
[    4.224342] usb usb11: Product: xHCI Host Controller
[    4.224342] usb usb11: Manufacturer: Linux 6.1.41-1-MANJARO xhci-hcd
[    4.224343] usb usb11: SerialNumber: 0000:5a:00.0
[    4.224384] hub 11-0:1.0: USB hub found
[    4.224386] hub 11-0:1.0: 1 port detected
[    4.224592] usb usb12: We don't know the algorithms for LPM for this host, disabling LPM.
[    4.224598] usb usb12: New USB device found, idVendor=1d6b, idProduct=0003, bcdDevice= 6.01
[    4.224598] usb usb12: New USB device strings: Mfr=3, Product=2, SerialNumber=1
[    4.224599] usb usb12: Product: xHCI Host Controller
[    4.224599] usb usb12: Manufacturer: Linux 6.1.41-1-MANJARO xhci-hcd
[    4.224599] usb usb12: SerialNumber: 0000:5a:00.0
[    4.224636] hub 12-0:1.0: USB hub found
[    4.224638] hub 12-0:1.0: config failed, hub doesn't have any ports! (err -19)
[    4.306329] PM: Image not found (code -22)
[    4.380011] EXT4-fs (sdc2): mounted filesystem with ordered data mode. Quota mode: none.
[    4.480546] usb 3-2: new high-speed USB device number 2 using xhci_hcd
[    4.480546] usb 11-1: new full-speed USB device number 2 using xhci_hcd
[    4.480559] usb 9-1: new low-speed USB device number 2 using xhci_hcd
[    4.533852] usb 5-7: new full-speed USB device number 2 using xhci_hcd
[    4.624515] systemd[1]: systemd 253.7-1-manjaro running in system mode (+PAM +AUDIT -SELINUX -APPARMOR -IMA +SMACK +SECCOMP +GCRYPT +GNUTLS +OPENSSL +ACL +BLKID +CURL +ELFUTILS +FIDO2 +IDN2 -IDN +IPTC +KMOD +LIBCRYPTSETUP +LIBFDISK +PCRE2 -PWQUALITY +P11KIT -QRENCODE +TPM2 +BZIP2 +LZ4 +XZ +ZLIB +ZSTD +BPF_FRAMEWORK +XKBCOMMON +UTMP -SYSVINIT default-hierarchy=unified)
[    4.624517] systemd[1]: Detected architecture x86-64.
[    4.626498] systemd[1]: Hostname set to <taichi>.
[    4.638166] usb 9-1: New USB device found, idVendor=046d, idProduct=c31d, bcdDevice=66.01
[    4.638168] usb 9-1: New USB device strings: Mfr=1, Product=2, SerialNumber=0
[    4.638168] usb 9-1: Product: USB Keyboard
[    4.638169] usb 9-1: Manufacturer: Logitech
[    4.640293] usb 11-1: New USB device found, idVendor=26ce, idProduct=01a2, bcdDevice= 0.00
[    4.640294] usb 11-1: New USB device strings: Mfr=1, Product=2, SerialNumber=3
[    4.640295] usb 11-1: Product: LED Controller
[    4.640295] usb 11-1: Manufacturer: ASRock
[    4.640296] usb 11-1: SerialNumber: A02019100900
[    4.815149] usb 4-4: new SuperSpeed USB device number 2 using xhci_hcd
[    4.838512] usb 4-4: New USB device found, idVendor=125f, idProduct=dd33, bcdDevice=11.00
[    4.838516] usb 4-4: New USB device strings: Mfr=1, Product=2, SerialNumber=3
[    4.838517] usb 4-4: Product: ADATA USB Flash Drive
[    4.838518] usb 4-4: Manufacturer: ADATA
[    4.838518] usb 4-4: SerialNumber: 20B022147015004A
[    4.930679] usb 5-7: New USB device found, idVendor=8087, idProduct=0032, bcdDevice= 0.00
[    4.930684] usb 5-7: New USB device strings: Mfr=0, Product=0, SerialNumber=0
[    4.958336] usb 6-4: new SuperSpeed USB device number 2 using xhci_hcd
[    4.981681] usb 6-4: New USB device found, idVendor=125f, idProduct=dd33, bcdDevice=11.00
[    4.981685] usb 6-4: New USB device strings: Mfr=1, Product=2, SerialNumber=3
[    4.981686] usb 6-4: Product: ADATA USB Flash Drive
[    4.981687] usb 6-4: Manufacturer: ADATA
[    4.981688] usb 6-4: SerialNumber: 20B030143023001E
[    5.144634] systemd[1]: bpf-lsm: LSM BPF program attached
[    5.167001] usb 5-8: new high-speed USB device number 3 using xhci_hcd
[    5.529251] systemd[1]: Queued start job for default target Graphical Interface.
[    5.547420] systemd[1]: Created slice Slice /system/getty.
[    5.547639] systemd[1]: Created slice Slice /system/modprobe.
[    5.547796] systemd[1]: Created slice Slice /system/systemd-fsck.
[    5.547912] systemd[1]: Created slice User and Session Slice.
[    5.547957] systemd[1]: Started Forward Password Requests to Wall Directory Watch.
[    5.548034] systemd[1]: Set up automount Arbitrary Executable File Formats File System Automount Point.
[    5.548061] systemd[1]: Reached target Login Prompts.
[    5.548074] systemd[1]: Reached target Local Integrity Protected Volumes.
[    5.548088] systemd[1]: Reached target Remote File Systems.
[    5.548098] systemd[1]: Reached target Slice Units.
[    5.548113] systemd[1]: Reached target Local Verity Protected Volumes.
[    5.548141] systemd[1]: Listening on Device-mapper event daemon FIFOs.
[    5.548623] systemd[1]: Listening on LVM2 poll daemon socket.
[    5.549172] systemd[1]: Listening on Process Core Dump Socket.
[    5.549221] systemd[1]: Listening on Journal Socket (/dev/log).
[    5.549262] systemd[1]: Listening on Journal Socket.
[    5.549548] systemd[1]: Listening on udev Control Socket.
[    5.549588] systemd[1]: Listening on udev Kernel Socket.
[    5.549899] systemd[1]: Mounting Huge Pages File System...
[    5.550177] systemd[1]: Mounting POSIX Message Queue File System...
[    5.550458] systemd[1]: Mounting Kernel Debug File System...
[    5.550740] systemd[1]: Mounting Kernel Trace File System...
[    5.551090] systemd[1]: Starting Create List of Static Device Nodes...
[    5.551388] systemd[1]: Starting Monitoring of LVM2 mirrors, snapshots etc. using dmeventd or progress polling...
[    5.551760] systemd[1]: Starting Load Kernel Module configfs...
