Jul 28 03:43:53 taichi kernel: Linux version 6.1.41-1-MANJARO (builduser@fv-az193-389) (gcc (GCC) 13.1.1 20230714, GNU ld (GNU Binutils) 2.40.0) #1 SMP PREEMPT_DYNAMIC Tue Jul 25 09:17:30 UTC 2023
Jul 28 03:43:53 taichi kernel: Command line: BOOT_IMAGE=/boot/vmlinuz-6.1-x86_64 root=UUID=35f92074-9c31-464e-b7d5-e75abd70ee8d rw splash resume=UUID=c0e7051a-efdd-4e71-8f6c-e35b57ff86ac
Jul 28 03:43:53 taichi kernel: x86/fpu: Supporting XSAVE feature 0x001: 'x87 floating point registers'
Jul 28 03:43:53 taichi kernel: x86/fpu: Supporting XSAVE feature 0x002: 'SSE registers'
Jul 28 03:43:53 taichi kernel: x86/fpu: Supporting XSAVE feature 0x004: 'AVX registers'
Jul 28 03:43:53 taichi kernel: x86/fpu: Supporting XSAVE feature 0x020: 'AVX-512 opmask'
Jul 28 03:43:53 taichi kernel: x86/fpu: Supporting XSAVE feature 0x040: 'AVX-512 Hi256'
Jul 28 03:43:53 taichi kernel: x86/fpu: Supporting XSAVE feature 0x080: 'AVX-512 ZMM_Hi256'
Jul 28 03:43:53 taichi kernel: x86/fpu: Supporting XSAVE feature 0x200: 'Protection Keys User registers'
Jul 28 03:43:53 taichi kernel: x86/fpu: xstate_offset[2]:  576, xstate_sizes[2]:  256
Jul 28 03:43:53 taichi kernel: x86/fpu: xstate_offset[5]:  832, xstate_sizes[5]:   64
Jul 28 03:43:53 taichi kernel: x86/fpu: xstate_offset[6]:  896, xstate_sizes[6]:  512
Jul 28 03:43:53 taichi kernel: x86/fpu: xstate_offset[7]: 1408, xstate_sizes[7]: 1024
Jul 28 03:43:53 taichi kernel: x86/fpu: xstate_offset[9]: 2432, xstate_sizes[9]:    8
Jul 28 03:43:53 taichi kernel: x86/fpu: Enabled xstate features 0x2e7, context size is 2440 bytes, using 'compacted' format.
Jul 28 03:43:53 taichi kernel: signal: max sigframe size: 3376
Jul 28 03:43:53 taichi kernel: BIOS-provided physical RAM map:
Jul 28 03:43:53 taichi kernel: BIOS-e820: [mem 0x0000000000000000-0x000000000009ffff] usable
Jul 28 03:43:53 taichi kernel: BIOS-e820: [mem 0x00000000000a0000-0x00000000000fffff] reserved
Jul 28 03:43:53 taichi kernel: BIOS-e820: [mem 0x0000000000100000-0x0000000009afefff] usable
Jul 28 03:43:53 taichi kernel: BIOS-e820: [mem 0x0000000009aff000-0x0000000009ffffff] reserved
Jul 28 03:43:53 taichi kernel: BIOS-e820: [mem 0x000000000a000000-0x000000000a1fffff] usable
Jul 28 03:43:53 taichi kernel: BIOS-e820: [mem 0x000000000a200000-0x000000000a20ffff] ACPI NVS
Jul 28 03:43:53 taichi kernel: BIOS-e820: [mem 0x000000000a210000-0x000000000affffff] usable
Jul 28 03:43:53 taichi kernel: BIOS-e820: [mem 0x000000000b000000-0x000000000b020fff] reserved
Jul 28 03:43:53 taichi kernel: BIOS-e820: [mem 0x000000000b021000-0x000000006d67efff] usable
Jul 28 03:43:53 taichi kernel: BIOS-e820: [mem 0x000000006d67f000-0x000000007367efff] reserved
Jul 28 03:43:53 taichi kernel: BIOS-e820: [mem 0x000000007367f000-0x000000007567efff] ACPI data
Jul 28 03:43:53 taichi kernel: BIOS-e820: [mem 0x000000007567f000-0x000000007767efff] ACPI NVS
Jul 28 03:43:53 taichi kernel: BIOS-e820: [mem 0x000000007767f000-0x000000007967efff] reserved
Jul 28 03:43:53 taichi kernel: BIOS-e820: [mem 0x000000007967f000-0x00000000797fefff] type 20
Jul 28 03:43:53 taichi kernel: BIOS-e820: [mem 0x00000000797ff000-0x000000007bffafff] usable
Jul 28 03:43:53 taichi kernel: BIOS-e820: [mem 0x000000007bffb000-0x000000007cffffff] reserved
Jul 28 03:43:53 taichi kernel: BIOS-e820: [mem 0x000000007d7f3000-0x000000007fffffff] reserved
Jul 28 03:43:53 taichi kernel: BIOS-e820: [mem 0x00000000f0000000-0x00000000f7ffffff] reserved
Jul 28 03:43:53 taichi kernel: BIOS-e820: [mem 0x00000000fd000000-0x00000000ffffffff] reserved
Jul 28 03:43:53 taichi kernel: BIOS-e820: [mem 0x0000000100000000-0x0000002057ffffff] usable
Jul 28 03:43:53 taichi kernel: BIOS-e820: [mem 0x0000002058000000-0x0000002077ffffff] reserved
Jul 28 03:43:53 taichi kernel: BIOS-e820: [mem 0x000000207eec0000-0x00000020a01fffff] reserved
Jul 28 03:43:53 taichi kernel: BIOS-e820: [mem 0x000000fd00000000-0x000000ffffffffff] reserved
Jul 28 03:43:53 taichi kernel: NX (Execute Disable) protection: active
Jul 28 03:43:53 taichi kernel: efi: EFI v2.80 by American Megatrends
Jul 28 03:43:53 taichi kernel: efi: ACPI=0x77666000 ACPI 2.0=0x77666014 TPMFinalLog=0x77633000 SMBIOS=0x794d8000 SMBIOS 3.0=0x794d7000 MEMATTR=0x68731018 ESRT=0x69962c98 
Jul 28 03:43:53 taichi kernel: SMBIOS 3.4.0 present.
Jul 28 03:43:53 taichi kernel: DMI: ASRock X670E Taichi/X670E Taichi, BIOS 1.21 04/26/2023
Jul 28 03:43:53 taichi kernel: tsc: Fast TSC calibration using PIT
Jul 28 03:43:53 taichi kernel: tsc: Detected 4500.435 MHz processor
Jul 28 03:43:53 taichi kernel: e820: update [mem 0x00000000-0x00000fff] usable ==> reserved
Jul 28 03:43:53 taichi kernel: e820: remove [mem 0x000a0000-0x000fffff] usable
Jul 28 03:43:53 taichi kernel: last_pfn = 0x2058000 max_arch_pfn = 0x400000000
Jul 28 03:43:53 taichi kernel: x86/PAT: Configuration [0-7]: WB  WC  UC- UC  WB  WP  UC- WT  
Jul 28 03:43:53 taichi kernel: last_pfn = 0x7bffb max_arch_pfn = 0x400000000
Jul 28 03:43:53 taichi kernel: esrt: Reserving ESRT space from 0x0000000069962c98 to 0x0000000069962d20.
Jul 28 03:43:53 taichi kernel: e820: update [mem 0x69962000-0x69962fff] usable ==> reserved
Jul 28 03:43:53 taichi kernel: Using GB pages for direct mapping
Jul 28 03:43:53 taichi kernel: Secure boot disabled
Jul 28 03:43:53 taichi kernel: RAMDISK: [mem 0x36335000-0x37191fff]
Jul 28 03:43:53 taichi kernel: ACPI: Early table checksum verification disabled
Jul 28 03:43:53 taichi kernel: ACPI: RSDP 0x0000000077666014 000024 (v02 ALASKA)
Jul 28 03:43:53 taichi kernel: ACPI: XSDT 0x0000000077665728 000104 (v01 ALASKA A M I    00000001 AMI  01000013)
Jul 28 03:43:53 taichi kernel: ACPI: FACP 0x0000000075675000 000114 (v06 ALASKA A M I    00000001 AMI  00010013)
Jul 28 03:43:53 taichi kernel: ACPI: DSDT 0x00000000755FF000 02FA56 (v02 ALASKA A M I    00000001 INTL 20120913)
Jul 28 03:43:53 taichi kernel: ACPI: FACS 0x0000000077663000 000040
Jul 28 03:43:53 taichi kernel: ACPI: SSDT 0x0000000075677000 007B85 (v02 AMD    Splinter 00000002 MSFT 05000000)
Jul 28 03:43:53 taichi kernel: ACPI: SSDT 0x0000000075676000 0003F1 (v02 ALASKA CPUSSDT  00000001 AMI  00000001)
Jul 28 03:43:53 taichi kernel: ACPI: FIDT 0x000000007566D000 00009C (v01 ALASKA A M I    00000001 AMI  00010013)
Jul 28 03:43:53 taichi kernel: ACPI: MCFG 0x000000007566C000 00003C (v01 ALASKA A M I    00000001 MSFT 00010013)
Jul 28 03:43:53 taichi kernel: ACPI: HPET 0x000000007566B000 000038 (v01 ALASKA A M I    00000001 AMI  00000005)
Jul 28 03:43:53 taichi kernel: ACPI: VFCT 0x0000000075655000 015EA0 (v01 ALASKA A M I    00000001 AMD  31504F47)
Jul 28 03:43:53 taichi kernel: ACPI: BGRT 0x0000000075654000 000038 (v01 ALASKA A M I    00000001 AMI  00010013)
Jul 28 03:43:53 taichi kernel: ACPI: TPM2 0x0000000075653000 00004C (v04 ALASKA A M I    00000001 AMI  00000000)
Jul 28 03:43:53 taichi kernel: ACPI: SSDT 0x0000000075649000 009BAE (v02 AMD    AmdTable 00000001 AMD  00000001)
Jul 28 03:43:53 taichi kernel: ACPI: CRAT 0x0000000075647000 001D28 (v01 AMD    AmdTable 00000001 AMD  00000001)
Jul 28 03:43:53 taichi kernel: ACPI: CDIT 0x0000000075646000 000029 (v01 AMD    AmdTable 00000001 AMD  00000001)
Jul 28 03:43:53 taichi kernel: ACPI: SSDT 0x0000000075645000 0008E9 (v01 AMD    CPMTBASL 00000001 INTL 20120913)
Jul 28 03:43:53 taichi kernel: ACPI: SSDT 0x0000000075644000 000E0D (v02 AMD    CPMDFIG2 00000001 INTL 20120913)
Jul 28 03:43:53 taichi kernel: ACPI: SSDT 0x0000000075641000 00250B (v02 AMD    CDFAAIG2 00000001 INTL 20120913)
Jul 28 03:43:53 taichi kernel: ACPI: SSDT 0x0000000075640000 000450 (v02 AMD    CPMDFDG2 00000001 INTL 20120913)
Jul 28 03:43:53 taichi kernel: ACPI: SSDT 0x0000000075637000 008868 (v02 AMD    CPMCMN   00000001 INTL 20120913)
Jul 28 03:43:53 taichi kernel: ACPI: SSDT 0x0000000075634000 002295 (v02 AMD    AOD      00000001 INTL 20120913)
Jul 28 03:43:53 taichi kernel: ACPI: WSMT 0x0000000075633000 000028 (v01 ALASKA A M I    00000001 AMI  00010013)
Jul 28 03:43:53 taichi kernel: ACPI: APIC 0x0000000075632000 00015E (v05 ALASKA A M I    00000001 AMI  00010013)
Jul 28 03:43:53 taichi kernel: ACPI: SSDT 0x0000000075631000 00013D (v02 AMD    EXTGPP00 00000001 INTL 20120913)
Jul 28 03:43:53 taichi kernel: ACPI: SSDT 0x0000000075630000 0000A7 (v02 AMD    GPIO     00000001 INTL 20120913)
Jul 28 03:43:53 taichi kernel: ACPI: SSDT 0x000000007562F000 000242 (v02 AMD    USB      00000001 INTL 20120913)
Jul 28 03:43:53 taichi kernel: ACPI: SSDT 0x0000000075674000 0000BC (v02 AMD    MEMTOOL0 00000002 INTL 20120913)
Jul 28 03:43:53 taichi kernel: ACPI: SSDT 0x0000000075673000 000042 (v02 AMD    AMDWOV   00000001 INTL 20120913)
Jul 28 03:43:53 taichi kernel: ACPI: SSDT 0x0000000075672000 000085 (v02 AMD    AmdTable 00000001 INTL 20120913)
Jul 28 03:43:53 taichi kernel: ACPI: SSDT 0x0000000075671000 0000B3 (v02 AMD    AmdTable 00000001 INTL 20120913)
Jul 28 03:43:53 taichi kernel: ACPI: FPDT 0x0000000075670000 000044 (v01 ALASKA A M I    01072009 AMI  01000013)
Jul 28 03:43:53 taichi kernel: ACPI: Reserving FACP table memory at [mem 0x75675000-0x75675113]
Jul 28 03:43:53 taichi kernel: ACPI: Reserving DSDT table memory at [mem 0x755ff000-0x7562ea55]
Jul 28 03:43:53 taichi kernel: ACPI: Reserving FACS table memory at [mem 0x77663000-0x7766303f]
Jul 28 03:43:53 taichi kernel: ACPI: Reserving SSDT table memory at [mem 0x75677000-0x7567eb84]
Jul 28 03:43:53 taichi kernel: ACPI: Reserving SSDT table memory at [mem 0x75676000-0x756763f0]
Jul 28 03:43:53 taichi kernel: ACPI: Reserving FIDT table memory at [mem 0x7566d000-0x7566d09b]
Jul 28 03:43:53 taichi kernel: ACPI: Reserving MCFG table memory at [mem 0x7566c000-0x7566c03b]
Jul 28 03:43:53 taichi kernel: ACPI: Reserving HPET table memory at [mem 0x7566b000-0x7566b037]
Jul 28 03:43:53 taichi kernel: ACPI: Reserving VFCT table memory at [mem 0x75655000-0x7566ae9f]
Jul 28 03:43:53 taichi kernel: ACPI: Reserving BGRT table memory at [mem 0x75654000-0x75654037]
Jul 28 03:43:53 taichi kernel: ACPI: Reserving TPM2 table memory at [mem 0x75653000-0x7565304b]
Jul 28 03:43:53 taichi kernel: ACPI: Reserving SSDT table memory at [mem 0x75649000-0x75652bad]
Jul 28 03:43:53 taichi kernel: ACPI: Reserving CRAT table memory at [mem 0x75647000-0x75648d27]
Jul 28 03:43:53 taichi kernel: ACPI: Reserving CDIT table memory at [mem 0x75646000-0x75646028]
Jul 28 03:43:53 taichi kernel: ACPI: Reserving SSDT table memory at [mem 0x75645000-0x756458e8]
Jul 28 03:43:53 taichi kernel: ACPI: Reserving SSDT table memory at [mem 0x75644000-0x75644e0c]
Jul 28 03:43:53 taichi kernel: ACPI: Reserving SSDT table memory at [mem 0x75641000-0x7564350a]
Jul 28 03:43:53 taichi kernel: ACPI: Reserving SSDT table memory at [mem 0x75640000-0x7564044f]
Jul 28 03:43:53 taichi kernel: ACPI: Reserving SSDT table memory at [mem 0x75637000-0x7563f867]
Jul 28 03:43:53 taichi kernel: ACPI: Reserving SSDT table memory at [mem 0x75634000-0x75636294]
Jul 28 03:43:53 taichi kernel: ACPI: Reserving WSMT table memory at [mem 0x75633000-0x75633027]
Jul 28 03:43:53 taichi kernel: ACPI: Reserving APIC table memory at [mem 0x75632000-0x7563215d]
Jul 28 03:43:53 taichi kernel: ACPI: Reserving SSDT table memory at [mem 0x75631000-0x7563113c]
Jul 28 03:43:53 taichi kernel: ACPI: Reserving SSDT table memory at [mem 0x75630000-0x756300a6]
Jul 28 03:43:53 taichi kernel: ACPI: Reserving SSDT table memory at [mem 0x7562f000-0x7562f241]
Jul 28 03:43:53 taichi kernel: ACPI: Reserving SSDT table memory at [mem 0x75674000-0x756740bb]
Jul 28 03:43:53 taichi kernel: ACPI: Reserving SSDT table memory at [mem 0x75673000-0x75673041]
Jul 28 03:43:53 taichi kernel: ACPI: Reserving SSDT table memory at [mem 0x75672000-0x75672084]
Jul 28 03:43:53 taichi kernel: ACPI: Reserving SSDT table memory at [mem 0x75671000-0x756710b2]
Jul 28 03:43:53 taichi kernel: ACPI: Reserving FPDT table memory at [mem 0x75670000-0x75670043]
Jul 28 03:43:53 taichi kernel: No NUMA configuration found
Jul 28 03:43:53 taichi kernel: Faking a node at [mem 0x0000000000000000-0x0000002057ffffff]
Jul 28 03:43:53 taichi kernel: NODE_DATA(0) allocated [mem 0x2057ffb000-0x2057ffffff]
Jul 28 03:43:53 taichi kernel: Zone ranges:
Jul 28 03:43:53 taichi kernel:   DMA      [mem 0x0000000000001000-0x0000000000ffffff]
Jul 28 03:43:53 taichi kernel:   DMA32    [mem 0x0000000001000000-0x00000000ffffffff]
Jul 28 03:43:53 taichi kernel:   Normal   [mem 0x0000000100000000-0x0000002057ffffff]
Jul 28 03:43:53 taichi kernel:   Device   empty
Jul 28 03:43:53 taichi kernel: Movable zone start for each node
Jul 28 03:43:53 taichi kernel: Early memory node ranges
Jul 28 03:43:53 taichi kernel:   node   0: [mem 0x0000000000001000-0x000000000009ffff]
Jul 28 03:43:53 taichi kernel:   node   0: [mem 0x0000000000100000-0x0000000009afefff]
Jul 28 03:43:53 taichi kernel:   node   0: [mem 0x000000000a000000-0x000000000a1fffff]
Jul 28 03:43:53 taichi kernel:   node   0: [mem 0x000000000a210000-0x000000000affffff]
Jul 28 03:43:53 taichi kernel:   node   0: [mem 0x000000000b021000-0x000000006d67efff]
Jul 28 03:43:53 taichi kernel:   node   0: [mem 0x00000000797ff000-0x000000007bffafff]
Jul 28 03:43:53 taichi kernel:   node   0: [mem 0x0000000100000000-0x0000002057ffffff]
Jul 28 03:43:53 taichi kernel: Initmem setup node 0 [mem 0x0000000000001000-0x0000002057ffffff]
Jul 28 03:43:53 taichi kernel: On node 0, zone DMA: 1 pages in unavailable ranges
Jul 28 03:43:53 taichi kernel: On node 0, zone DMA: 96 pages in unavailable ranges
Jul 28 03:43:53 taichi kernel: On node 0, zone DMA32: 1281 pages in unavailable ranges
Jul 28 03:43:53 taichi kernel: On node 0, zone DMA32: 16 pages in unavailable ranges
Jul 28 03:43:53 taichi kernel: On node 0, zone DMA32: 33 pages in unavailable ranges
Jul 28 03:43:53 taichi kernel: On node 0, zone DMA32: 16768 pages in unavailable ranges
Jul 28 03:43:53 taichi kernel: On node 0, zone Normal: 16389 pages in unavailable ranges
Jul 28 03:43:53 taichi kernel: ACPI: PM-Timer IO Port: 0x808
Jul 28 03:43:53 taichi kernel: ACPI: LAPIC_NMI (acpi_id[0xff] high edge lint[0x1])
Jul 28 03:43:53 taichi kernel: IOAPIC[0]: apic_id 32, version 33, address 0xfec00000, GSI 0-23
Jul 28 03:43:53 taichi kernel: IOAPIC[1]: apic_id 33, version 33, address 0xfec01000, GSI 24-55
Jul 28 03:43:53 taichi kernel: ACPI: INT_SRC_OVR (bus 0 bus_irq 0 global_irq 2 dfl dfl)
Jul 28 03:43:53 taichi kernel: ACPI: INT_SRC_OVR (bus 0 bus_irq 9 global_irq 9 low level)
Jul 28 03:43:53 taichi kernel: ACPI: Using ACPI (MADT) for SMP configuration information
Jul 28 03:43:53 taichi kernel: ACPI: HPET id: 0x10228201 base: 0xfed00000
Jul 28 03:43:53 taichi kernel: e820: update [mem 0x68531000-0x68571fff] usable ==> reserved
Jul 28 03:43:53 taichi kernel: smpboot: Allowing 32 CPUs, 0 hotplug CPUs
Jul 28 03:43:53 taichi kernel: PM: hibernation: Registered nosave memory: [mem 0x00000000-0x00000fff]
Jul 28 03:43:53 taichi kernel: PM: hibernation: Registered nosave memory: [mem 0x000a0000-0x000fffff]
Jul 28 03:43:53 taichi kernel: PM: hibernation: Registered nosave memory: [mem 0x09aff000-0x09ffffff]
Jul 28 03:43:53 taichi kernel: PM: hibernation: Registered nosave memory: [mem 0x0a200000-0x0a20ffff]
Jul 28 03:43:53 taichi kernel: PM: hibernation: Registered nosave memory: [mem 0x0b000000-0x0b020fff]
Jul 28 03:43:53 taichi kernel: PM: hibernation: Registered nosave memory: [mem 0x68531000-0x68571fff]
Jul 28 03:43:53 taichi kernel: PM: hibernation: Registered nosave memory: [mem 0x69962000-0x69962fff]
Jul 28 03:43:53 taichi kernel: PM: hibernation: Registered nosave memory: [mem 0x6d67f000-0x7367efff]
Jul 28 03:43:53 taichi kernel: PM: hibernation: Registered nosave memory: [mem 0x7367f000-0x7567efff]
Jul 28 03:43:53 taichi kernel: PM: hibernation: Registered nosave memory: [mem 0x7567f000-0x7767efff]
Jul 28 03:43:53 taichi kernel: PM: hibernation: Registered nosave memory: [mem 0x7767f000-0x7967efff]
Jul 28 03:43:53 taichi kernel: PM: hibernation: Registered nosave memory: [mem 0x7967f000-0x797fefff]
Jul 28 03:43:53 taichi kernel: PM: hibernation: Registered nosave memory: [mem 0x7bffb000-0x7cffffff]
Jul 28 03:43:53 taichi kernel: PM: hibernation: Registered nosave memory: [mem 0x7d000000-0x7d7f2fff]
Jul 28 03:43:53 taichi kernel: PM: hibernation: Registered nosave memory: [mem 0x7d7f3000-0x7fffffff]
Jul 28 03:43:53 taichi kernel: PM: hibernation: Registered nosave memory: [mem 0x80000000-0xefffffff]
Jul 28 03:43:53 taichi kernel: PM: hibernation: Registered nosave memory: [mem 0xf0000000-0xf7ffffff]
Jul 28 03:43:53 taichi kernel: PM: hibernation: Registered nosave memory: [mem 0xf8000000-0xfcffffff]
Jul 28 03:43:53 taichi kernel: PM: hibernation: Registered nosave memory: [mem 0xfd000000-0xffffffff]
Jul 28 03:43:53 taichi kernel: [mem 0x80000000-0xefffffff] available for PCI devices
Jul 28 03:43:53 taichi kernel: Booting paravirtualized kernel on bare hardware
Jul 28 03:43:53 taichi kernel: clocksource: refined-jiffies: mask: 0xffffffff max_cycles: 0xffffffff, max_idle_ns: 6370452778343963 ns
Jul 28 03:43:53 taichi kernel: setup_percpu: NR_CPUS:320 nr_cpumask_bits:32 nr_cpu_ids:32 nr_node_ids:1
Jul 28 03:43:53 taichi kernel: percpu: Embedded 63 pages/cpu s221184 r8192 d28672 u262144
Jul 28 03:43:53 taichi kernel: pcpu-alloc: s221184 r8192 d28672 u262144 alloc=1*2097152
Jul 28 03:43:53 taichi kernel: pcpu-alloc: [0] 00 01 02 03 04 05 06 07 [0] 08 09 10 11 12 13 14 15 
Jul 28 03:43:53 taichi kernel: pcpu-alloc: [0] 16 17 18 19 20 21 22 23 [0] 24 25 26 27 28 29 30 31 
Jul 28 03:43:53 taichi kernel: Fallback order for Node 0: 0 
Jul 28 03:43:53 taichi kernel: Built 1 zonelists, mobility grouping on.  Total pages: 32802403
Jul 28 03:43:53 taichi kernel: Policy zone: Normal
Jul 28 03:43:53 taichi kernel: Kernel command line: BOOT_IMAGE=/boot/vmlinuz-6.1-x86_64 root=UUID=35f92074-9c31-464e-b7d5-e75abd70ee8d rw splash resume=UUID=c0e7051a-efdd-4e71-8f6c-e35b57ff86ac
Jul 28 03:43:53 taichi kernel: Unknown kernel command line parameters "splash BOOT_IMAGE=/boot/vmlinuz-6.1-x86_64", will be passed to user space.
Jul 28 03:43:53 taichi kernel: random: crng init done
Jul 28 03:43:53 taichi kernel: printk: log_buf_len individual max cpu contribution: 4096 bytes
Jul 28 03:43:53 taichi kernel: printk: log_buf_len total cpu_extra contributions: 126976 bytes
Jul 28 03:43:53 taichi kernel: printk: log_buf_len min size: 131072 bytes
Jul 28 03:43:53 taichi kernel: printk: log_buf_len: 262144 bytes
Jul 28 03:43:53 taichi kernel: printk: early log buf free: 116896(89%)
Jul 28 03:43:53 taichi kernel: Dentry cache hash table entries: 8388608 (order: 14, 67108864 bytes, linear)
Jul 28 03:43:53 taichi kernel: Inode-cache hash table entries: 4194304 (order: 13, 33554432 bytes, linear)
Jul 28 03:43:53 taichi kernel: mem auto-init: stack:all(zero), heap alloc:on, heap free:off
Jul 28 03:43:53 taichi kernel: software IO TLB: area num 32.
Jul 28 03:43:53 taichi kernel: Memory: 130856536K/133292960K available (16391K kernel code, 2158K rwdata, 11144K rodata, 2152K init, 5304K bss, 2436164K reserved, 0K cma-reserved)
Jul 28 03:43:53 taichi kernel: SLUB: HWalign=64, Order=0-3, MinObjects=0, CPUs=32, Nodes=1
Jul 28 03:43:53 taichi kernel: ftrace: allocating 46660 entries in 183 pages
Jul 28 03:43:53 taichi kernel: ftrace: allocated 183 pages with 6 groups
Jul 28 03:43:53 taichi kernel: Dynamic Preempt: full
Jul 28 03:43:53 taichi kernel: rcu: Preemptible hierarchical RCU implementation.
Jul 28 03:43:53 taichi kernel: rcu:         RCU restricting CPUs from NR_CPUS=320 to nr_cpu_ids=32.
Jul 28 03:43:53 taichi kernel: rcu:         RCU priority boosting: priority 1 delay 500 ms.
Jul 28 03:43:53 taichi kernel:         Trampoline variant of Tasks RCU enabled.
Jul 28 03:43:53 taichi kernel:         Rude variant of Tasks RCU enabled.
Jul 28 03:43:53 taichi kernel:         Tracing variant of Tasks RCU enabled.
Jul 28 03:43:53 taichi kernel: rcu: RCU calculated value of scheduler-enlistment delay is 30 jiffies.
Jul 28 03:43:53 taichi kernel: rcu: Adjusting geometry for rcu_fanout_leaf=16, nr_cpu_ids=32
Jul 28 03:43:53 taichi kernel: NR_IRQS: 20736, nr_irqs: 1224, preallocated irqs: 16
Jul 28 03:43:53 taichi kernel: rcu: srcu_init: Setting srcu_struct sizes based on contention.
Jul 28 03:43:53 taichi kernel: kfence: initialized - using 2097152 bytes for 255 objects at 0x(____ptrval____)-0x(____ptrval____)
Jul 28 03:43:53 taichi kernel: Console: colour dummy device 80x25
Jul 28 03:43:53 taichi kernel: printk: console [tty0] enabled
Jul 28 03:43:53 taichi kernel: ACPI: Core revision 20220331
Jul 28 03:43:53 taichi kernel: clocksource: hpet: mask: 0xffffffff max_cycles: 0xffffffff, max_idle_ns: 133484873504 ns
Jul 28 03:43:53 taichi kernel: APIC: Switch to symmetric I/O mode setup
Jul 28 03:43:53 taichi kernel: x2apic: IRQ remapping doesn't support X2APIC mode
Jul 28 03:43:53 taichi kernel: Switched APIC routing to physical flat.
Jul 28 03:43:53 taichi kernel: ..TIMER: vector=0x30 apic1=0 pin1=2 apic2=-1 pin2=-1
Jul 28 03:43:53 taichi kernel: clocksource: tsc-early: mask: 0xffffffffffffffff max_cycles: 0x40df02a70e6, max_idle_ns: 440795226064 ns
Jul 28 03:43:53 taichi kernel: Calibrating delay loop (skipped), value calculated using timer frequency.. 9004.90 BogoMIPS (lpj=15001450)
Jul 28 03:43:53 taichi kernel: pid_max: default: 32768 minimum: 301
Jul 28 03:43:53 taichi kernel: LSM: Security Framework initializing
Jul 28 03:43:53 taichi kernel: landlock: Up and running.
Jul 28 03:43:53 taichi kernel: Yama: becoming mindful.
Jul 28 03:43:53 taichi kernel: LSM support for eBPF active
Jul 28 03:43:53 taichi kernel: Mount-cache hash table entries: 131072 (order: 8, 1048576 bytes, linear)
Jul 28 03:43:53 taichi kernel: Mountpoint-cache hash table entries: 131072 (order: 8, 1048576 bytes, linear)
Jul 28 03:43:53 taichi kernel: x86/cpu: User Mode Instruction Prevention (UMIP) activated
Jul 28 03:43:53 taichi kernel: LVT offset 1 assigned for vector 0xf9
Jul 28 03:43:53 taichi kernel: LVT offset 2 assigned for vector 0xf4
Jul 28 03:43:53 taichi kernel: process: using mwait in idle threads
Jul 28 03:43:53 taichi kernel: Last level iTLB entries: 4KB 512, 2MB 512, 4MB 256
Jul 28 03:43:53 taichi kernel: Last level dTLB entries: 4KB 3072, 2MB 3072, 4MB 1536, 1GB 0
Jul 28 03:43:53 taichi kernel: Spectre V1 : Mitigation: usercopy/swapgs barriers and __user pointer sanitization
Jul 28 03:43:53 taichi kernel: Spectre V2 : Mitigation: Retpolines
Jul 28 03:43:53 taichi kernel: Spectre V2 : Spectre v2 / SpectreRSB mitigation: Filling RSB on context switch
Jul 28 03:43:53 taichi kernel: Spectre V2 : Spectre v2 / SpectreRSB : Filling RSB on VMEXIT
Jul 28 03:43:53 taichi kernel: Spectre V2 : Enabling Restricted Speculation for firmware calls
Jul 28 03:43:53 taichi kernel: Spectre V2 : mitigation: Enabling conditional Indirect Branch Prediction Barrier
Jul 28 03:43:53 taichi kernel: Spectre V2 : User space: Mitigation: STIBP always-on protection
Jul 28 03:43:53 taichi kernel: Speculative Store Bypass: Mitigation: Speculative Store Bypass disabled via prctl
Jul 28 03:43:53 taichi kernel: Freeing SMP alternatives memory: 40K
Jul 28 03:43:53 taichi kernel: smpboot: CPU0: AMD Ryzen 9 7950X 16-Core Processor (family: 0x19, model: 0x61, stepping: 0x2)
Jul 28 03:43:53 taichi kernel: cblist_init_generic: Setting adjustable number of callback queues.
Jul 28 03:43:53 taichi kernel: cblist_init_generic: Setting shift to 5 and lim to 1.
Jul 28 03:43:53 taichi kernel: cblist_init_generic: Setting shift to 5 and lim to 1.
Jul 28 03:43:53 taichi kernel: cblist_init_generic: Setting shift to 5 and lim to 1.
Jul 28 03:43:53 taichi kernel: Performance Events: Fam17h+ 16-deep LBR, core perfctr, AMD PMU driver.
Jul 28 03:43:53 taichi kernel: ... version:                2
Jul 28 03:43:53 taichi kernel: ... bit width:              48
Jul 28 03:43:53 taichi kernel: ... generic registers:      6
Jul 28 03:43:53 taichi kernel: ... value mask:             0000ffffffffffff
Jul 28 03:43:53 taichi kernel: ... max period:             00007fffffffffff
Jul 28 03:43:53 taichi kernel: ... fixed-purpose events:   0
Jul 28 03:43:53 taichi kernel: ... event mask:             000000000000003f
Jul 28 03:43:53 taichi kernel: rcu: Hierarchical SRCU implementation.
Jul 28 03:43:53 taichi kernel: rcu:         Max phase no-delay instances is 1000.
Jul 28 03:43:53 taichi kernel: NMI watchdog: Enabled. Permanently consumes one hw-PMU counter.
Jul 28 03:43:53 taichi kernel: smp: Bringing up secondary CPUs ...
Jul 28 03:43:53 taichi kernel: x86: Booting SMP configuration:
Jul 28 03:43:53 taichi kernel: .... node  #0, CPUs:        #1  #2  #3  #4  #5  #6  #7  #8  #9 #10 #11 #12 #13 #14 #15 #16
Jul 28 03:43:53 taichi kernel: Spectre V2 : Update user space SMT mitigation: STIBP always-on
Jul 28 03:43:53 taichi kernel:  #17 #18 #19 #20 #21 #22 #23 #24 #25 #26 #27 #28 #29 #30 #31
Jul 28 03:43:53 taichi kernel: smp: Brought up 1 node, 32 CPUs
Jul 28 03:43:53 taichi kernel: smpboot: Max logical packages: 1
Jul 28 03:43:53 taichi kernel: smpboot: Total of 32 processors activated (288143.00 BogoMIPS)
Jul 28 03:43:53 taichi kernel: devtmpfs: initialized
Jul 28 03:43:53 taichi kernel: x86/mm: Memory block size: 2048MB
Jul 28 03:43:53 taichi kernel: ACPI: PM: Registering ACPI NVS region [mem 0x0a200000-0x0a20ffff] (65536 bytes)
Jul 28 03:43:53 taichi kernel: ACPI: PM: Registering ACPI NVS region [mem 0x7567f000-0x7767efff] (33554432 bytes)
Jul 28 03:43:53 taichi kernel: clocksource: jiffies: mask: 0xffffffff max_cycles: 0xffffffff, max_idle_ns: 6370867519511994 ns
Jul 28 03:43:53 taichi kernel: futex hash table entries: 8192 (order: 7, 524288 bytes, linear)
Jul 28 03:43:53 taichi kernel: pinctrl core: initialized pinctrl subsystem
Jul 28 03:43:53 taichi kernel: PM: RTC time: 07:43:48, date: 2023-07-28
Jul 28 03:43:53 taichi kernel: NET: Registered PF_NETLINK/PF_ROUTE protocol family
Jul 28 03:43:53 taichi kernel: DMA: preallocated 4096 KiB GFP_KERNEL pool for atomic allocations
Jul 28 03:43:53 taichi kernel: DMA: preallocated 4096 KiB GFP_KERNEL|GFP_DMA pool for atomic allocations
Jul 28 03:43:53 taichi kernel: DMA: preallocated 4096 KiB GFP_KERNEL|GFP_DMA32 pool for atomic allocations
Jul 28 03:43:53 taichi kernel: audit: initializing netlink subsys (disabled)
Jul 28 03:43:53 taichi kernel: audit: type=2000 audit(1690530228.203:1): state=initialized audit_enabled=0 res=1
Jul 28 03:43:53 taichi kernel: thermal_sys: Registered thermal governor 'fair_share'
Jul 28 03:43:53 taichi kernel: thermal_sys: Registered thermal governor 'bang_bang'
Jul 28 03:43:53 taichi kernel: thermal_sys: Registered thermal governor 'step_wise'
Jul 28 03:43:53 taichi kernel: thermal_sys: Registered thermal governor 'user_space'
Jul 28 03:43:53 taichi kernel: thermal_sys: Registered thermal governor 'power_allocator'
Jul 28 03:43:53 taichi kernel: cpuidle: using governor ladder
Jul 28 03:43:53 taichi kernel: cpuidle: using governor menu
Jul 28 03:43:53 taichi kernel: acpiphp: ACPI Hot Plug PCI Controller Driver version: 0.5
Jul 28 03:43:53 taichi kernel: PCI: MMCONFIG for domain 0000 [bus 00-7f] at [mem 0xf0000000-0xf7ffffff] (base 0xf0000000)
Jul 28 03:43:53 taichi kernel: PCI: MMCONFIG at [mem 0xf0000000-0xf7ffffff] reserved in E820
Jul 28 03:43:53 taichi kernel: PCI: Using configuration type 1 for base access
Jul 28 03:43:53 taichi kernel: kprobes: kprobe jump-optimization is enabled. All kprobes are optimized if possible.
Jul 28 03:43:53 taichi kernel: HugeTLB: registered 1.00 GiB page size, pre-allocated 0 pages
Jul 28 03:43:53 taichi kernel: HugeTLB: 16380 KiB vmemmap can be freed for a 1.00 GiB page
Jul 28 03:43:53 taichi kernel: HugeTLB: registered 2.00 MiB page size, pre-allocated 0 pages
Jul 28 03:43:53 taichi kernel: HugeTLB: 28 KiB vmemmap can be freed for a 2.00 MiB page
Jul 28 03:43:53 taichi kernel: ACPI: Added _OSI(Module Device)
Jul 28 03:43:53 taichi kernel: ACPI: Added _OSI(Processor Device)
Jul 28 03:43:53 taichi kernel: ACPI: Added _OSI(3.0 _SCP Extensions)
Jul 28 03:43:53 taichi kernel: ACPI: Added _OSI(Processor Aggregator Device)
Jul 28 03:43:53 taichi kernel: ACPI BIOS Error (bug): Could not resolve symbol [\_SB.PCI0.LPC0.EC0], AE_NOT_FOUND (20220331/dswload2-162)
Jul 28 03:43:53 taichi kernel: fbcon: Taking over console
Jul 28 03:43:53 taichi kernel: ACPI Error: AE_NOT_FOUND, During name lookup/catalog (20220331/psobject-220)
Jul 28 03:43:53 taichi kernel: ACPI: Skipping parse of AML opcode: Scope (0x0010)
Jul 28 03:43:53 taichi kernel: ACPI BIOS Error (bug): Failure creating named object [\_SB.PCI0.GPP0._PRW], AE_ALREADY_EXISTS (20220331/dswload2-326)
Jul 28 03:43:53 taichi kernel: ACPI Error: AE_ALREADY_EXISTS, During name lookup/catalog (20220331/psobject-220)
Jul 28 03:43:53 taichi kernel: ACPI BIOS Error (bug): Failure creating named object [\_SB.PCI0.GPP2._PRW], AE_ALREADY_EXISTS (20220331/dswload2-326)
Jul 28 03:43:53 taichi kernel: ACPI Error: AE_ALREADY_EXISTS, During name lookup/catalog (20220331/psobject-220)
Jul 28 03:43:53 taichi kernel: ACPI BIOS Error (bug): Failure creating named object [\_GPE._L08], AE_ALREADY_EXISTS (20220331/dswload2-326)
Jul 28 03:43:53 taichi kernel: ACPI Error: AE_ALREADY_EXISTS, During name lookup/catalog (20220331/psobject-220)
Jul 28 03:43:53 taichi kernel: ACPI: Skipping parse of AML opcode: Method (0x0014)
Jul 28 03:43:53 taichi kernel: ACPI: 17 ACPI AML tables successfully acquired and loaded
Jul 28 03:43:53 taichi kernel: ACPI: [Firmware Bug]: BIOS _OSI(Linux) query ignored
Jul 28 03:43:53 taichi kernel: ACPI: Interpreter enabled
Jul 28 03:43:53 taichi kernel: ACPI: PM: (supports S0 S3 S4 S5)
Jul 28 03:43:53 taichi kernel: ACPI: Using IOAPIC for interrupt routing
Jul 28 03:43:53 taichi kernel: PCI: Using host bridge windows from ACPI; if necessary, use "pci=nocrs" and report a bug
Jul 28 03:43:53 taichi kernel: PCI: Ignoring E820 reservations for host bridge windows
Jul 28 03:43:53 taichi kernel: ACPI: Enabled 7 GPEs in block 00 to 1F
Jul 28 03:43:53 taichi kernel: ACPI: PM: Power Resource [M237]
Jul 28 03:43:53 taichi kernel: ACPI: PM: Power Resource [M237]
Jul 28 03:43:53 taichi kernel: ACPI: PM: Power Resource [M237]
Jul 28 03:43:53 taichi kernel: ACPI: PM: Power Resource [M332]
Jul 28 03:43:53 taichi kernel: ACPI: PM: Power Resource [PWRS]
Jul 28 03:43:53 taichi kernel: ACPI: PM: Power Resource [PWRS]
Jul 28 03:43:53 taichi kernel: ACPI: PM: Power Resource [PWRS]
Jul 28 03:43:53 taichi kernel: ACPI: PM: Power Resource [PWRS]
Jul 28 03:43:53 taichi kernel: ACPI: PM: Power Resource [PWRS]
Jul 28 03:43:53 taichi kernel: ACPI: PM: Power Resource [PWRS]
Jul 28 03:43:53 taichi kernel: ACPI: PM: Power Resource [PWRS]
Jul 28 03:43:53 taichi kernel: ACPI: PM: Power Resource [PWRS]
Jul 28 03:43:53 taichi kernel: ACPI: PM: Power Resource [PWRS]
Jul 28 03:43:53 taichi kernel: ACPI: PM: Power Resource [PWRS]
Jul 28 03:43:53 taichi kernel: ACPI: PM: Power Resource [PWRS]
Jul 28 03:43:53 taichi kernel: ACPI: PM: Power Resource [PWRS]
Jul 28 03:43:53 taichi kernel: ACPI: PM: Power Resource [PWRS]
Jul 28 03:43:53 taichi kernel: ACPI: PM: Power Resource [PWRS]
Jul 28 03:43:53 taichi kernel: ACPI: PM: Power Resource [PWRS]
Jul 28 03:43:53 taichi kernel: ACPI: PM: Power Resource [PWRS]
Jul 28 03:43:53 taichi kernel: ACPI: PM: Power Resource [PWRS]
Jul 28 03:43:53 taichi kernel: ACPI: PM: Power Resource [PWRS]
Jul 28 03:43:53 taichi kernel: ACPI: PM: Power Resource [PWRS]
Jul 28 03:43:53 taichi kernel: ACPI: PM: Power Resource [PWRS]
Jul 28 03:43:53 taichi kernel: ACPI: PM: Power Resource [PWRS]
Jul 28 03:43:53 taichi kernel: ACPI: PM: Power Resource [PWRS]
Jul 28 03:43:53 taichi kernel: ACPI: PM: Power Resource [PWRS]
Jul 28 03:43:53 taichi kernel: ACPI: PM: Power Resource [PWRS]
Jul 28 03:43:53 taichi kernel: ACPI: PM: Power Resource [PWRS]
Jul 28 03:43:53 taichi kernel: ACPI: PM: Power Resource [PWRS]
Jul 28 03:43:53 taichi kernel: ACPI: PM: Power Resource [PWRS]
Jul 28 03:43:53 taichi kernel: ACPI: PM: Power Resource [PWRS]
Jul 28 03:43:53 taichi kernel: ACPI: PM: Power Resource [PWRS]
Jul 28 03:43:53 taichi kernel: ACPI: PM: Power Resource [PWRS]
Jul 28 03:43:53 taichi kernel: ACPI: PM: Power Resource [PWRS]
Jul 28 03:43:53 taichi kernel: ACPI: PM: Power Resource [PWRS]
Jul 28 03:43:53 taichi kernel: ACPI: PM: Power Resource [PWRS]
Jul 28 03:43:53 taichi kernel: ACPI: PM: Power Resource [PWRS]
Jul 28 03:43:53 taichi kernel: ACPI: PM: Power Resource [PWRS]
Jul 28 03:43:53 taichi kernel: ACPI: PM: Power Resource [PWRS]
Jul 28 03:43:53 taichi kernel: ACPI: PM: Power Resource [PWRS]
Jul 28 03:43:53 taichi kernel: ACPI: PM: Power Resource [PWRS]
Jul 28 03:43:53 taichi kernel: ACPI: PM: Power Resource [PWRS]
Jul 28 03:43:53 taichi kernel: ACPI: PM: Power Resource [PWRS]
Jul 28 03:43:53 taichi kernel: ACPI: PM: Power Resource [PWRS]
Jul 28 03:43:53 taichi kernel: ACPI: PM: Power Resource [PWRS]
Jul 28 03:43:53 taichi kernel: ACPI: PM: Power Resource [PWRS]
Jul 28 03:43:53 taichi kernel: ACPI: PM: Power Resource [PWRS]
Jul 28 03:43:53 taichi kernel: ACPI: PM: Power Resource [PWRS]
Jul 28 03:43:53 taichi kernel: ACPI: PM: Power Resource [PWRS]
Jul 28 03:43:53 taichi kernel: ACPI: PM: Power Resource [PWRS]
Jul 28 03:43:53 taichi kernel: ACPI: PM: Power Resource [PWRS]
Jul 28 03:43:53 taichi kernel: ACPI: PM: Power Resource [PWRS]
Jul 28 03:43:53 taichi kernel: ACPI: PM: Power Resource [PWRS]
Jul 28 03:43:53 taichi kernel: ACPI: PM: Power Resource [PWRS]
Jul 28 03:43:53 taichi kernel: ACPI: PM: Power Resource [PWRS]
Jul 28 03:43:53 taichi kernel: ACPI: PM: Power Resource [PWRS]
Jul 28 03:43:53 taichi kernel: ACPI: PM: Power Resource [PWRS]
Jul 28 03:43:53 taichi kernel: ACPI: PM: Power Resource [PWRS]
Jul 28 03:43:53 taichi kernel: ACPI: PM: Power Resource [PWRS]
Jul 28 03:43:53 taichi kernel: ACPI: PM: Power Resource [PWRS]
Jul 28 03:43:53 taichi kernel: ACPI: PM: Power Resource [PWRS]
Jul 28 03:43:53 taichi kernel: ACPI: PCI Root Bridge [PCI0] (domain 0000 [bus 00-ff])
Jul 28 03:43:53 taichi kernel: acpi PNP0A08:00: _OSC: OS supports [ExtendedConfig ASPM ClockPM Segments MSI EDR HPX-Type3]
Jul 28 03:43:53 taichi kernel: acpi PNP0A08:00: _OSC: OS now controls [PCIeHotplug SHPCHotplug PME AER PCIeCapability LTR DPC]
Jul 28 03:43:53 taichi kernel: acpi PNP0A08:00: [Firmware Info]: MMCONFIG for domain 0000 [bus 00-7f] only partially covers this bridge
Jul 28 03:43:53 taichi kernel: PCI host bridge to bus 0000:00
Jul 28 03:43:53 taichi kernel: pci_bus 0000:00: root bus resource [io  0x0000-0x03af window]
Jul 28 03:43:53 taichi kernel: pci_bus 0000:00: root bus resource [io  0x03e0-0x0cf7 window]
Jul 28 03:43:53 taichi kernel: pci_bus 0000:00: root bus resource [io  0x03b0-0x03df window]
Jul 28 03:43:53 taichi kernel: pci_bus 0000:00: root bus resource [io  0x0d00-0xffff window]
Jul 28 03:43:53 taichi kernel: pci_bus 0000:00: root bus resource [mem 0x000a0000-0x000dffff window]
Jul 28 03:43:53 taichi kernel: pci_bus 0000:00: root bus resource [mem 0x80000000-0xefffffff window]
Jul 28 03:43:53 taichi kernel: pci_bus 0000:00: root bus resource [mem 0x2080000000-0xffffffffff window]
Jul 28 03:43:53 taichi kernel: pci_bus 0000:00: root bus resource [bus 00-ff]
Jul 28 03:43:53 taichi kernel: pci 0000:00:00.0: [1022:14d8] type 00 class 0x060000
Jul 28 03:43:53 taichi kernel: pci 0000:00:01.0: [1022:14da] type 00 class 0x060000
Jul 28 03:43:53 taichi kernel: pci 0000:00:01.1: [1022:14db] type 01 class 0x060400
Jul 28 03:43:53 taichi kernel: pci 0000:00:01.1: PME# supported from D0 D3hot D3cold
Jul 28 03:43:53 taichi kernel: pci 0000:00:01.2: [1022:14db] type 01 class 0x060400
Jul 28 03:43:53 taichi kernel: pci 0000:00:01.2: PME# supported from D0 D3hot D3cold
Jul 28 03:43:53 taichi kernel: pci 0000:00:02.0: [1022:14da] type 00 class 0x060000
Jul 28 03:43:53 taichi kernel: pci 0000:00:02.1: [1022:14db] type 01 class 0x060400
Jul 28 03:43:53 taichi kernel: pci 0000:00:02.1: enabling Extended Tags
Jul 28 03:43:53 taichi kernel: pci 0000:00:02.1: PME# supported from D0 D3hot D3cold
Jul 28 03:43:53 taichi kernel: pci 0000:00:02.2: [1022:14db] type 01 class 0x060400
Jul 28 03:43:53 taichi kernel: pci 0000:00:02.2: enabling Extended Tags
Jul 28 03:43:53 taichi kernel: pci 0000:00:02.2: PME# supported from D0 D3hot D3cold
Jul 28 03:43:53 taichi kernel: pci 0000:00:03.0: [1022:14da] type 00 class 0x060000
Jul 28 03:43:53 taichi kernel: pci 0000:00:04.0: [1022:14da] type 00 class 0x060000
Jul 28 03:43:53 taichi kernel: pci 0000:00:08.0: [1022:14da] type 00 class 0x060000
Jul 28 03:43:53 taichi kernel: pci 0000:00:08.1: [1022:14dd] type 01 class 0x060400
Jul 28 03:43:53 taichi kernel: pci 0000:00:08.1: enabling Extended Tags
Jul 28 03:43:53 taichi kernel: pci 0000:00:08.1: PME# supported from D0 D3hot D3cold
Jul 28 03:43:53 taichi kernel: pci 0000:00:08.3: [1022:14dd] type 01 class 0x060400
Jul 28 03:43:53 taichi kernel: pci 0000:00:08.3: enabling Extended Tags
Jul 28 03:43:53 taichi kernel: pci 0000:00:08.3: PME# supported from D0 D3hot D3cold
Jul 28 03:43:53 taichi kernel: pci 0000:00:14.0: [1022:790b] type 00 class 0x0c0500
Jul 28 03:43:53 taichi kernel: pci 0000:00:14.3: [1022:790e] type 00 class 0x060100
Jul 28 03:43:53 taichi kernel: pci 0000:00:18.0: [1022:14e0] type 00 class 0x060000
Jul 28 03:43:53 taichi kernel: pci 0000:00:18.1: [1022:14e1] type 00 class 0x060000
Jul 28 03:43:53 taichi kernel: pci 0000:00:18.2: [1022:14e2] type 00 class 0x060000
Jul 28 03:43:53 taichi kernel: pci 0000:00:18.3: [1022:14e3] type 00 class 0x060000
Jul 28 03:43:53 taichi kernel: pci 0000:00:18.4: [1022:14e4] type 00 class 0x060000
Jul 28 03:43:53 taichi kernel: pci 0000:00:18.5: [1022:14e5] type 00 class 0x060000
Jul 28 03:43:53 taichi kernel: pci 0000:00:18.6: [1022:14e6] type 00 class 0x060000
Jul 28 03:43:53 taichi kernel: pci 0000:00:18.7: [1022:14e7] type 00 class 0x060000
Jul 28 03:43:53 taichi kernel: pci 0000:01:00.0: [1002:1478] type 01 class 0x060400
Jul 28 03:43:53 taichi kernel: pci 0000:01:00.0: reg 0x10: [mem 0xef100000-0xef103fff]
Jul 28 03:43:53 taichi kernel: pci 0000:01:00.0: PME# supported from D0 D3hot D3cold
Jul 28 03:43:53 taichi kernel: pci 0000:00:01.1: PCI bridge to [bus 01-03]
Jul 28 03:43:53 taichi kernel: pci 0000:00:01.1:   bridge window [io  0xf000-0xffff]
Jul 28 03:43:53 taichi kernel: pci 0000:00:01.1:   bridge window [mem 0xeef00000-0xef1fffff]
Jul 28 03:43:53 taichi kernel: pci 0000:00:01.1:   bridge window [mem 0xf800000000-0xfc0fffffff 64bit pref]
Jul 28 03:43:53 taichi kernel: pci 0000:02:00.0: [1002:1479] type 01 class 0x060400
Jul 28 03:43:53 taichi kernel: pci 0000:02:00.0: PME# supported from D0 D3hot D3cold
Jul 28 03:43:53 taichi kernel: pci 0000:01:00.0: PCI bridge to [bus 02-03]
Jul 28 03:43:53 taichi kernel: pci 0000:01:00.0:   bridge window [io  0xf000-0xffff]
Jul 28 03:43:53 taichi kernel: pci 0000:01:00.0:   bridge window [mem 0xeef00000-0xef0fffff]
Jul 28 03:43:53 taichi kernel: pci 0000:01:00.0:   bridge window [mem 0xf800000000-0xfc0fffffff 64bit pref]
Jul 28 03:43:53 taichi kernel: pci 0000:03:00.0: [1002:73a5] type 00 class 0x030000
Jul 28 03:43:53 taichi kernel: pci 0000:03:00.0: reg 0x10: [mem 0xf800000000-0xfbffffffff 64bit pref]
Jul 28 03:43:53 taichi kernel: pci 0000:03:00.0: reg 0x18: [mem 0xfc00000000-0xfc0fffffff 64bit pref]
Jul 28 03:43:53 taichi kernel: pci 0000:03:00.0: reg 0x20: [io  0xf000-0xf0ff]
Jul 28 03:43:53 taichi kernel: pci 0000:03:00.0: reg 0x24: [mem 0xeef00000-0xeeffffff]
Jul 28 03:43:53 taichi kernel: pci 0000:03:00.0: reg 0x30: [mem 0xef000000-0xef01ffff pref]
Jul 28 03:43:53 taichi kernel: pci 0000:03:00.0: BAR 0: assigned to efifb
Jul 28 03:43:53 taichi kernel: pci 0000:03:00.0: PME# supported from D1 D2 D3hot D3cold
Jul 28 03:43:53 taichi kernel: pci 0000:03:00.1: [1002:ab28] type 00 class 0x040300
Jul 28 03:43:53 taichi kernel: pci 0000:03:00.1: reg 0x10: [mem 0xef020000-0xef023fff]
Jul 28 03:43:53 taichi kernel: pci 0000:03:00.1: PME# supported from D1 D2 D3hot D3cold
Jul 28 03:43:53 taichi kernel: pci 0000:02:00.0: PCI bridge to [bus 03]
Jul 28 03:43:53 taichi kernel: pci 0000:02:00.0:   bridge window [io  0xf000-0xffff]
Jul 28 03:43:53 taichi kernel: pci 0000:02:00.0:   bridge window [mem 0xeef00000-0xef0fffff]
Jul 28 03:43:53 taichi kernel: pci 0000:02:00.0:   bridge window [mem 0xf800000000-0xfc0fffffff 64bit pref]
Jul 28 03:43:53 taichi kernel: pci 0000:04:00.0: [8086:1136] type 01 class 0x060400
Jul 28 03:43:53 taichi kernel: pci 0000:04:00.0: supports D1 D2
Jul 28 03:43:53 taichi kernel: pci 0000:04:00.0: PME# supported from D0 D1 D2 D3hot D3cold
Jul 28 03:43:53 taichi kernel: pci 0000:00:01.2: PCI bridge to [bus 04-44]
Jul 28 03:43:53 taichi kernel: pci 0000:00:01.2:   bridge window [io  0xc000-0xdfff]
Jul 28 03:43:53 taichi kernel: pci 0000:00:01.2:   bridge window [mem 0xc0000000-0xee1fffff]
Jul 28 03:43:53 taichi kernel: pci 0000:00:01.2:   bridge window [mem 0xfc20000000-0xfc69ffffff 64bit pref]
Jul 28 03:43:53 taichi kernel: pci 0000:05:00.0: [8086:1136] type 01 class 0x060400
Jul 28 03:43:53 taichi kernel: pci 0000:05:00.0: supports D1 D2
Jul 28 03:43:53 taichi kernel: pci 0000:05:00.0: PME# supported from D0 D1 D2 D3hot D3cold
Jul 28 03:43:53 taichi kernel: pci 0000:05:01.0: [8086:1136] type 01 class 0x060400
Jul 28 03:43:53 taichi kernel: pci 0000:05:01.0: supports D1 D2
Jul 28 03:43:53 taichi kernel: pci 0000:05:01.0: PME# supported from D0 D1 D2 D3hot D3cold
Jul 28 03:43:53 taichi kernel: pci 0000:05:02.0: [8086:1136] type 01 class 0x060400
Jul 28 03:43:53 taichi kernel: pci 0000:05:02.0: supports D1 D2
Jul 28 03:43:53 taichi kernel: pci 0000:05:02.0: PME# supported from D0 D1 D2 D3hot D3cold
Jul 28 03:43:53 taichi kernel: pci 0000:05:03.0: [8086:1136] type 01 class 0x060400
Jul 28 03:43:53 taichi kernel: pci 0000:05:03.0: supports D1 D2
Jul 28 03:43:53 taichi kernel: pci 0000:05:03.0: PME# supported from D0 D1 D2 D3hot D3cold
Jul 28 03:43:53 taichi kernel: pci 0000:04:00.0: PCI bridge to [bus 05-09]
Jul 28 03:43:53 taichi kernel: pci 0000:04:00.0:   bridge window [io  0x0000-0x0fff]
Jul 28 03:43:53 taichi kernel: pci 0000:04:00.0:   bridge window [mem 0x00000000-0x000fffff]
Jul 28 03:43:53 taichi kernel: pci 0000:04:00.0:   bridge window [mem 0x00000000-0x000fffff 64bit pref]
Jul 28 03:43:53 taichi kernel: pci 0000:06:00.0: [8086:1137] type 00 class 0x0c0340
Jul 28 03:43:53 taichi kernel: pci 0000:06:00.0: reg 0x10: [mem 0x00000000-0x0003ffff 64bit pref]
Jul 28 03:43:53 taichi kernel: pci 0000:06:00.0: reg 0x18: [mem 0x00000000-0x00000fff 64bit pref]
Jul 28 03:43:53 taichi kernel: pci 0000:06:00.0: supports D1 D2
Jul 28 03:43:53 taichi kernel: pci 0000:06:00.0: PME# supported from D0 D1 D2 D3hot D3cold
Jul 28 03:43:53 taichi kernel: pci 0000:05:00.0: PCI bridge to [bus 06]
Jul 28 03:43:53 taichi kernel: pci 0000:05:00.0:   bridge window [io  0x0000-0x0fff]
Jul 28 03:43:53 taichi kernel: pci 0000:05:00.0:   bridge window [mem 0x00000000-0x000fffff]
Jul 28 03:43:53 taichi kernel: pci 0000:05:00.0:   bridge window [mem 0x00000000-0x000fffff 64bit pref]
Jul 28 03:43:53 taichi kernel: pci 0000:05:01.0: PCI bridge to [bus 07]
Jul 28 03:43:53 taichi kernel: pci 0000:05:01.0:   bridge window [io  0x0000-0x0fff]
Jul 28 03:43:53 taichi kernel: pci 0000:05:01.0:   bridge window [mem 0x00000000-0x000fffff]
Jul 28 03:43:53 taichi kernel: pci 0000:05:01.0:   bridge window [mem 0x00000000-0x000fffff 64bit pref]
Jul 28 03:43:53 taichi kernel: pci 0000:08:00.0: [8086:1138] type 00 class 0x0c0330
Jul 28 03:43:53 taichi kernel: pci 0000:08:00.0: reg 0x10: [mem 0x00000000-0x0000ffff 64bit]
Jul 28 03:43:53 taichi kernel: pci 0000:08:00.0: PME# supported from D3hot D3cold
Jul 28 03:43:53 taichi kernel: pci 0000:05:02.0: PCI bridge to [bus 08]
Jul 28 03:43:53 taichi kernel: pci 0000:05:02.0:   bridge window [io  0x0000-0x0fff]
Jul 28 03:43:53 taichi kernel: pci 0000:05:02.0:   bridge window [mem 0x00000000-0x000fffff]
Jul 28 03:43:53 taichi kernel: pci 0000:05:02.0:   bridge window [mem 0x00000000-0x000fffff 64bit pref]
Jul 28 03:43:53 taichi kernel: pci 0000:05:03.0: PCI bridge to [bus 09]
Jul 28 03:43:53 taichi kernel: pci 0000:05:03.0:   bridge window [io  0x0000-0x0fff]
Jul 28 03:43:53 taichi kernel: pci 0000:05:03.0:   bridge window [mem 0x00000000-0x000fffff]
Jul 28 03:43:53 taichi kernel: pci 0000:05:03.0:   bridge window [mem 0x00000000-0x000fffff 64bit pref]
Jul 28 03:43:53 taichi kernel: pci 0000:45:00.0: [1022:43f4] type 01 class 0x060400
Jul 28 03:43:53 taichi kernel: pci 0000:45:00.0: enabling Extended Tags
Jul 28 03:43:53 taichi kernel: pci 0000:45:00.0: PME# supported from D0 D3hot D3cold
Jul 28 03:43:53 taichi kernel: pci 0000:00:02.1: PCI bridge to [bus 45-57]
Jul 28 03:43:53 taichi kernel: pci 0000:00:02.1:   bridge window [io  0x9000-0xbfff]
Jul 28 03:43:53 taichi kernel: pci 0000:00:02.1:   bridge window [mem 0xee300000-0xeeafffff]
Jul 28 03:43:53 taichi kernel: pci 0000:46:00.0: [1022:43f5] type 01 class 0x060400
Jul 28 03:43:53 taichi kernel: pci 0000:46:00.0: enabling Extended Tags
Jul 28 03:43:53 taichi kernel: pci 0000:46:00.0: PME# supported from D0 D3hot D3cold
Jul 28 03:43:53 taichi kernel: pci 0000:46:04.0: [1022:43f5] type 01 class 0x060400
Jul 28 03:43:53 taichi kernel: pci 0000:46:04.0: enabling Extended Tags
Jul 28 03:43:53 taichi kernel: pci 0000:46:04.0: PME# supported from D0 D3hot D3cold
Jul 28 03:43:53 taichi kernel: pci 0000:46:05.0: [1022:43f5] type 01 class 0x060400
Jul 28 03:43:53 taichi kernel: pci 0000:46:05.0: enabling Extended Tags
Jul 28 03:43:53 taichi kernel: pci 0000:46:05.0: PME# supported from D0 D3hot D3cold
Jul 28 03:43:53 taichi kernel: pci 0000:46:06.0: [1022:43f5] type 01 class 0x060400
Jul 28 03:43:53 taichi kernel: pci 0000:46:06.0: enabling Extended Tags
Jul 28 03:43:53 taichi kernel: pci 0000:46:06.0: PME# supported from D0 D3hot D3cold
Jul 28 03:43:53 taichi kernel: pci 0000:46:07.0: [1022:43f5] type 01 class 0x060400
Jul 28 03:43:53 taichi kernel: pci 0000:46:07.0: enabling Extended Tags
Jul 28 03:43:53 taichi kernel: pci 0000:46:07.0: PME# supported from D0 D3hot D3cold
Jul 28 03:43:53 taichi kernel: pci 0000:46:08.0: [1022:43f5] type 01 class 0x060400
Jul 28 03:43:53 taichi kernel: pci 0000:46:08.0: enabling Extended Tags
Jul 28 03:43:53 taichi kernel: pci 0000:46:08.0: PME# supported from D0 D3hot D3cold
Jul 28 03:43:53 taichi kernel: pci 0000:46:0c.0: [1022:43f5] type 01 class 0x060400
Jul 28 03:43:53 taichi kernel: pci 0000:46:0c.0: enabling Extended Tags
Jul 28 03:43:53 taichi kernel: pci 0000:46:0c.0: PME# supported from D0 D3hot D3cold
Jul 28 03:43:53 taichi kernel: pci 0000:46:0d.0: [1022:43f5] type 01 class 0x060400
Jul 28 03:43:53 taichi kernel: pci 0000:46:0d.0: enabling Extended Tags
Jul 28 03:43:53 taichi kernel: pci 0000:46:0d.0: PME# supported from D0 D3hot D3cold
Jul 28 03:43:53 taichi kernel: pci 0000:45:00.0: PCI bridge to [bus 46-57]
Jul 28 03:43:53 taichi kernel: pci 0000:45:00.0:   bridge window [io  0x9000-0xbfff]
Jul 28 03:43:53 taichi kernel: pci 0000:45:00.0:   bridge window [mem 0xee300000-0xeeafffff]
Jul 28 03:43:53 taichi kernel: pci 0000:46:00.0: PCI bridge to [bus 47]
Jul 28 03:43:53 taichi kernel: pci 0000:48:00.0: [1b21:0612] type 00 class 0x010601
Jul 28 03:43:53 taichi kernel: pci 0000:48:00.0: reg 0x10: [io  0xb050-0xb057]
Jul 28 03:43:53 taichi kernel: pci 0000:48:00.0: reg 0x14: [io  0xb040-0xb043]
Jul 28 03:43:53 taichi kernel: pci 0000:48:00.0: reg 0x18: [io  0xb030-0xb037]
Jul 28 03:43:53 taichi kernel: pci 0000:48:00.0: reg 0x1c: [io  0xb020-0xb023]
Jul 28 03:43:53 taichi kernel: pci 0000:48:00.0: reg 0x20: [io  0xb000-0xb01f]
Jul 28 03:43:53 taichi kernel: pci 0000:48:00.0: reg 0x24: [mem 0xeea00000-0xeea001ff]
Jul 28 03:43:53 taichi kernel: pci 0000:46:04.0: PCI bridge to [bus 48]
Jul 28 03:43:53 taichi kernel: pci 0000:46:04.0:   bridge window [io  0xb000-0xbfff]
Jul 28 03:43:53 taichi kernel: pci 0000:46:04.0:   bridge window [mem 0xeea00000-0xeeafffff]
Jul 28 03:43:53 taichi kernel: pci 0000:49:00.0: [8086:2725] type 00 class 0x028000
Jul 28 03:43:53 taichi kernel: pci 0000:49:00.0: reg 0x10: [mem 0xee900000-0xee903fff 64bit]
Jul 28 03:43:53 taichi kernel: pci 0000:49:00.0: PME# supported from D0 D3hot D3cold
Jul 28 03:43:53 taichi kernel: pci 0000:46:05.0: PCI bridge to [bus 49]
Jul 28 03:43:53 taichi kernel: pci 0000:46:05.0:   bridge window [mem 0xee900000-0xee9fffff]
Jul 28 03:43:53 taichi kernel: pci 0000:4a:00.0: [10ec:3000] type 00 class 0x020000
Jul 28 03:43:53 taichi kernel: pci 0000:4a:00.0: reg 0x10: [io  0xa000-0xa0ff]
Jul 28 03:43:53 taichi kernel: pci 0000:4a:00.0: reg 0x18: [mem 0xee800000-0xee80ffff 64bit]
Jul 28 03:43:53 taichi kernel: pci 0000:4a:00.0: reg 0x20: [mem 0xee810000-0xee813fff 64bit]
Jul 28 03:43:53 taichi kernel: pci 0000:4a:00.0: supports D1 D2
Jul 28 03:43:53 taichi kernel: pci 0000:4a:00.0: PME# supported from D0 D1 D2 D3hot D3cold
Jul 28 03:43:53 taichi kernel: pci 0000:46:06.0: PCI bridge to [bus 4a]
Jul 28 03:43:53 taichi kernel: pci 0000:46:06.0:   bridge window [io  0xa000-0xafff]
Jul 28 03:43:53 taichi kernel: pci 0000:46:06.0:   bridge window [mem 0xee800000-0xee8fffff]
Jul 28 03:43:53 taichi kernel: pci 0000:4b:00.0: [1b21:0612] type 00 class 0x010601
Jul 28 03:43:53 taichi kernel: pci 0000:4b:00.0: reg 0x10: [io  0x9050-0x9057]
Jul 28 03:43:53 taichi kernel: pci 0000:4b:00.0: reg 0x14: [io  0x9040-0x9043]
Jul 28 03:43:53 taichi kernel: pci 0000:4b:00.0: reg 0x18: [io  0x9030-0x9037]
Jul 28 03:43:53 taichi kernel: pci 0000:4b:00.0: reg 0x1c: [io  0x9020-0x9023]
Jul 28 03:43:53 taichi kernel: pci 0000:4b:00.0: reg 0x20: [io  0x9000-0x901f]
Jul 28 03:43:53 taichi kernel: pci 0000:4b:00.0: reg 0x24: [mem 0xee700000-0xee7001ff]
Jul 28 03:43:53 taichi kernel: pci 0000:46:07.0: PCI bridge to [bus 4b]
Jul 28 03:43:53 taichi kernel: pci 0000:46:07.0:   bridge window [io  0x9000-0x9fff]
Jul 28 03:43:53 taichi kernel: pci 0000:46:07.0:   bridge window [mem 0xee700000-0xee7fffff]
Jul 28 03:43:53 taichi kernel: pci 0000:4c:00.0: [1022:43f4] type 01 class 0x060400
Jul 28 03:43:53 taichi kernel: pci 0000:4c:00.0: enabling Extended Tags
Jul 28 03:43:53 taichi kernel: pci 0000:4c:00.0: PME# supported from D0 D3hot D3cold
Jul 28 03:43:53 taichi kernel: pci 0000:46:08.0: PCI bridge to [bus 4c-55]
Jul 28 03:43:53 taichi kernel: pci 0000:46:08.0:   bridge window [mem 0xee300000-0xee4fffff]
Jul 28 03:43:53 taichi kernel: pci 0000:4d:00.0: [1022:43f5] type 01 class 0x060400
Jul 28 03:43:53 taichi kernel: pci 0000:4d:00.0: enabling Extended Tags
Jul 28 03:43:53 taichi kernel: pci 0000:4d:00.0: PME# supported from D0 D3hot D3cold
Jul 28 03:43:53 taichi kernel: pci 0000:4d:04.0: [1022:43f5] type 01 class 0x060400
Jul 28 03:43:53 taichi kernel: pci 0000:4d:04.0: enabling Extended Tags
Jul 28 03:43:53 taichi kernel: pci 0000:4d:04.0: PME# supported from D0 D3hot D3cold
Jul 28 03:43:53 taichi kernel: pci 0000:4d:05.0: [1022:43f5] type 01 class 0x060400
Jul 28 03:43:53 taichi kernel: pci 0000:4d:05.0: enabling Extended Tags
Jul 28 03:43:53 taichi kernel: pci 0000:4d:05.0: PME# supported from D0 D3hot D3cold
Jul 28 03:43:53 taichi kernel: pci 0000:4d:06.0: [1022:43f5] type 01 class 0x060400
Jul 28 03:43:53 taichi kernel: pci 0000:4d:06.0: enabling Extended Tags
Jul 28 03:43:53 taichi kernel: pci 0000:4d:06.0: PME# supported from D0 D3hot D3cold
Jul 28 03:43:53 taichi kernel: pci 0000:4d:07.0: [1022:43f5] type 01 class 0x060400
Jul 28 03:43:53 taichi kernel: pci 0000:4d:07.0: enabling Extended Tags
Jul 28 03:43:53 taichi kernel: pci 0000:4d:07.0: PME# supported from D0 D3hot D3cold
Jul 28 03:43:53 taichi kernel: pci 0000:4d:08.0: [1022:43f5] type 01 class 0x060400
Jul 28 03:43:53 taichi kernel: pci 0000:4d:08.0: enabling Extended Tags
Jul 28 03:43:53 taichi kernel: pci 0000:4d:08.0: PME# supported from D0 D3hot D3cold
Jul 28 03:43:53 taichi kernel: pci 0000:4d:0c.0: [1022:43f5] type 01 class 0x060400
Jul 28 03:43:53 taichi kernel: pci 0000:4d:0c.0: enabling Extended Tags
Jul 28 03:43:53 taichi kernel: pci 0000:4d:0c.0: PME# supported from D0 D3hot D3cold
Jul 28 03:43:53 taichi kernel: pci 0000:4d:0d.0: [1022:43f5] type 01 class 0x060400
Jul 28 03:43:53 taichi kernel: pci 0000:4d:0d.0: enabling Extended Tags
Jul 28 03:43:53 taichi kernel: pci 0000:4d:0d.0: PME# supported from D0 D3hot D3cold
Jul 28 03:43:53 taichi kernel: pci 0000:4c:00.0: PCI bridge to [bus 4d-55]
Jul 28 03:43:53 taichi kernel: pci 0000:4c:00.0:   bridge window [mem 0xee300000-0xee4fffff]
Jul 28 03:43:53 taichi kernel: pci 0000:4d:00.0: PCI bridge to [bus 4e]
Jul 28 03:43:53 taichi kernel: pci 0000:4d:04.0: PCI bridge to [bus 4f]
Jul 28 03:43:53 taichi kernel: pci 0000:4d:05.0: PCI bridge to [bus 50]
Jul 28 03:43:53 taichi kernel: pci 0000:4d:06.0: PCI bridge to [bus 51]
Jul 28 03:43:53 taichi kernel: pci 0000:4d:07.0: PCI bridge to [bus 52]
Jul 28 03:43:53 taichi kernel: pci 0000:4d:08.0: PCI bridge to [bus 53]
Jul 28 03:43:53 taichi kernel: pci 0000:54:00.0: [1022:43f7] type 00 class 0x0c0330
Jul 28 03:43:53 taichi kernel: pci 0000:54:00.0: reg 0x10: [mem 0xee400000-0xee407fff 64bit]
Jul 28 03:43:53 taichi kernel: pci 0000:54:00.0: enabling Extended Tags
Jul 28 03:43:53 taichi kernel: pci 0000:54:00.0: PME# supported from D0 D3hot D3cold
Jul 28 03:43:53 taichi kernel: pci 0000:4d:0c.0: PCI bridge to [bus 54]
Jul 28 03:43:53 taichi kernel: pci 0000:4d:0c.0:   bridge window [mem 0xee400000-0xee4fffff]
Jul 28 03:43:53 taichi kernel: pci 0000:55:00.0: [1022:43f6] type 00 class 0x010601
Jul 28 03:43:53 taichi kernel: pci 0000:55:00.0: reg 0x24: [mem 0xee380000-0xee3803ff]
Jul 28 03:43:53 taichi kernel: pci 0000:55:00.0: reg 0x30: [mem 0xee300000-0xee37ffff pref]
Jul 28 03:43:53 taichi kernel: pci 0000:55:00.0: enabling Extended Tags
Jul 28 03:43:53 taichi kernel: pci 0000:55:00.0: PME# supported from D0 D3hot D3cold
Jul 28 03:43:53 taichi kernel: pci 0000:4d:0d.0: PCI bridge to [bus 55]
Jul 28 03:43:53 taichi kernel: pci 0000:4d:0d.0:   bridge window [mem 0xee300000-0xee3fffff]
Jul 28 03:43:53 taichi kernel: pci 0000:56:00.0: [1022:43f7] type 00 class 0x0c0330
Jul 28 03:43:53 taichi kernel: pci 0000:56:00.0: reg 0x10: [mem 0xee600000-0xee607fff 64bit]
Jul 28 03:43:53 taichi kernel: pci 0000:56:00.0: enabling Extended Tags
Jul 28 03:43:53 taichi kernel: pci 0000:56:00.0: PME# supported from D0 D3hot D3cold
Jul 28 03:43:53 taichi kernel: pci 0000:46:0c.0: PCI bridge to [bus 56]
Jul 28 03:43:53 taichi kernel: pci 0000:46:0c.0:   bridge window [mem 0xee600000-0xee6fffff]
Jul 28 03:43:53 taichi kernel: pci 0000:57:00.0: [1022:43f6] type 00 class 0x010601
Jul 28 03:43:53 taichi kernel: pci 0000:57:00.0: reg 0x24: [mem 0xee580000-0xee5803ff]
Jul 28 03:43:53 taichi kernel: pci 0000:57:00.0: reg 0x30: [mem 0xee500000-0xee57ffff pref]
Jul 28 03:43:53 taichi kernel: pci 0000:57:00.0: enabling Extended Tags
Jul 28 03:43:53 taichi kernel: pci 0000:57:00.0: PME# supported from D0 D3hot D3cold
Jul 28 03:43:53 taichi kernel: pci 0000:46:0d.0: PCI bridge to [bus 57]
Jul 28 03:43:53 taichi kernel: pci 0000:46:0d.0:   bridge window [mem 0xee500000-0xee5fffff]
Jul 28 03:43:53 taichi kernel: pci 0000:00:02.2: PCI bridge to [bus 58]
Jul 28 03:43:53 taichi kernel: pci 0000:59:00.0: [1002:164e] type 00 class 0x030000
Jul 28 03:43:53 taichi kernel: pci 0000:59:00.0: reg 0x10: [mem 0xfc70000000-0xfc7fffffff 64bit pref]
Jul 28 03:43:53 taichi kernel: pci 0000:59:00.0: reg 0x18: [mem 0xfc80000000-0xfc801fffff 64bit pref]
Jul 28 03:43:53 taichi kernel: pci 0000:59:00.0: reg 0x20: [io  0xe000-0xe0ff]
Jul 28 03:43:53 taichi kernel: pci 0000:59:00.0: reg 0x24: [mem 0xeee00000-0xeee7ffff]
Jul 28 03:43:53 taichi kernel: pci 0000:59:00.0: enabling Extended Tags
Jul 28 03:43:53 taichi kernel: pci 0000:59:00.0: PME# supported from D1 D2 D3hot D3cold
Jul 28 03:43:53 taichi kernel: pci 0000:59:00.1: [1002:1640] type 00 class 0x040300
Jul 28 03:43:53 taichi kernel: pci 0000:59:00.1: reg 0x10: [mem 0xeee88000-0xeee8bfff]
Jul 28 03:43:53 taichi kernel: pci 0000:59:00.1: enabling Extended Tags
Jul 28 03:43:53 taichi kernel: pci 0000:59:00.1: PME# supported from D1 D2 D3hot D3cold
Jul 28 03:43:53 taichi kernel: pci 0000:59:00.2: [1022:1649] type 00 class 0x108000
Jul 28 03:43:53 taichi kernel: pci 0000:59:00.2: reg 0x18: [mem 0xeed00000-0xeedfffff]
Jul 28 03:43:53 taichi kernel: pci 0000:59:00.2: reg 0x24: [mem 0xeee8c000-0xeee8dfff]
Jul 28 03:43:53 taichi kernel: pci 0000:59:00.2: enabling Extended Tags
Jul 28 03:43:53 taichi kernel: pci 0000:59:00.3: [1022:15b6] type 00 class 0x0c0330
Jul 28 03:43:53 taichi kernel: pci 0000:59:00.3: reg 0x10: [mem 0xeec00000-0xeecfffff 64bit]
Jul 28 03:43:53 taichi kernel: pci 0000:59:00.3: enabling Extended Tags
Jul 28 03:43:53 taichi kernel: pci 0000:59:00.3: PME# supported from D0 D3hot D3cold
Jul 28 03:43:53 taichi kernel: pci 0000:59:00.4: [1022:15b7] type 00 class 0x0c0330
Jul 28 03:43:53 taichi kernel: pci 0000:59:00.4: reg 0x10: [mem 0xeeb00000-0xeebfffff 64bit]
Jul 28 03:43:53 taichi kernel: pci 0000:59:00.4: enabling Extended Tags
Jul 28 03:43:53 taichi kernel: pci 0000:59:00.4: PME# supported from D0 D3hot D3cold
Jul 28 03:43:53 taichi kernel: pci 0000:59:00.6: [1022:15e3] type 00 class 0x040300
Jul 28 03:43:53 taichi kernel: pci 0000:59:00.6: reg 0x10: [mem 0xeee80000-0xeee87fff]
Jul 28 03:43:53 taichi kernel: pci 0000:59:00.6: enabling Extended Tags
Jul 28 03:43:53 taichi kernel: pci 0000:59:00.6: PME# supported from D0 D3hot D3cold
Jul 28 03:43:53 taichi kernel: pci 0000:00:08.1: PCI bridge to [bus 59]
Jul 28 03:43:53 taichi kernel: pci 0000:00:08.1:   bridge window [io  0xe000-0xefff]
Jul 28 03:43:53 taichi kernel: pci 0000:00:08.1:   bridge window [mem 0xeeb00000-0xeeefffff]
Jul 28 03:43:53 taichi kernel: pci 0000:00:08.1:   bridge window [mem 0xfc70000000-0xfc801fffff 64bit pref]
Jul 28 03:43:53 taichi kernel: pci 0000:5a:00.0: [1022:15b8] type 00 class 0x0c0330
Jul 28 03:43:53 taichi kernel: pci 0000:5a:00.0: reg 0x10: [mem 0xef200000-0xef2fffff 64bit]
Jul 28 03:43:53 taichi kernel: pci 0000:5a:00.0: enabling Extended Tags
Jul 28 03:43:53 taichi kernel: pci 0000:5a:00.0: PME# supported from D0 D3hot D3cold
Jul 28 03:43:53 taichi kernel: pci 0000:00:08.3: PCI bridge to [bus 5a]
Jul 28 03:43:53 taichi kernel: pci 0000:00:08.3:   bridge window [mem 0xef200000-0xef2fffff]
Jul 28 03:43:53 taichi kernel: ACPI: PCI: Interrupt link LNKA configured for IRQ 0
Jul 28 03:43:53 taichi kernel: ACPI: PCI: Interrupt link LNKB configured for IRQ 0
Jul 28 03:43:53 taichi kernel: ACPI: PCI: Interrupt link LNKC configured for IRQ 0
Jul 28 03:43:53 taichi kernel: ACPI: PCI: Interrupt link LNKD configured for IRQ 0
Jul 28 03:43:53 taichi kernel: ACPI: PCI: Interrupt link LNKE configured for IRQ 0
Jul 28 03:43:53 taichi kernel: ACPI: PCI: Interrupt link LNKF configured for IRQ 0
Jul 28 03:43:53 taichi kernel: ACPI: PCI: Interrupt link LNKG configured for IRQ 0
Jul 28 03:43:53 taichi kernel: ACPI: PCI: Interrupt link LNKH configured for IRQ 0
Jul 28 03:43:53 taichi kernel: iommu: Default domain type: Translated 
Jul 28 03:43:53 taichi kernel: iommu: DMA domain TLB invalidation policy: lazy mode 
Jul 28 03:43:53 taichi kernel: SCSI subsystem initialized
Jul 28 03:43:53 taichi kernel: libata version 3.00 loaded.
Jul 28 03:43:53 taichi kernel: ACPI: bus type USB registered
Jul 28 03:43:53 taichi kernel: usbcore: registered new interface driver usbfs
Jul 28 03:43:53 taichi kernel: usbcore: registered new interface driver hub
Jul 28 03:43:53 taichi kernel: usbcore: registered new device driver usb
Jul 28 03:43:53 taichi kernel: pps_core: LinuxPPS API ver. 1 registered
Jul 28 03:43:53 taichi kernel: pps_core: Software ver. 5.3.6 - Copyright 2005-2007 Rodolfo Giometti <giometti@linux.it>
Jul 28 03:43:53 taichi kernel: PTP clock support registered
Jul 28 03:43:53 taichi kernel: EDAC MC: Ver: 3.0.0
Jul 28 03:43:53 taichi kernel: Registered efivars operations
Jul 28 03:43:53 taichi kernel: NetLabel: Initializing
Jul 28 03:43:53 taichi kernel: NetLabel:  domain hash size = 128
Jul 28 03:43:53 taichi kernel: NetLabel:  protocols = UNLABELED CIPSOv4 CALIPSO
Jul 28 03:43:53 taichi kernel: NetLabel:  unlabeled traffic allowed by default
Jul 28 03:43:53 taichi kernel: mctp: management component transport protocol core
Jul 28 03:43:53 taichi kernel: NET: Registered PF_MCTP protocol family
Jul 28 03:43:53 taichi kernel: PCI: Using ACPI for IRQ routing
Jul 28 03:43:53 taichi kernel: PCI: pci_cache_line_size set to 64 bytes
Jul 28 03:43:53 taichi kernel: pci 0000:00:02.1: can't claim BAR 14 [mem 0xee300000-0xeeafffff]: address conflict with AMDIF031:00 [mem 0xee300000-0xee300fff]
Jul 28 03:43:53 taichi kernel: pci 0000:45:00.0: can't claim BAR 14 [mem 0xee300000-0xeeafffff]: no compatible bridge window
Jul 28 03:43:53 taichi kernel: pci 0000:46:04.0: can't claim BAR 14 [mem 0xeea00000-0xeeafffff]: no compatible bridge window
Jul 28 03:43:53 taichi kernel: pci 0000:46:05.0: can't claim BAR 14 [mem 0xee900000-0xee9fffff]: no compatible bridge window
Jul 28 03:43:53 taichi kernel: pci 0000:46:06.0: can't claim BAR 14 [mem 0xee800000-0xee8fffff]: no compatible bridge window
Jul 28 03:43:53 taichi kernel: pci 0000:46:07.0: can't claim BAR 14 [mem 0xee700000-0xee7fffff]: no compatible bridge window
Jul 28 03:43:53 taichi kernel: pci 0000:46:08.0: can't claim BAR 14 [mem 0xee300000-0xee4fffff]: no compatible bridge window
Jul 28 03:43:53 taichi kernel: pci 0000:4c:00.0: can't claim BAR 14 [mem 0xee300000-0xee4fffff]: no compatible bridge window
Jul 28 03:43:53 taichi kernel: pci 0000:4d:0c.0: can't claim BAR 14 [mem 0xee400000-0xee4fffff]: no compatible bridge window
Jul 28 03:43:53 taichi kernel: pci 0000:4d:0d.0: can't claim BAR 14 [mem 0xee300000-0xee3fffff]: no compatible bridge window
Jul 28 03:43:53 taichi kernel: pci 0000:46:0c.0: can't claim BAR 14 [mem 0xee600000-0xee6fffff]: no compatible bridge window
Jul 28 03:43:53 taichi kernel: pci 0000:46:0d.0: can't claim BAR 14 [mem 0xee500000-0xee5fffff]: no compatible bridge window
Jul 28 03:43:53 taichi kernel: pci 0000:4a:00.0: can't claim BAR 2 [mem 0xee800000-0xee80ffff 64bit]: no compatible bridge window
Jul 28 03:43:53 taichi kernel: pci 0000:4a:00.0: can't claim BAR 4 [mem 0xee810000-0xee813fff 64bit]: no compatible bridge window
Jul 28 03:43:53 taichi kernel: pci 0000:54:00.0: can't claim BAR 0 [mem 0xee400000-0xee407fff 64bit]: no compatible bridge window
Jul 28 03:43:53 taichi kernel: pci 0000:55:00.0: can't claim BAR 5 [mem 0xee380000-0xee3803ff]: no compatible bridge window
Jul 28 03:43:53 taichi kernel: pci 0000:56:00.0: can't claim BAR 0 [mem 0xee600000-0xee607fff 64bit]: no compatible bridge window
Jul 28 03:43:53 taichi kernel: pci 0000:48:00.0: can't claim BAR 5 [mem 0xeea00000-0xeea001ff]: no compatible bridge window
Jul 28 03:43:53 taichi kernel: pci 0000:49:00.0: can't claim BAR 0 [mem 0xee900000-0xee903fff 64bit]: no compatible bridge window
Jul 28 03:43:53 taichi kernel: pci 0000:4b:00.0: can't claim BAR 5 [mem 0xee700000-0xee7001ff]: no compatible bridge window
Jul 28 03:43:53 taichi kernel: pci 0000:57:00.0: can't claim BAR 5 [mem 0xee580000-0xee5803ff]: no compatible bridge window
Jul 28 03:43:53 taichi kernel: Expanded resource Reserved due to conflict with PCI Bus 0000:00
Jul 28 03:43:53 taichi kernel: e820: reserve RAM buffer [mem 0x09aff000-0x0bffffff]
Jul 28 03:43:53 taichi kernel: e820: reserve RAM buffer [mem 0x0a200000-0x0bffffff]
Jul 28 03:43:53 taichi kernel: e820: reserve RAM buffer [mem 0x0b000000-0x0bffffff]
Jul 28 03:43:53 taichi kernel: e820: reserve RAM buffer [mem 0x68531000-0x6bffffff]
Jul 28 03:43:53 taichi kernel: e820: reserve RAM buffer [mem 0x69962000-0x6bffffff]
Jul 28 03:43:53 taichi kernel: e820: reserve RAM buffer [mem 0x6d67f000-0x6fffffff]
Jul 28 03:43:53 taichi kernel: e820: reserve RAM buffer [mem 0x7bffb000-0x7bffffff]
Jul 28 03:43:53 taichi kernel: pci 0000:03:00.0: vgaarb: setting as boot VGA device
Jul 28 03:43:53 taichi kernel: pci 0000:03:00.0: vgaarb: bridge control possible
Jul 28 03:43:53 taichi kernel: pci 0000:03:00.0: vgaarb: VGA device added: decodes=io+mem,owns=none,locks=none
Jul 28 03:43:53 taichi kernel: pci 0000:59:00.0: vgaarb: bridge control possible
Jul 28 03:43:53 taichi kernel: pci 0000:59:00.0: vgaarb: VGA device added: decodes=io+mem,owns=none,locks=none
Jul 28 03:43:53 taichi kernel: vgaarb: loaded
Jul 28 03:43:53 taichi kernel: hpet0: at MMIO 0xfed00000, IRQs 2, 8, 0
Jul 28 03:43:53 taichi kernel: hpet0: 3 comparators, 32-bit 14.318180 MHz counter
Jul 28 03:43:53 taichi kernel: clocksource: Switched to clocksource tsc-early
Jul 28 03:43:53 taichi kernel: VFS: Disk quotas dquot_6.6.0
Jul 28 03:43:53 taichi kernel: VFS: Dquot-cache hash table entries: 512 (order 0, 4096 bytes)
Jul 28 03:43:53 taichi kernel: pnp: PnP ACPI init
Jul 28 03:43:53 taichi kernel: system 00:00: [mem 0xf0000000-0xf7ffffff] has been reserved
Jul 28 03:43:53 taichi kernel: system 00:01: [mem 0xfff80000-0xffffffff] has been reserved
Jul 28 03:43:53 taichi kernel: system 00:02: [mem 0x2058000000-0x2077ffffff window] has been reserved
Jul 28 03:43:53 taichi kernel: system 00:04: [io  0x0280-0x028f] has been reserved
Jul 28 03:43:53 taichi kernel: system 00:04: [io  0x0290-0x029f] has been reserved
Jul 28 03:43:53 taichi kernel: system 00:04: [io  0x02a0-0x02af] has been reserved
Jul 28 03:43:53 taichi kernel: system 00:04: [io  0x02b0-0x02bf] has been reserved
Jul 28 03:43:53 taichi kernel: system 00:05: [io  0x04d0-0x04d1] has been reserved
Jul 28 03:43:53 taichi kernel: system 00:05: [io  0x040b] has been reserved
Jul 28 03:43:53 taichi kernel: system 00:05: [io  0x04d6] has been reserved
Jul 28 03:43:53 taichi kernel: system 00:05: [io  0x0c00-0x0c01] has been reserved
Jul 28 03:43:53 taichi kernel: system 00:05: [io  0x0c14] has been reserved
Jul 28 03:43:53 taichi kernel: system 00:05: [io  0x0c50-0x0c51] has been reserved
Jul 28 03:43:53 taichi kernel: system 00:05: [io  0x0c52] has been reserved
Jul 28 03:43:53 taichi kernel: system 00:05: [io  0x0c6c] has been reserved
Jul 28 03:43:53 taichi kernel: system 00:05: [io  0x0c6f] has been reserved
Jul 28 03:43:53 taichi kernel: system 00:05: [io  0x0cd8-0x0cdf] has been reserved
Jul 28 03:43:53 taichi kernel: system 00:05: [io  0x0800-0x089f] has been reserved
Jul 28 03:43:53 taichi kernel: system 00:05: [io  0x0b00-0x0b0f] has been reserved
Jul 28 03:43:53 taichi kernel: system 00:05: [io  0x0b20-0x0b3f] has been reserved
Jul 28 03:43:53 taichi kernel: system 00:05: [io  0x0900-0x090f] has been reserved
Jul 28 03:43:53 taichi kernel: system 00:05: [io  0x0910-0x091f] has been reserved
Jul 28 03:43:53 taichi kernel: system 00:05: [mem 0xfec00000-0xfec00fff] could not be reserved
Jul 28 03:43:53 taichi kernel: system 00:05: [mem 0xfec01000-0xfec01fff] could not be reserved
Jul 28 03:43:53 taichi kernel: system 00:05: [mem 0xfedc0000-0xfedc0fff] has been reserved
Jul 28 03:43:53 taichi kernel: system 00:05: [mem 0xfee00000-0xfee00fff] has been reserved
Jul 28 03:43:53 taichi kernel: system 00:05: [mem 0xfed80000-0xfed8ffff] could not be reserved
Jul 28 03:43:53 taichi kernel: system 00:05: [mem 0xfec10000-0xfec10fff] has been reserved
Jul 28 03:43:53 taichi kernel: system 00:05: [mem 0xff000000-0xffffffff] could not be reserved
Jul 28 03:43:53 taichi kernel: pnp: PnP ACPI: found 6 devices
Jul 28 03:43:53 taichi kernel: clocksource: acpi_pm: mask: 0xffffff max_cycles: 0xffffff, max_idle_ns: 2085701024 ns
Jul 28 03:43:53 taichi kernel: NET: Registered PF_INET protocol family
Jul 28 03:43:53 taichi kernel: IP idents hash table entries: 262144 (order: 9, 2097152 bytes, linear)
Jul 28 03:43:53 taichi kernel: tcp_listen_portaddr_hash hash table entries: 65536 (order: 8, 1048576 bytes, linear)
Jul 28 03:43:53 taichi kernel: Table-perturb hash table entries: 65536 (order: 6, 262144 bytes, linear)
Jul 28 03:43:53 taichi kernel: TCP established hash table entries: 524288 (order: 10, 4194304 bytes, linear)
Jul 28 03:43:53 taichi kernel: TCP bind hash table entries: 65536 (order: 9, 2097152 bytes, linear)
Jul 28 03:43:53 taichi kernel: TCP: Hash tables configured (established 524288 bind 65536)
Jul 28 03:43:53 taichi kernel: MPTCP token hash table entries: 65536 (order: 8, 1572864 bytes, linear)
Jul 28 03:43:53 taichi kernel: UDP hash table entries: 65536 (order: 9, 2097152 bytes, linear)
Jul 28 03:43:53 taichi kernel: UDP-Lite hash table entries: 65536 (order: 9, 2097152 bytes, linear)
Jul 28 03:43:53 taichi kernel: NET: Registered PF_UNIX/PF_LOCAL protocol family
Jul 28 03:43:53 taichi kernel: NET: Registered PF_XDP protocol family
Jul 28 03:43:53 taichi kernel: pci 0000:55:00.0: can't claim BAR 6 [mem 0xee300000-0xee37ffff pref]: no compatible bridge window
Jul 28 03:43:53 taichi kernel: pci 0000:57:00.0: can't claim BAR 6 [mem 0xee500000-0xee57ffff pref]: no compatible bridge window
Jul 28 03:43:53 taichi kernel: pci 0000:05:01.0: bridge window [io  0x1000-0x0fff] to [bus 07] add_size 1000
Jul 28 03:43:53 taichi kernel: pci 0000:05:01.0: bridge window [mem 0x00100000-0x000fffff 64bit pref] to [bus 07] add_size 200000 add_align 100000
Jul 28 03:43:53 taichi kernel: pci 0000:05:01.0: bridge window [mem 0x00100000-0x000fffff] to [bus 07] add_size 200000 add_align 100000
Jul 28 03:43:53 taichi kernel: pci 0000:05:03.0: bridge window [io  0x1000-0x0fff] to [bus 09] add_size 1000
Jul 28 03:43:53 taichi kernel: pci 0000:05:03.0: bridge window [mem 0x00100000-0x000fffff 64bit pref] to [bus 09] add_size 200000 add_align 100000
Jul 28 03:43:53 taichi kernel: pci 0000:05:03.0: bridge window [mem 0x00100000-0x000fffff] to [bus 09] add_size 200000 add_align 100000
Jul 28 03:43:53 taichi kernel: pci 0000:04:00.0: bridge window [io  0x1000-0x0fff] to [bus 05-09] add_size 2000
Jul 28 03:43:53 taichi kernel: pci 0000:04:00.0: bridge window [mem 0x00100000-0x003fffff 64bit pref] to [bus 05-09] add_size 400000 add_align 100000
Jul 28 03:43:53 taichi kernel: pci 0000:04:00.0: bridge window [mem 0x00100000-0x003fffff] to [bus 05-09] add_size 400000 add_align 100000
Jul 28 03:43:53 taichi kernel: pci 0000:00:02.2: bridge window [io  0x1000-0x0fff] to [bus 58] add_size 1000
Jul 28 03:43:53 taichi kernel: pci 0000:00:02.2: bridge window [mem 0x00100000-0x000fffff 64bit pref] to [bus 58] add_size 200000 add_align 100000
Jul 28 03:43:53 taichi kernel: pci 0000:00:02.2: bridge window [mem 0x00100000-0x000fffff] to [bus 58] add_size 200000 add_align 100000
Jul 28 03:43:53 taichi kernel: pci 0000:00:02.1: BAR 14: assigned [mem 0x80000000-0x807fffff]
Jul 28 03:43:53 taichi kernel: pci 0000:00:02.2: BAR 14: assigned [mem 0x80800000-0x809fffff]
Jul 28 03:43:53 taichi kernel: pci 0000:00:02.2: BAR 15: assigned [mem 0x2080000000-0x20801fffff 64bit pref]
Jul 28 03:43:53 taichi kernel: pci 0000:00:02.2: BAR 13: assigned [io  0x1000-0x1fff]
Jul 28 03:43:53 taichi kernel: pci 0000:02:00.0: PCI bridge to [bus 03]
Jul 28 03:43:53 taichi kernel: pci 0000:02:00.0:   bridge window [io  0xf000-0xffff]
Jul 28 03:43:53 taichi kernel: pci 0000:02:00.0:   bridge window [mem 0xeef00000-0xef0fffff]
Jul 28 03:43:53 taichi kernel: pci 0000:02:00.0:   bridge window [mem 0xf800000000-0xfc0fffffff 64bit pref]
Jul 28 03:43:53 taichi kernel: pci 0000:01:00.0: PCI bridge to [bus 02-03]
Jul 28 03:43:53 taichi kernel: pci 0000:01:00.0:   bridge window [io  0xf000-0xffff]
Jul 28 03:43:53 taichi kernel: pci 0000:01:00.0:   bridge window [mem 0xeef00000-0xef0fffff]
Jul 28 03:43:53 taichi kernel: pci 0000:01:00.0:   bridge window [mem 0xf800000000-0xfc0fffffff 64bit pref]
Jul 28 03:43:53 taichi kernel: pci 0000:00:01.1: PCI bridge to [bus 01-03]
Jul 28 03:43:53 taichi kernel: pci 0000:00:01.1:   bridge window [io  0xf000-0xffff]
Jul 28 03:43:53 taichi kernel: pci 0000:00:01.1:   bridge window [mem 0xeef00000-0xef1fffff]
Jul 28 03:43:53 taichi kernel: pci 0000:00:01.1:   bridge window [mem 0xf800000000-0xfc0fffffff 64bit pref]
Jul 28 03:43:53 taichi kernel: pci 0000:04:00.0: BAR 14: assigned [mem 0xc0000000-0xee1fffff]
Jul 28 03:43:53 taichi kernel: pci 0000:04:00.0: BAR 15: assigned [mem 0xfc20000000-0xfc69ffffff 64bit pref]
Jul 28 03:43:53 taichi kernel: pci 0000:04:00.0: BAR 13: assigned [io  0xc000-0xdfff]
Jul 28 03:43:53 taichi kernel: pci 0000:05:00.0: BAR 15: assigned [mem 0xfc20000000-0xfc200fffff 64bit pref]
Jul 28 03:43:53 taichi kernel: pci 0000:05:01.0: BAR 14: assigned [mem 0xc0000000-0xd6ffffff]
Jul 28 03:43:53 taichi kernel: pci 0000:05:01.0: BAR 15: assigned [mem 0xfc20100000-0xfc44ffffff 64bit pref]
Jul 28 03:43:53 taichi kernel: pci 0000:05:02.0: BAR 14: assigned [mem 0xd7000000-0xd70fffff]
Jul 28 03:43:53 taichi kernel: pci 0000:05:03.0: BAR 14: assigned [mem 0xd7100000-0xee0fffff]
Jul 28 03:43:53 taichi kernel: pci 0000:05:03.0: BAR 15: assigned [mem 0xfc45000000-0xfc69efffff 64bit pref]
Jul 28 03:43:53 taichi kernel: pci 0000:05:01.0: BAR 13: assigned [io  0xc000-0xcfff]
Jul 28 03:43:53 taichi kernel: pci 0000:05:03.0: BAR 13: assigned [io  0xd000-0xdfff]
Jul 28 03:43:53 taichi kernel: pci 0000:06:00.0: BAR 0: assigned [mem 0xfc20000000-0xfc2003ffff 64bit pref]
Jul 28 03:43:53 taichi kernel: pci 0000:06:00.0: BAR 2: assigned [mem 0xfc20040000-0xfc20040fff 64bit pref]
Jul 28 03:43:53 taichi kernel: pci 0000:05:00.0: PCI bridge to [bus 06]
Jul 28 03:43:53 taichi kernel: pci 0000:05:00.0:   bridge window [mem 0xfc20000000-0xfc200fffff 64bit pref]
Jul 28 03:43:53 taichi kernel: pci 0000:05:01.0: PCI bridge to [bus 07]
Jul 28 03:43:53 taichi kernel: pci 0000:05:01.0:   bridge window [io  0xc000-0xcfff]
Jul 28 03:43:53 taichi kernel: pci 0000:05:01.0:   bridge window [mem 0xc0000000-0xd6ffffff]
Jul 28 03:43:53 taichi kernel: pci 0000:05:01.0:   bridge window [mem 0xfc20100000-0xfc44ffffff 64bit pref]
Jul 28 03:43:53 taichi kernel: pci 0000:08:00.0: BAR 0: assigned [mem 0xd7000000-0xd700ffff 64bit]
Jul 28 03:43:53 taichi kernel: pci 0000:05:02.0: PCI bridge to [bus 08]
Jul 28 03:43:53 taichi kernel: pci 0000:05:02.0:   bridge window [mem 0xd7000000-0xd70fffff]
Jul 28 03:43:53 taichi kernel: pci 0000:05:03.0: PCI bridge to [bus 09]
Jul 28 03:43:53 taichi kernel: pci 0000:05:03.0:   bridge window [io  0xd000-0xdfff]
Jul 28 03:43:53 taichi kernel: pci 0000:05:03.0:   bridge window [mem 0xd7100000-0xee0fffff]
Jul 28 03:43:53 taichi kernel: pci 0000:05:03.0:   bridge window [mem 0xfc45000000-0xfc69efffff 64bit pref]
Jul 28 03:43:53 taichi kernel: pci 0000:04:00.0: PCI bridge to [bus 05-09]
Jul 28 03:43:53 taichi kernel: pci 0000:04:00.0:   bridge window [io  0xc000-0xdfff]
Jul 28 03:43:53 taichi kernel: pci 0000:04:00.0:   bridge window [mem 0xc0000000-0xee1fffff]
Jul 28 03:43:53 taichi kernel: pci 0000:04:00.0:   bridge window [mem 0xfc20000000-0xfc69ffffff 64bit pref]
Jul 28 03:43:53 taichi kernel: pci 0000:00:01.2: PCI bridge to [bus 04-44]
Jul 28 03:43:53 taichi kernel: pci 0000:00:01.2:   bridge window [io  0xc000-0xdfff]
Jul 28 03:43:53 taichi kernel: pci 0000:00:01.2:   bridge window [mem 0xc0000000-0xee1fffff]
Jul 28 03:43:53 taichi kernel: pci 0000:00:01.2:   bridge window [mem 0xfc20000000-0xfc69ffffff 64bit pref]
Jul 28 03:43:53 taichi kernel: pci 0000:45:00.0: BAR 14: assigned [mem 0x80000000-0x807fffff]
Jul 28 03:43:53 taichi kernel: pci 0000:46:04.0: BAR 14: assigned [mem 0x80000000-0x800fffff]
Jul 28 03:43:53 taichi kernel: pci 0000:46:05.0: BAR 14: assigned [mem 0x80100000-0x801fffff]
Jul 28 03:43:53 taichi kernel: pci 0000:46:06.0: BAR 14: assigned [mem 0x80200000-0x802fffff]
Jul 28 03:43:53 taichi kernel: pci 0000:46:07.0: BAR 14: assigned [mem 0x80300000-0x803fffff]
Jul 28 03:43:53 taichi kernel: pci 0000:46:08.0: BAR 14: assigned [mem 0x80400000-0x805fffff]
Jul 28 03:43:53 taichi kernel: pci 0000:46:0c.0: BAR 14: assigned [mem 0x80600000-0x806fffff]
Jul 28 03:43:53 taichi kernel: pci 0000:46:0d.0: BAR 14: assigned [mem 0x80700000-0x807fffff]
Jul 28 03:43:53 taichi kernel: pci 0000:46:00.0: PCI bridge to [bus 47]
Jul 28 03:43:53 taichi kernel: pci 0000:48:00.0: BAR 5: assigned [mem 0x80000000-0x800001ff]
Jul 28 03:43:53 taichi kernel: pci 0000:46:04.0: PCI bridge to [bus 48]
Jul 28 03:43:53 taichi kernel: pci 0000:46:04.0:   bridge window [io  0xb000-0xbfff]
Jul 28 03:43:53 taichi kernel: pci 0000:46:04.0:   bridge window [mem 0x80000000-0x800fffff]
Jul 28 03:43:53 taichi kernel: pci 0000:49:00.0: BAR 0: assigned [mem 0x80100000-0x80103fff 64bit]
Jul 28 03:43:53 taichi kernel: pci 0000:46:05.0: PCI bridge to [bus 49]
Jul 28 03:43:53 taichi kernel: pci 0000:46:05.0:   bridge window [mem 0x80100000-0x801fffff]
Jul 28 03:43:53 taichi kernel: pci 0000:4a:00.0: BAR 2: assigned [mem 0x80200000-0x8020ffff 64bit]
Jul 28 03:43:53 taichi kernel: pci 0000:4a:00.0: BAR 4: assigned [mem 0x80210000-0x80213fff 64bit]
Jul 28 03:43:53 taichi kernel: pci 0000:46:06.0: PCI bridge to [bus 4a]
Jul 28 03:43:53 taichi kernel: pci 0000:46:06.0:   bridge window [io  0xa000-0xafff]
Jul 28 03:43:53 taichi kernel: pci 0000:46:06.0:   bridge window [mem 0x80200000-0x802fffff]
Jul 28 03:43:53 taichi kernel: pci 0000:4b:00.0: BAR 5: assigned [mem 0x80300000-0x803001ff]
Jul 28 03:43:53 taichi kernel: pci 0000:46:07.0: PCI bridge to [bus 4b]
Jul 28 03:43:53 taichi kernel: pci 0000:46:07.0:   bridge window [io  0x9000-0x9fff]
Jul 28 03:43:53 taichi kernel: pci 0000:46:07.0:   bridge window [mem 0x80300000-0x803fffff]
Jul 28 03:43:53 taichi kernel: pci 0000:4c:00.0: BAR 14: assigned [mem 0x80400000-0x805fffff]
Jul 28 03:43:53 taichi kernel: pci 0000:4d:0c.0: BAR 14: assigned [mem 0x80400000-0x804fffff]
Jul 28 03:43:53 taichi kernel: pci 0000:4d:0d.0: BAR 14: assigned [mem 0x80500000-0x805fffff]
Jul 28 03:43:53 taichi kernel: pci 0000:4d:00.0: PCI bridge to [bus 4e]
Jul 28 03:43:53 taichi kernel: pci 0000:4d:04.0: PCI bridge to [bus 4f]
Jul 28 03:43:53 taichi kernel: pci 0000:4d:05.0: PCI bridge to [bus 50]
Jul 28 03:43:53 taichi kernel: pci 0000:4d:06.0: PCI bridge to [bus 51]
Jul 28 03:43:53 taichi kernel: pci 0000:4d:07.0: PCI bridge to [bus 52]
Jul 28 03:43:53 taichi kernel: pci 0000:4d:08.0: PCI bridge to [bus 53]
Jul 28 03:43:53 taichi kernel: pci 0000:54:00.0: BAR 0: assigned [mem 0x80400000-0x80407fff 64bit]
Jul 28 03:43:53 taichi kernel: pci 0000:4d:0c.0: PCI bridge to [bus 54]
Jul 28 03:43:53 taichi kernel: pci 0000:4d:0c.0:   bridge window [mem 0x80400000-0x804fffff]
Jul 28 03:43:53 taichi kernel: pci 0000:55:00.0: BAR 6: assigned [mem 0x80500000-0x8057ffff pref]
Jul 28 03:43:53 taichi kernel: pci 0000:55:00.0: BAR 5: assigned [mem 0x80580000-0x805803ff]
Jul 28 03:43:53 taichi kernel: pci 0000:4d:0d.0: PCI bridge to [bus 55]
Jul 28 03:43:53 taichi kernel: pci 0000:4d:0d.0:   bridge window [mem 0x80500000-0x805fffff]
Jul 28 03:43:53 taichi kernel: pci 0000:4c:00.0: PCI bridge to [bus 4d-55]
Jul 28 03:43:53 taichi kernel: pci 0000:4c:00.0:   bridge window [mem 0x80400000-0x805fffff]
Jul 28 03:43:53 taichi kernel: pci 0000:46:08.0: PCI bridge to [bus 4c-55]
Jul 28 03:43:53 taichi kernel: pci 0000:46:08.0:   bridge window [mem 0x80400000-0x805fffff]
Jul 28 03:43:53 taichi kernel: pci 0000:56:00.0: BAR 0: assigned [mem 0x80600000-0x80607fff 64bit]
Jul 28 03:43:53 taichi kernel: pci 0000:46:0c.0: PCI bridge to [bus 56]
Jul 28 03:43:53 taichi kernel: pci 0000:46:0c.0:   bridge window [mem 0x80600000-0x806fffff]
Jul 28 03:43:53 taichi kernel: pci 0000:57:00.0: BAR 6: assigned [mem 0x80700000-0x8077ffff pref]
Jul 28 03:43:53 taichi kernel: pci 0000:57:00.0: BAR 5: assigned [mem 0x80780000-0x807803ff]
Jul 28 03:43:53 taichi kernel: pci 0000:46:0d.0: PCI bridge to [bus 57]
Jul 28 03:43:53 taichi kernel: pci 0000:46:0d.0:   bridge window [mem 0x80700000-0x807fffff]
Jul 28 03:43:53 taichi kernel: pci 0000:45:00.0: PCI bridge to [bus 46-57]
Jul 28 03:43:53 taichi kernel: pci 0000:45:00.0:   bridge window [io  0x9000-0xbfff]
Jul 28 03:43:53 taichi kernel: pci 0000:45:00.0:   bridge window [mem 0x80000000-0x807fffff]
Jul 28 03:43:53 taichi kernel: pci 0000:00:02.1: PCI bridge to [bus 45-57]
Jul 28 03:43:53 taichi kernel: pci 0000:00:02.1:   bridge window [io  0x9000-0xbfff]
Jul 28 03:43:53 taichi kernel: pci 0000:00:02.1:   bridge window [mem 0x80000000-0x807fffff]
Jul 28 03:43:53 taichi kernel: pci 0000:00:02.2: PCI bridge to [bus 58]
Jul 28 03:43:53 taichi kernel: pci 0000:00:02.2:   bridge window [io  0x1000-0x1fff]
Jul 28 03:43:53 taichi kernel: pci 0000:00:02.2:   bridge window [mem 0x80800000-0x809fffff]
Jul 28 03:43:53 taichi kernel: pci 0000:00:02.2:   bridge window [mem 0x2080000000-0x20801fffff 64bit pref]
Jul 28 03:43:53 taichi kernel: pci 0000:00:08.1: PCI bridge to [bus 59]
Jul 28 03:43:53 taichi kernel: pci 0000:00:08.1:   bridge window [io  0xe000-0xefff]
Jul 28 03:43:53 taichi kernel: pci 0000:00:08.1:   bridge window [mem 0xeeb00000-0xeeefffff]
Jul 28 03:43:53 taichi kernel: pci 0000:00:08.1:   bridge window [mem 0xfc70000000-0xfc801fffff 64bit pref]
Jul 28 03:43:53 taichi kernel: pci 0000:00:08.3: PCI bridge to [bus 5a]
Jul 28 03:43:53 taichi kernel: pci 0000:00:08.3:   bridge window [mem 0xef200000-0xef2fffff]
Jul 28 03:43:53 taichi kernel: pci_bus 0000:00: resource 4 [io  0x0000-0x03af window]
Jul 28 03:43:53 taichi kernel: pci_bus 0000:00: resource 5 [io  0x03e0-0x0cf7 window]
Jul 28 03:43:53 taichi kernel: pci_bus 0000:00: resource 6 [io  0x03b0-0x03df window]
Jul 28 03:43:53 taichi kernel: pci_bus 0000:00: resource 7 [io  0x0d00-0xffff window]
Jul 28 03:43:53 taichi kernel: pci_bus 0000:00: resource 8 [mem 0x000a0000-0x000dffff window]
Jul 28 03:43:53 taichi kernel: pci_bus 0000:00: resource 9 [mem 0x80000000-0xefffffff window]
Jul 28 03:43:53 taichi kernel: pci_bus 0000:00: resource 10 [mem 0x2080000000-0xffffffffff window]
Jul 28 03:43:53 taichi kernel: pci_bus 0000:01: resource 0 [io  0xf000-0xffff]
Jul 28 03:43:53 taichi kernel: pci_bus 0000:01: resource 1 [mem 0xeef00000-0xef1fffff]
Jul 28 03:43:53 taichi kernel: pci_bus 0000:01: resource 2 [mem 0xf800000000-0xfc0fffffff 64bit pref]
Jul 28 03:43:53 taichi kernel: pci_bus 0000:02: resource 0 [io  0xf000-0xffff]
Jul 28 03:43:53 taichi kernel: pci_bus 0000:02: resource 1 [mem 0xeef00000-0xef0fffff]
Jul 28 03:43:53 taichi kernel: pci_bus 0000:02: resource 2 [mem 0xf800000000-0xfc0fffffff 64bit pref]
Jul 28 03:43:53 taichi kernel: pci_bus 0000:03: resource 0 [io  0xf000-0xffff]
Jul 28 03:43:53 taichi kernel: pci_bus 0000:03: resource 1 [mem 0xeef00000-0xef0fffff]
Jul 28 03:43:53 taichi kernel: pci_bus 0000:03: resource 2 [mem 0xf800000000-0xfc0fffffff 64bit pref]
Jul 28 03:43:53 taichi kernel: pci_bus 0000:04: resource 0 [io  0xc000-0xdfff]
Jul 28 03:43:53 taichi kernel: pci_bus 0000:04: resource 1 [mem 0xc0000000-0xee1fffff]
Jul 28 03:43:53 taichi kernel: pci_bus 0000:04: resource 2 [mem 0xfc20000000-0xfc69ffffff 64bit pref]
Jul 28 03:43:53 taichi kernel: pci_bus 0000:05: resource 0 [io  0xc000-0xdfff]
Jul 28 03:43:53 taichi kernel: pci_bus 0000:05: resource 1 [mem 0xc0000000-0xee1fffff]
Jul 28 03:43:53 taichi kernel: pci_bus 0000:05: resource 2 [mem 0xfc20000000-0xfc69ffffff 64bit pref]
Jul 28 03:43:53 taichi kernel: pci_bus 0000:06: resource 2 [mem 0xfc20000000-0xfc200fffff 64bit pref]
Jul 28 03:43:53 taichi kernel: pci_bus 0000:07: resource 0 [io  0xc000-0xcfff]
Jul 28 03:43:53 taichi kernel: pci_bus 0000:07: resource 1 [mem 0xc0000000-0xd6ffffff]
Jul 28 03:43:53 taichi kernel: pci_bus 0000:07: resource 2 [mem 0xfc20100000-0xfc44ffffff 64bit pref]
Jul 28 03:43:53 taichi kernel: pci_bus 0000:08: resource 1 [mem 0xd7000000-0xd70fffff]
Jul 28 03:43:53 taichi kernel: pci_bus 0000:09: resource 0 [io  0xd000-0xdfff]
Jul 28 03:43:53 taichi kernel: pci_bus 0000:09: resource 1 [mem 0xd7100000-0xee0fffff]
Jul 28 03:43:53 taichi kernel: pci_bus 0000:09: resource 2 [mem 0xfc45000000-0xfc69efffff 64bit pref]
Jul 28 03:43:53 taichi kernel: pci_bus 0000:45: resource 0 [io  0x9000-0xbfff]
Jul 28 03:43:53 taichi kernel: pci_bus 0000:45: resource 1 [mem 0x80000000-0x807fffff]
Jul 28 03:43:53 taichi kernel: pci_bus 0000:46: resource 0 [io  0x9000-0xbfff]
Jul 28 03:43:53 taichi kernel: pci_bus 0000:46: resource 1 [mem 0x80000000-0x807fffff]
Jul 28 03:43:53 taichi kernel: pci_bus 0000:48: resource 0 [io  0xb000-0xbfff]
Jul 28 03:43:53 taichi kernel: pci_bus 0000:48: resource 1 [mem 0x80000000-0x800fffff]
Jul 28 03:43:53 taichi kernel: pci_bus 0000:49: resource 1 [mem 0x80100000-0x801fffff]
Jul 28 03:43:53 taichi kernel: pci_bus 0000:4a: resource 0 [io  0xa000-0xafff]
Jul 28 03:43:53 taichi kernel: pci_bus 0000:4a: resource 1 [mem 0x80200000-0x802fffff]
Jul 28 03:43:53 taichi kernel: pci_bus 0000:4b: resource 0 [io  0x9000-0x9fff]
Jul 28 03:43:53 taichi kernel: pci_bus 0000:4b: resource 1 [mem 0x80300000-0x803fffff]
Jul 28 03:43:53 taichi kernel: pci_bus 0000:4c: resource 1 [mem 0x80400000-0x805fffff]
Jul 28 03:43:53 taichi kernel: pci_bus 0000:4d: resource 1 [mem 0x80400000-0x805fffff]
Jul 28 03:43:53 taichi kernel: pci_bus 0000:54: resource 1 [mem 0x80400000-0x804fffff]
Jul 28 03:43:53 taichi kernel: pci_bus 0000:55: resource 1 [mem 0x80500000-0x805fffff]
Jul 28 03:43:53 taichi kernel: pci_bus 0000:56: resource 1 [mem 0x80600000-0x806fffff]
Jul 28 03:43:53 taichi kernel: pci_bus 0000:57: resource 1 [mem 0x80700000-0x807fffff]
Jul 28 03:43:53 taichi kernel: pci_bus 0000:58: resource 0 [io  0x1000-0x1fff]
Jul 28 03:43:53 taichi kernel: pci_bus 0000:58: resource 1 [mem 0x80800000-0x809fffff]
Jul 28 03:43:53 taichi kernel: pci_bus 0000:58: resource 2 [mem 0x2080000000-0x20801fffff 64bit pref]
Jul 28 03:43:53 taichi kernel: pci_bus 0000:59: resource 0 [io  0xe000-0xefff]
Jul 28 03:43:53 taichi kernel: pci_bus 0000:59: resource 1 [mem 0xeeb00000-0xeeefffff]
Jul 28 03:43:53 taichi kernel: pci_bus 0000:59: resource 2 [mem 0xfc70000000-0xfc801fffff 64bit pref]
Jul 28 03:43:53 taichi kernel: pci_bus 0000:5a: resource 1 [mem 0xef200000-0xef2fffff]
Jul 28 03:43:53 taichi kernel: pci 0000:03:00.1: D0 power state depends on 0000:03:00.0
Jul 28 03:43:53 taichi kernel: pci 0000:04:00.0: enabling device (0000 -> 0003)
Jul 28 03:43:53 taichi kernel: pci 0000:05:02.0: enabling device (0000 -> 0002)
Jul 28 03:43:53 taichi kernel: pci 0000:08:00.0: enabling device (0000 -> 0002)
Jul 28 03:43:53 taichi kernel: pci 0000:59:00.1: D0 power state depends on 0000:59:00.0
Jul 28 03:43:53 taichi kernel: PCI: CLS 64 bytes, default 64
Jul 28 03:43:53 taichi kernel: PCI-DMA: Using software bounce buffering for IO (SWIOTLB)
Jul 28 03:43:53 taichi kernel: software IO TLB: mapped [mem 0x0000000062a8a000-0x0000000066a8a000] (64MB)
Jul 28 03:43:53 taichi kernel: LVT offset 0 assigned for vector 0x400
Jul 28 03:43:53 taichi kernel: Trying to unpack rootfs image as initramfs...
Jul 28 03:43:53 taichi kernel: perf: AMD IBS detected (0x00000bff)
Jul 28 03:43:53 taichi kernel: Initialise system trusted keyrings
Jul 28 03:43:53 taichi kernel: Key type blacklist registered
Jul 28 03:43:53 taichi kernel: workingset: timestamp_bits=41 max_order=25 bucket_order=0
Jul 28 03:43:53 taichi kernel: zbud: loaded
Jul 28 03:43:53 taichi kernel: integrity: Platform Keyring initialized
Jul 28 03:43:53 taichi kernel: integrity: Machine keyring initialized
Jul 28 03:43:53 taichi kernel: Key type asymmetric registered
Jul 28 03:43:53 taichi kernel: Asymmetric key parser 'x509' registered
Jul 28 03:43:53 taichi kernel: Freeing initrd memory: 14708K
Jul 28 03:43:53 taichi kernel: alg: self-tests for CTR-KDF (hmac(sha256)) passed
Jul 28 03:43:53 taichi kernel: Block layer SCSI generic (bsg) driver version 0.4 loaded (major 242)
Jul 28 03:43:53 taichi kernel: io scheduler mq-deadline registered
Jul 28 03:43:53 taichi kernel: io scheduler kyber registered
Jul 28 03:43:53 taichi kernel: io scheduler bfq registered
Jul 28 03:43:53 taichi kernel: amd_gpio AMDI0030:00: Invalid config param 0014
Jul 28 03:43:53 taichi kernel: pcieport 0000:00:01.1: PME: Signaling with IRQ 29
Jul 28 03:43:53 taichi kernel: pcieport 0000:00:01.2: PME: Signaling with IRQ 30
Jul 28 03:43:53 taichi kernel: pcieport 0000:00:01.2: pciehp: Slot #0 AttnBtn- PwrCtrl- MRL- AttnInd- PwrInd- HotPlug+ Surprise+ Interlock- NoCompl+ IbPresDis- LLActRep+
Jul 28 03:43:53 taichi kernel: pcieport 0000:00:02.1: PME: Signaling with IRQ 31
Jul 28 03:43:53 taichi kernel: pcieport 0000:00:02.2: PME: Signaling with IRQ 32
Jul 28 03:43:53 taichi kernel: pcieport 0000:00:02.2: pciehp: Slot #0 AttnBtn- PwrCtrl- MRL- AttnInd- PwrInd- HotPlug+ Surprise+ Interlock- NoCompl+ IbPresDis- LLActRep+
Jul 28 03:43:53 taichi kernel: pcieport 0000:00:08.1: PME: Signaling with IRQ 33
Jul 28 03:43:53 taichi kernel: pcieport 0000:00:08.3: PME: Signaling with IRQ 34
Jul 28 03:43:53 taichi kernel: pcieport 0000:05:00.0: enabling device (0000 -> 0002)
Jul 28 03:43:53 taichi kernel: pcieport 0000:05:01.0: enabling device (0000 -> 0003)
Jul 28 03:43:53 taichi kernel: pcieport 0000:05:01.0: pciehp: Slot #1 AttnBtn- PwrCtrl- MRL- AttnInd- PwrInd- HotPlug+ Surprise+ Interlock- NoCompl+ IbPresDis- LLActRep+
Jul 28 03:43:53 taichi kernel: pcieport 0000:05:03.0: enabling device (0000 -> 0003)
Jul 28 03:43:53 taichi kernel: pcieport 0000:05:03.0: pciehp: Slot #3 AttnBtn- PwrCtrl- MRL- AttnInd- PwrInd- HotPlug+ Surprise+ Interlock- NoCompl+ IbPresDis- LLActRep+
Jul 28 03:43:53 taichi kernel: shpchp: Standard Hot Plug PCI Controller Driver version: 0.4
Jul 28 03:43:53 taichi kernel: input: Power Button as /devices/LNXSYSTM:00/LNXSYBUS:00/PNP0C0C:00/input/input0
Jul 28 03:43:53 taichi kernel: ACPI: button: Power Button [PWRB]
Jul 28 03:43:53 taichi kernel: input: Power Button as /devices/LNXSYSTM:00/LNXPWRBN:00/input/input1
Jul 28 03:43:53 taichi kernel: ACPI: button: Power Button [PWRF]
Jul 28 03:43:53 taichi kernel: Estimated ratio of average max frequency by base frequency (times 1024): 1181
Jul 28 03:43:53 taichi kernel: Monitor-Mwait will be used to enter C-1 state
Jul 28 03:43:53 taichi kernel: ACPI: \_SB_.PLTF.C000: Found 3 idle states
Jul 28 03:43:53 taichi kernel: ACPI: \_SB_.PLTF.C002: Found 3 idle states
Jul 28 03:43:53 taichi kernel: ACPI: \_SB_.PLTF.C004: Found 3 idle states
Jul 28 03:43:53 taichi kernel: ACPI: \_SB_.PLTF.C006: Found 3 idle states
Jul 28 03:43:53 taichi kernel: ACPI: \_SB_.PLTF.C008: Found 3 idle states
Jul 28 03:43:53 taichi kernel: ACPI: \_SB_.PLTF.C00A: Found 3 idle states
Jul 28 03:43:53 taichi kernel: ACPI: \_SB_.PLTF.C00C: Found 3 idle states
Jul 28 03:43:53 taichi kernel: ACPI: \_SB_.PLTF.C00E: Found 3 idle states
Jul 28 03:43:53 taichi kernel: ACPI: \_SB_.PLTF.C010: Found 3 idle states
Jul 28 03:43:53 taichi kernel: ACPI: \_SB_.PLTF.C012: Found 3 idle states
Jul 28 03:43:53 taichi kernel: ACPI: \_SB_.PLTF.C014: Found 3 idle states
Jul 28 03:43:53 taichi kernel: ACPI: \_SB_.PLTF.C016: Found 3 idle states
Jul 28 03:43:53 taichi kernel: ACPI: \_SB_.PLTF.C018: Found 3 idle states
Jul 28 03:43:53 taichi kernel: ACPI: \_SB_.PLTF.C01A: Found 3 idle states
Jul 28 03:43:53 taichi kernel: ACPI: \_SB_.PLTF.C01C: Found 3 idle states
Jul 28 03:43:53 taichi kernel: ACPI: \_SB_.PLTF.C01E: Found 3 idle states
Jul 28 03:43:53 taichi kernel: ACPI: \_SB_.PLTF.C001: Found 3 idle states
Jul 28 03:43:53 taichi kernel: ACPI: \_SB_.PLTF.C003: Found 3 idle states
Jul 28 03:43:53 taichi kernel: ACPI: \_SB_.PLTF.C005: Found 3 idle states
Jul 28 03:43:53 taichi kernel: ACPI: \_SB_.PLTF.C007: Found 3 idle states
Jul 28 03:43:53 taichi kernel: ACPI: \_SB_.PLTF.C009: Found 3 idle states
Jul 28 03:43:53 taichi kernel: ACPI: \_SB_.PLTF.C00B: Found 3 idle states
Jul 28 03:43:53 taichi kernel: ACPI: \_SB_.PLTF.C00D: Found 3 idle states
Jul 28 03:43:53 taichi kernel: ACPI: \_SB_.PLTF.C00F: Found 3 idle states
Jul 28 03:43:53 taichi kernel: ACPI: \_SB_.PLTF.C011: Found 3 idle states
Jul 28 03:43:53 taichi kernel: ACPI: \_SB_.PLTF.C013: Found 3 idle states
Jul 28 03:43:53 taichi kernel: ACPI: \_SB_.PLTF.C015: Found 3 idle states
Jul 28 03:43:53 taichi kernel: ACPI: \_SB_.PLTF.C017: Found 3 idle states
Jul 28 03:43:53 taichi kernel: ACPI: \_SB_.PLTF.C019: Found 3 idle states
Jul 28 03:43:53 taichi kernel: ACPI: \_SB_.PLTF.C01B: Found 3 idle states
Jul 28 03:43:53 taichi kernel: ACPI: \_SB_.PLTF.C01D: Found 3 idle states
Jul 28 03:43:53 taichi kernel: ACPI: \_SB_.PLTF.C01F: Found 3 idle states
Jul 28 03:43:53 taichi kernel: Serial: 8250/16550 driver, 32 ports, IRQ sharing enabled
Jul 28 03:43:53 taichi kernel: Non-volatile memory driver v1.3
Jul 28 03:43:53 taichi kernel: Linux agpgart interface v0.103
Jul 28 03:43:53 taichi kernel: AMD-Vi: AMD IOMMUv2 functionality not available on this system - This is not a bug.
Jul 28 03:43:53 taichi kernel: ACPI: bus type drm_connector registered
Jul 28 03:43:53 taichi kernel: ahci 0000:48:00.0: version 3.0
Jul 28 03:43:53 taichi kernel: ahci 0000:48:00.0: enabling device (0000 -> 0003)
Jul 28 03:43:53 taichi kernel: ahci 0000:48:00.0: SSS flag set, parallel bus scan disabled
Jul 28 03:43:53 taichi kernel: ahci 0000:48:00.0: AHCI 0001.0200 32 slots 2 ports 6 Gbps 0x3 impl SATA mode
Jul 28 03:43:53 taichi kernel: ahci 0000:48:00.0: flags: 64bit ncq sntf stag led clo pmp pio slum part ccc 
Jul 28 03:43:53 taichi kernel: scsi host0: ahci
Jul 28 03:43:53 taichi kernel: scsi host1: ahci
Jul 28 03:43:53 taichi kernel: ata1: SATA max UDMA/133 abar m512@0x80000000 port 0x80000100 irq 66
Jul 28 03:43:53 taichi kernel: ata2: SATA max UDMA/133 abar m512@0x80000000 port 0x80000180 irq 66
Jul 28 03:43:53 taichi kernel: ahci 0000:4b:00.0: enabling device (0000 -> 0003)
Jul 28 03:43:53 taichi kernel: ahci 0000:4b:00.0: SSS flag set, parallel bus scan disabled
Jul 28 03:43:53 taichi kernel: ahci 0000:4b:00.0: AHCI 0001.0200 32 slots 2 ports 6 Gbps 0x3 impl SATA mode
Jul 28 03:43:53 taichi kernel: ahci 0000:4b:00.0: flags: 64bit ncq sntf stag led clo pmp pio slum part ccc 
Jul 28 03:43:53 taichi kernel: scsi host2: ahci
Jul 28 03:43:53 taichi kernel: scsi host3: ahci
Jul 28 03:43:53 taichi kernel: ata3: SATA max UDMA/133 abar m512@0x80300000 port 0x80300100 irq 67
Jul 28 03:43:53 taichi kernel: ata4: SATA max UDMA/133 abar m512@0x80300000 port 0x80300180 irq 67
Jul 28 03:43:53 taichi kernel: ahci 0000:55:00.0: SSS flag set, parallel bus scan disabled
Jul 28 03:43:53 taichi kernel: ahci 0000:55:00.0: AHCI 0001.0301 32 slots 6 ports 6 Gbps 0xf impl SATA mode
Jul 28 03:43:53 taichi kernel: ahci 0000:55:00.0: flags: 64bit ncq sntf stag pm led clo only pmp pio slum part sxs deso sadm sds apst 
Jul 28 03:43:53 taichi kernel: scsi host4: ahci
Jul 28 03:43:53 taichi kernel: scsi host5: ahci
Jul 28 03:43:53 taichi kernel: scsi host6: ahci
Jul 28 03:43:53 taichi kernel: scsi host7: ahci
Jul 28 03:43:53 taichi kernel: scsi host8: ahci
Jul 28 03:43:53 taichi kernel: scsi host9: ahci
Jul 28 03:43:53 taichi kernel: ata5: SATA max UDMA/133 abar m1024@0x80580000 port 0x80580100 irq 68
Jul 28 03:43:53 taichi kernel: ata6: SATA max UDMA/133 abar m1024@0x80580000 port 0x80580180 irq 68
Jul 28 03:43:53 taichi kernel: ata7: SATA max UDMA/133 abar m1024@0x80580000 port 0x80580200 irq 68
Jul 28 03:43:53 taichi kernel: ata8: SATA max UDMA/133 abar m1024@0x80580000 port 0x80580280 irq 68
Jul 28 03:43:53 taichi kernel: ata9: DUMMY
Jul 28 03:43:53 taichi kernel: ata10: DUMMY
Jul 28 03:43:53 taichi kernel: ahci 0000:57:00.0: enabling device (0000 -> 0002)
Jul 28 03:43:53 taichi kernel: ahci 0000:57:00.0: SSS flag set, parallel bus scan disabled
Jul 28 03:43:53 taichi kernel: ahci 0000:57:00.0: AHCI 0001.0301 32 slots 6 ports 6 Gbps 0xf impl SATA mode
Jul 28 03:43:53 taichi kernel: ahci 0000:57:00.0: flags: 64bit ncq sntf stag pm led clo only pmp pio slum part sxs deso sadm sds apst 
Jul 28 03:43:53 taichi kernel: scsi host10: ahci
Jul 28 03:43:53 taichi kernel: scsi host11: ahci
Jul 28 03:43:53 taichi kernel: scsi host12: ahci
Jul 28 03:43:53 taichi kernel: scsi host13: ahci
Jul 28 03:43:53 taichi kernel: scsi host14: ahci
Jul 28 03:43:53 taichi kernel: scsi host15: ahci
Jul 28 03:43:53 taichi kernel: ata11: SATA max UDMA/133 abar m1024@0x80780000 port 0x80780100 irq 69
Jul 28 03:43:53 taichi kernel: ata12: SATA max UDMA/133 abar m1024@0x80780000 port 0x80780180 irq 69
Jul 28 03:43:53 taichi kernel: ata13: SATA max UDMA/133 abar m1024@0x80780000 port 0x80780200 irq 69
Jul 28 03:43:53 taichi kernel: ata14: SATA max UDMA/133 abar m1024@0x80780000 port 0x80780280 irq 69
Jul 28 03:43:53 taichi kernel: ata15: DUMMY
Jul 28 03:43:53 taichi kernel: ata16: DUMMY
Jul 28 03:43:53 taichi kernel: usbcore: registered new interface driver usbserial_generic
Jul 28 03:43:53 taichi kernel: usbserial: USB Serial support registered for generic
Jul 28 03:43:53 taichi kernel: rtc_cmos 00:03: RTC can wake from S4
Jul 28 03:43:53 taichi kernel: rtc_cmos 00:03: registered as rtc0
Jul 28 03:43:53 taichi kernel: rtc_cmos 00:03: setting system clock to 2023-07-28T07:43:48 UTC (1690530228)
Jul 28 03:43:53 taichi kernel: rtc_cmos 00:03: alarms up to one month, y3k, 114 bytes nvram, hpet irqs
Jul 28 03:43:53 taichi kernel: ledtrig-cpu: registered to indicate activity on CPUs
Jul 28 03:43:53 taichi kernel: efifb: probing for efifb
Jul 28 03:43:53 taichi kernel: efifb: framebuffer at 0xf800000000, using 10816k, total 10816k
Jul 28 03:43:53 taichi kernel: efifb: mode is 2560x1080x32, linelength=10240, pages=1
Jul 28 03:43:53 taichi kernel: efifb: scrolling: redraw
Jul 28 03:43:53 taichi kernel: efifb: Truecolor: size=8:8:8:8, shift=24:16:8:0
Jul 28 03:43:53 taichi kernel: Console: switching to colour frame buffer device 320x67
Jul 28 03:43:53 taichi kernel: fb0: EFI VGA frame buffer device
Jul 28 03:43:53 taichi kernel: hid: raw HID events driver (C) Jiri Kosina
Jul 28 03:43:53 taichi kernel: drop_monitor: Initializing network drop monitor service
Jul 28 03:43:53 taichi kernel: Initializing XFRM netlink socket
Jul 28 03:43:53 taichi kernel: NET: Registered PF_INET6 protocol family
Jul 28 03:43:53 taichi kernel: Segment Routing with IPv6
Jul 28 03:43:53 taichi kernel: RPL Segment Routing with IPv6
Jul 28 03:43:53 taichi kernel: In-situ OAM (IOAM) with IPv6
Jul 28 03:43:53 taichi kernel: NET: Registered PF_PACKET protocol family
Jul 28 03:43:53 taichi kernel: microcode: CPU0: patch_level=0x0a601203
Jul 28 03:43:53 taichi kernel: microcode: CPU1: patch_level=0x0a601203
Jul 28 03:43:53 taichi kernel: microcode: CPU2: patch_level=0x0a601203
Jul 28 03:43:53 taichi kernel: microcode: CPU3: patch_level=0x0a601203
Jul 28 03:43:53 taichi kernel: microcode: CPU4: patch_level=0x0a601203
Jul 28 03:43:53 taichi kernel: microcode: CPU5: patch_level=0x0a601203
Jul 28 03:43:53 taichi kernel: microcode: CPU6: patch_level=0x0a601203
Jul 28 03:43:53 taichi kernel: microcode: CPU7: patch_level=0x0a601203
Jul 28 03:43:53 taichi kernel: microcode: CPU8: patch_level=0x0a601203
Jul 28 03:43:53 taichi kernel: microcode: CPU9: patch_level=0x0a601203
Jul 28 03:43:53 taichi kernel: microcode: CPU10: patch_level=0x0a601203
Jul 28 03:43:53 taichi kernel: microcode: CPU11: patch_level=0x0a601203
Jul 28 03:43:53 taichi kernel: microcode: CPU12: patch_level=0x0a601203
Jul 28 03:43:53 taichi kernel: microcode: CPU13: patch_level=0x0a601203
Jul 28 03:43:53 taichi kernel: microcode: CPU14: patch_level=0x0a601203
Jul 28 03:43:53 taichi kernel: microcode: CPU15: patch_level=0x0a601203
Jul 28 03:43:53 taichi kernel: microcode: CPU16: patch_level=0x0a601203
Jul 28 03:43:53 taichi kernel: microcode: CPU17: patch_level=0x0a601203
Jul 28 03:43:53 taichi kernel: microcode: CPU18: patch_level=0x0a601203
Jul 28 03:43:53 taichi kernel: microcode: CPU19: patch_level=0x0a601203
Jul 28 03:43:53 taichi kernel: microcode: CPU20: patch_level=0x0a601203
Jul 28 03:43:53 taichi kernel: microcode: CPU21: patch_level=0x0a601203
Jul 28 03:43:53 taichi kernel: microcode: CPU22: patch_level=0x0a601203
Jul 28 03:43:53 taichi kernel: microcode: CPU23: patch_level=0x0a601203
Jul 28 03:43:53 taichi kernel: microcode: CPU24: patch_level=0x0a601203
Jul 28 03:43:53 taichi kernel: microcode: CPU25: patch_level=0x0a601203
Jul 28 03:43:53 taichi kernel: microcode: CPU26: patch_level=0x0a601203
Jul 28 03:43:53 taichi kernel: microcode: CPU27: patch_level=0x0a601203
Jul 28 03:43:53 taichi kernel: microcode: CPU28: patch_level=0x0a601203
Jul 28 03:43:53 taichi kernel: microcode: CPU29: patch_level=0x0a601203
Jul 28 03:43:53 taichi kernel: microcode: CPU30: patch_level=0x0a601203
Jul 28 03:43:53 taichi kernel: microcode: CPU31: patch_level=0x0a601203
Jul 28 03:43:53 taichi kernel: microcode: Microcode Update Driver: v2.2.
Jul 28 03:43:53 taichi kernel: resctrl: L3 allocation detected
Jul 28 03:43:53 taichi kernel: resctrl: MB allocation detected
